Component: ARM Compiler 5.06 update 5 (build 528) Tool: armlink [4d35e2]

==============================================================================

Section Cross References

    system_stm32f4xx.o(i.SystemCoreClockUpdate) refers to system_stm32f4xx.o(.data) for SystemCoreClock
    system_stm32f4xx.o(i.SystemInit) refers to system_stm32f4xx.o(i.SetSysClock) for SetSysClock
    startup_stm32f4xx.o(RESET) refers to startup_stm32f4xx.o(STACK) for __initial_sp
    startup_stm32f4xx.o(RESET) refers to startup_stm32f4xx.o(.text) for Reset_Handler
    startup_stm32f4xx.o(RESET) refers to stm32f4xx_it.o(i.NMI_Handler) for NMI_Handler
    startup_stm32f4xx.o(RESET) refers to stm32f4xx_it.o(i.HardFault_Handler) for HardFault_Handler
    startup_stm32f4xx.o(RESET) refers to stm32f4xx_it.o(i.MemManage_Handler) for MemManage_Handler
    startup_stm32f4xx.o(RESET) refers to stm32f4xx_it.o(i.BusFault_Handler) for BusFault_Handler
    startup_stm32f4xx.o(RESET) refers to stm32f4xx_it.o(i.UsageFault_Handler) for UsageFault_Handler
    startup_stm32f4xx.o(RESET) refers to stm32f4xx_it.o(i.DebugMon_Handler) for DebugMon_Handler
    startup_stm32f4xx.o(RESET) refers to stm32f4xx_it.o(i.SysTick_Handler) for SysTick_Handler
    startup_stm32f4xx.o(RESET) refers to main.o(i.USART2_IRQHandler) for USART2_IRQHandler
    startup_stm32f4xx.o(RESET) refers to stm32f4xx_it.o(i.EXTI15_10_IRQHandler) for EXTI15_10_IRQHandler
    startup_stm32f4xx.o(.text) refers to system_stm32f4xx.o(i.SystemInit) for SystemInit
    startup_stm32f4xx.o(.text) refers to entry.o(.ARM.Collect$$$$00000000) for __main
    main.o(i.Delay) refers to main.o(.data) for LocalTime
    main.o(i.Depacket_Data) refers to pbuf.o(i.pbuf_alloc) for pbuf_alloc
    main.o(i.Depacket_Data) refers to pbuf.o(i.pbuf_take) for pbuf_take
    main.o(i.Depacket_Data) refers to netconf.o(i.New_LwIP_Pkt_Handle) for New_LwIP_Pkt_Handle
    main.o(i.Depacket_Data) refers to main.o(.data) for Depacket_state
    main.o(i.Depacket_Data) refers to main.o(.bss) for Depacket_buff
    main.o(i.Dequeue) refers to main.o(i.EmptyQueue) for EmptyQueue
    main.o(i.Enqueue) refers to main.o(i.FullQueue) for FullQueue
    main.o(i.Task_RecvData) refers to stm32f4xx_gpio.o(i.GPIO_ResetBits) for GPIO_ResetBits
    main.o(i.Task_RecvData) refers to main.o(i.Depacket_Data) for Depacket_Data
    main.o(i.Task_RecvData) refers to main.o(i.Dequeue) for Dequeue
    main.o(i.Task_RecvData) refers to stm32f4xx_gpio.o(i.GPIO_SetBits) for GPIO_SetBits
    main.o(i.Task_RecvData) refers to main.o(.data) for Recv
    main.o(i.Time_Update) refers to main.o(.data) for LocalTime
    main.o(i.USART2_IRQHandler) refers to stm32f4xx_usart.o(i.USART_GetITStatus) for USART_GetITStatus
    main.o(i.USART2_IRQHandler) refers to stm32f4xx_usart.o(i.USART_ReceiveData) for USART_ReceiveData
    main.o(i.USART2_IRQHandler) refers to main.o(i.Enqueue) for Enqueue
    main.o(i.USART2_IRQHandler) refers to stm32f4xx_usart.o(i.USART_ClearITPendingBit) for USART_ClearITPendingBit
    main.o(i.USART2_IRQHandler) refers to stm32f4xx_usart.o(i.USART_ITConfig) for USART_ITConfig
    main.o(i.USART2_IRQHandler) refers to main.o(.data) for Recv
    main.o(i.main) refers to memseta.o(.text) for __aeabi_memclr
    main.o(i.main) refers to main.o(i.CreateQueue) for CreateQueue
    main.o(i.main) refers to misc.o(i.NVIC_PriorityGroupConfig) for NVIC_PriorityGroupConfig
    main.o(i.main) refers to stm32f4x7_eth_bsp.o(i.ETH_BSP_Config) for ETH_BSP_Config
    main.o(i.main) refers to netconf.o(i.LwIP_Init) for LwIP_Init
    main.o(i.main) refers to led.o(i.LED_GPIO_Config) for LED_GPIO_Config
    main.o(i.main) refers to stm32f4xx_usart.o(i.USART2_Init) for USART2_Init
    main.o(i.main) refers to stm32f4xx_usart.o(i.USART1_Init) for USART1_Init
    main.o(i.main) refers to stm32f4xx_gpio.o(i.GPIO_ResetBits) for GPIO_ResetBits
    main.o(i.main) refers to udp_echoserver.o(i.udp_echoserver_init) for udp_echoserver_init
    main.o(i.main) refers to stm32f4x7_eth.o(i.ETH_CheckFrameReceived) for ETH_CheckFrameReceived
    main.o(i.main) refers to netconf.o(i.LwIP_Pkt_Handle) for LwIP_Pkt_Handle
    main.o(i.main) refers to main.o(i.Task_RecvData) for Task_RecvData
    main.o(i.main) refers to main.o(.bss) for Packet_buff
    main.o(i.main) refers to main.o(.data) for Recv
    main.o(.data) refers to main.o(.bss) for Transmit_buffer
    netconf.o(i.LwIP_Init) refers to mem.o(i.mem_init) for mem_init
    netconf.o(i.LwIP_Init) refers to memp.o(i.memp_init) for memp_init
    netconf.o(i.LwIP_Init) refers to netif.o(i.netif_add) for netif_add
    netconf.o(i.LwIP_Init) refers to netif.o(i.netif_set_default) for netif_set_default
    netconf.o(i.LwIP_Init) refers to netif.o(i.netif_set_up) for netif_set_up
    netconf.o(i.LwIP_Init) refers to netif.o(i.netif_set_down) for netif_set_down
[...]
    i.lwip_htonl                             0x08003d98   Section        0  def.o(i.lwip_htonl)
    i.lwip_htons                             0x08003db2   Section        0  def.o(i.lwip_htons)
    i.lwip_ntohl                             0x08003dbe   Section        0  def.o(i.lwip_ntohl)
    i.lwip_ntohs                             0x08003dca   Section        0  def.o(i.lwip_ntohs)
    i.lwip_standard_chksum                   0x08003dd6   Section        0  inet_chksum.o(i.lwip_standard_chksum)
    lwip_standard_chksum                     0x08003dd7   Thumb Code    94  inet_chksum.o(i.lwip_standard_chksum)
    i.main                                   0x08003e34   Section        0  main.o(i.main)
    i.mem_free                               0x08003eb0   Section        0  mem.o(i.mem_free)
    i.mem_init                               0x08003f00   Section        0  mem.o(i.mem_init)
    i.mem_malloc                             0x08003f5c   Section        0  mem.o(i.mem_malloc)
    i.mem_trim                               0x08004048   Section        0  mem.o(i.mem_trim)
    i.memp_free                              0x08004174   Section        0  memp.o(i.memp_free)
    i.memp_init                              0x08004194   Section        0  memp.o(i.memp_init)
    i.memp_malloc                            0x080041f8   Section        0  memp.o(i.memp_malloc)
    i.netif_add                              0x08004224   Section        0  netif.o(i.netif_add)
    i.netif_set_addr                         0x08004294   Section        0  netif.o(i.netif_set_addr)
    i.netif_set_default                      0x080042bc   Section        0  netif.o(i.netif_set_default)
    i.netif_set_down                         0x080042c8   Section        0  netif.o(i.netif_set_down)
    i.netif_set_gw                           0x080042f2   Section        0  netif.o(i.netif_set_gw)
    i.netif_set_ipaddr                       0x08004300   Section        0  netif.o(i.netif_set_ipaddr)
    i.netif_set_link_callback                0x08004378   Section        0  netif.o(i.netif_set_link_callback)
    i.netif_set_link_down                    0x0800437e   Section        0  netif.o(i.netif_set_link_down)
    i.netif_set_link_up                      0x080043a8   Section        0  netif.o(i.netif_set_link_up)
    i.netif_set_netmask                      0x080043f8   Section        0  netif.o(i.netif_set_netmask)
    i.netif_set_up                           0x08004404   Section        0  netif.o(i.netif_set_up)
    i.pbuf_alloc                             0x0800443a   Section        0  pbuf.o(i.pbuf_alloc)
    i.pbuf_alloced_custom                    0x080045cc   Section        0  pbuf.o(i.pbuf_alloced_custom)
    i.pbuf_cat                               0x08004638   Section        0  pbuf.o(i.pbuf_cat)
    i.pbuf_chain                             0x08004670   Section        0  pbuf.o(i.pbuf_chain)
    i.pbuf_clen                              0x08004686   Section        0  pbuf.o(i.pbuf_clen)
    i.pbuf_copy                              0x08004698   Section        0  pbuf.o(i.pbuf_copy)
    i.pbuf_free                              0x08004758   Section        0  pbuf.o(i.pbuf_free)
    i.pbuf_header                            0x080047de   Section        0  pbuf.o(i.pbuf_header)
    i.pbuf_realloc                           0x0800485c   Section        0  pbuf.o(i.pbuf_realloc)
    i.pbuf_ref                               0x080048d4   Section        0  pbuf.o(i.pbuf_ref)
    i.pbuf_take                              0x080048de   Section        0  pbuf.o(i.pbuf_take)
    i.plug_holes                             0x08004954   Section        0  mem.o(i.plug_holes)
    plug_holes                               0x08004955   Thumb Code   124  mem.o(i.plug_holes)
    i.raw_input                              0x080049dc   Section        0  raw.o(i.raw_input)
    i.tcp_abandon                            0x08004a50   Section        0  tcp.o(i.tcp_abandon)
    i.tcp_abort                              0x08004ae4   Section        0  tcp.o(i.tcp_abort)
    i.tcp_alloc                              0x08004af4   Section        0  tcp.o(i.tcp_alloc)
    i.tcp_close                              0x08004bb0   Section        0  tcp.o(i.tcp_close)
    i.tcp_close_shutdown                     0x08004bcc   Section        0  tcp.o(i.tcp_close_shutdown)
    tcp_close_shutdown                       0x08004bcd   Thumb Code   432  tcp.o(i.tcp_close_shutdown)
    i.tcp_create_segment                     0x08004d94   Section        0  tcp_out.o(i.tcp_create_segment)
    tcp_create_segment                       0x08004d95   Thumb Code   172  tcp_out.o(i.tcp_create_segment)
    i.tcp_eff_send_mss                       0x08004e40   Section        0  tcp.o(i.tcp_eff_send_mss)
    i.tcp_enqueue_flags                      0x08004e6e   Section        0  tcp_out.o(i.tcp_enqueue_flags)
    i.tcp_input                              0x08004f80   Section        0  tcp_in.o(i.tcp_input)
    i.tcp_kill_prio                          0x080053fc   Section        0  tcp.o(i.tcp_kill_prio)
    tcp_kill_prio                            0x080053fd   Thumb Code    76  tcp.o(i.tcp_kill_prio)
    i.tcp_kill_timewait                      0x08005450   Section        0  tcp.o(i.tcp_kill_timewait)
    tcp_kill_timewait                        0x08005451   Thumb Code    50  tcp.o(i.tcp_kill_timewait)
    i.tcp_listen_input                       0x0800548c   Section        0  tcp_in.o(i.tcp_listen_input)
    tcp_listen_input                         0x0800548d   Thumb Code   268  tcp_in.o(i.tcp_listen_input)
    i.tcp_next_iss                           0x080055bc   Section        0  tcp.o(i.tcp_next_iss)
    i.tcp_output                             0x080055d8   Section        0  tcp_out.o(i.tcp_output)
    i.tcp_output_alloc_header                0x08005798   Section        0  tcp_out.o(i.tcp_output_alloc_header)
    tcp_output_alloc_header                  0x08005799   Thumb Code   120  tcp_out.o(i.tcp_output_alloc_header)
    i.tcp_output_segment                     0x08005810   Section        0  tcp_out.o(i.tcp_output_segment)
    tcp_output_segment                       0x08005811   Thumb Code   202  tcp_out.o(i.tcp_output_segment)
    i.tcp_parseopt                           0x080058e0   Section        0  tcp_in.o(i.tcp_parseopt)
    tcp_parseopt                             0x080058e1   Thumb Code   178  tcp_in.o(i.tcp_parseopt)
    i.tcp_pcb_purge                          0x08005998   Section        0  tcp.o(i.tcp_pcb_purge)
    i.tcp_pcb_remove                         0x080059d8   Section        0  tcp.o(i.tcp_pcb_remove)
    i.tcp_process                            0x08005a68   Section        0  tcp_in.o(i.tcp_process)
    tcp_process                              0x08005a69   Thumb Code  1392  tcp_in.o(i.tcp_process)
    i.tcp_process_refused_data               0x08005ff4   Section        0  tcp.o(i.tcp_process_refused_data)
    i.tcp_receive                            0x08006080   Section        0  tcp_in.o(i.tcp_receive)
    tcp_receive                              0x08006081   Thumb Code  1576  tcp_in.o(i.tcp_receive)
    i.tcp_recv_null                          0x080066bc   Section        0  tcp.o(i.tcp_recv_null)
    i.tcp_recved                             0x080066ea   Section        0  tcp.o(i.tcp_recved)
    i.tcp_rexmit                             0x08006730   Section        0  tcp_out.o(i.tcp_rexmit)
    i.tcp_rexmit_fast                        0x0800678a   Section        0  tcp_out.o(i.tcp_rexmit_fast)
    i.tcp_rst                                0x080067fa   Section        0  tcp_out.o(i.tcp_rst)
    i.tcp_seg_free                           0x08006876   Section        0  tcp.o(i.tcp_seg_free)
    i.tcp_segs_free                          0x08006890   Section        0  tcp.o(i.tcp_segs_free)
    i.tcp_send_empty_ack                     0x080068a8   Section        0  tcp_out.o(i.tcp_send_empty_ack)
    i.tcp_send_fin                           0x080068f6   Section        0  tcp_out.o(i.tcp_send_fin)
    i.tcp_timer_needed                       0x08006940   Section        0  timers.o(i.tcp_timer_needed)
    i.tcp_timewait_input                     0x08006944   Section        0  tcp_in.o(i.tcp_timewait_input)
    tcp_timewait_input                       0x08006945   Thumb Code   140  tcp_in.o(i.tcp_timewait_input)
    i.tcp_update_rcv_ann_wnd                 0x080069f0   Section        0  tcp.o(i.tcp_update_rcv_ann_wnd)
    i.udp_bind                               0x08006a40   Section        0  udp.o(i.udp_bind)
    i.udp_connect                            0x08006ac0   Section        0  udp.o(i.udp_connect)
    i.udp_disconnect                         0x08006b24   Section        0  udp.o(i.udp_disconnect)
    i.udp_echoclient_connect                 0x08006b34   Section        0  udp_echoclient.o(i.udp_echoclient_connect)
    i.udp_echoserver_init                    0x08006c60   Section        0  udp_echoserver.o(i.udp_echoserver_init)
    i.udp_echoserver_receive_callback        0x08006ccc   Section        0  udp_echoserver.o(i.udp_echoserver_receive_callback)
    i.udp_input                              0x08006d10   Section        0  udp.o(i.udp_input)
    i.udp_new                                0x08006ee0   Section        0  udp.o(i.udp_new)
    i.udp_new_port                           0x08006efc   Section        0  udp.o(i.udp_new_port)
    udp_new_port                             0x08006efd   Thumb Code    80  udp.o(i.udp_new_port)
    i.udp_receive_callback                   0x08006f54   Section        0  udp_echoclient.o(i.udp_receive_callback)
    i.udp_recv                               0x08006fa0   Section        0  udp.o(i.udp_recv)
    i.udp_remove                             0x08006fa8   Section        0  udp.o(i.udp_remove)
    i.udp_send                               0x08006fe8   Section        0  udp.o(i.udp_send)
    i.udp_sendto                             0x08006ffc   Section        0  udp.o(i.udp_sendto)
    i.udp_sendto_if                          0x0800702a   Section        0  udp.o(i.udp_sendto_if)
    .constdata                               0x080070f8   Section       36  memp.o(.constdata)
    memp_sizes                               0x080070f8   Data          18  memp.o(.constdata)
    memp_num                                 0x0800710a   Data          18  memp.o(.constdata)
    .constdata                               0x0800711c   Section        8  ip_addr.o(.constdata)
    .constdata                               0x08007124   Section       12  etharp.o(.constdata)
    .data                                    0x20000000   Section       68  main.o(.data)
    counter                                  0x20000040   Data           4  main.o(.data)
    .data                                    0x20000044   Section        5  stm32f4x7_eth_bsp.o(.data)
    .data                                    0x2000004c   Section        4  udp_echoclient.o(.data)
    .data                                    0x20000050   Section        4  dhcp.o(.data)
    xid                                      0x20000050   Data           4  dhcp.o(.data)
    .data                                    0x20000054   Section        8  udp.o(.data)
    udp_port                                 0x20000054   Data           2  udp.o(.data)
    .data                                    0x2000005c   Section       12  mem.o(.data)
    ram                                      0x2000005c   Data           4  mem.o(.data)
    ram_end                                  0x20000060   Data           4  mem.o(.data)
    lfree                                    0x20000064   Data           4  mem.o(.data)
    .data                                    0x20000068   Section        9  netif.o(.data)
    netif_num                                0x20000070   Data           1  netif.o(.data)
    .data                                    0x20000074   Section        4  raw.o(.data)
    raw_pcbs                                 0x20000074   Data           4  raw.o(.data)
    .data                                    0x20000078   Section       36  tcp.o(.data)
    tcp_port                                 0x20000078   Data           2  tcp.o(.data)
    tcp_timer                                0x20000095   Data           1  tcp.o(.data)
    tcp_timer_ctr                            0x20000096   Data           1  tcp.o(.data)
    iss                                      0x20000098   Data           4  tcp.o(.data)
    .data                                    0x2000009c   Section       32  tcp_in.o(.data)
    tcphdr                                   0x2000009c   Data           4  tcp_in.o(.data)
    iphdr                                    0x200000a0   Data           4  tcp_in.o(.data)
    seqno                                    0x200000a4   Data           4  tcp_in.o(.data)
    ackno                                    0x200000a8   Data           4  tcp_in.o(.data)
    flags                                    0x200000ac   Data           1  tcp_in.o(.data)
    tcplen                                   0x200000ae   Data           2  tcp_in.o(.data)
    recv_flags                               0x200000b0   Data           1  tcp_in.o(.data)
    recv_data                                0x200000b4   Data           4  tcp_in.o(.data)
    .data                                    0x200000bc   Section       18  ip.o(.data)
    ip_id                                    0x200000cc   Data           2  ip.o(.data)
    .data                                    0x200000d0   Section        6  ip_frag.o(.data)
    reassdatagrams                           0x200000d0   Data           4  ip_frag.o(.data)
    ip_reass_pbufcount                       0x200000d4   Data           2  ip_frag.o(.data)
    .data                                    0x200000d6   Section        1  etharp.o(.data)
    etharp_cached_entry                      0x200000d6   Data           1  etharp.o(.data)
    .data                                    0x200000d7   Section       16  stm32f4xx_rcc.o(.data)
    APBAHBPrescTable                         0x200000d7   Data          16  stm32f4xx_rcc.o(.data)
    .data                                    0x200000e8   Section       16  stm32f4x7_eth.o(.data)
    .data                                    0x200000f8   Section        4  stdout.o(.data)
    .bss                                     0x200000fc   Section    18612  main.o(.bss)
    .bss                                     0x200049b0   Section       56  netconf.o(.bss)
    .bss                                     0x200049e8   Section      188  stm32f4x7_eth_bsp.o(.bss)
    .bss                                     0x20004aa4   Section      100  udp_echoclient.o(.bss)
    .bss                                     0x20004b08   Section    10260  mem.o(.bss)
    .bss                                     0x2000731c   Section    14623  memp.o(.bss)
    memp_tab                                 0x2000731c   Data          36  memp.o(.bss)
    memp_memory                              0x20007340   Data       14587  memp.o(.bss)
    .bss                                     0x2000ac3c   Section       16  tcp_in.o(.bss)
    inseg                                    0x2000ac3c   Data          16  tcp_in.o(.bss)
    .bss                                     0x2000ac4c   Section      248  etharp.o(.bss)
    arp_table                                0x2000ac4c   Data         200  etharp.o(.bss)
    .bss                                     0x2000ad44   Section    12460  stm32f4x7_eth.o(.bss)
    STACK                                    0x2000ddf0   Section     1024  startup_stm32f4xx.o(STACK)

    Global Symbols

    Symbol Name                              Value     Ov Type        Size  Object(Section)

    BuildAttributes$$THM_ISAv4$E$P$D$K$B$S$7EM$VFPi3$EXTD16$VFPS$VFMA$PE$A:L22UL41UL21$X:L11$S22US41US21$IEEE1$IW$USESV6$~STKCKD$USESV7$~SHL$OSPACE$ROPI$EBA8$MICROLIB$REQ8$PRES8$EABIv2 0x00000000   Number         0  anon$$obj.o ABSOLUTE
    __ARM_use_no_argv                        0x00000000   Number         0  main.o ABSOLUTE
    _printf_a                                0x00000000   Number         0  stubs.o ABSOLUTE
    _printf_c                                0x00000000   Number         0  stubs.o ABSOLUTE
    _printf_charcount                        0x00000000   Number         0  stubs.o ABSOLUTE
    _printf_d                                0x00000000   Number         0  stubs.o ABSOLUTE
    _printf_e                                0x00000000   Number         0  stubs.o ABSOLUTE
    _printf_f                                0x00000000   Number         0  stubs.o ABSOLUTE
    _printf_flags                            0x00000000   Number         0  stubs.o ABSOLUTE
    _printf_fp_dec                           0x00000000   Number         0  stubs.o ABSOLUTE
    _printf_fp_hex                           0x00000000   Number         0  stubs.o ABSOLUTE
    _printf_g                                0x00000000   Number         0  stubs.o ABSOLUTE
    _printf_i                                0x00000000   Number         0  stubs.o ABSOLUTE
    _printf_int_dec                          0x00000000   Number         0  stubs.o ABSOLUTE
    _printf_l                                0x00000000   Number         0  stubs.o ABSOLUTE
    _printf_lc                               0x00000000   Number         0  stubs.o ABSOLUTE
    _printf_ll                               0x00000000   Number         0  stubs.o ABSOLUTE
    _printf_lld                              0x00000000   Number         0  stubs.o ABSOLUTE
    _printf_lli                              0x00000000   Number         0  stubs.o ABSOLUTE
    _printf_llo                              0x00000000   Number         0  stubs.o ABSOLUTE
    _printf_llu                              0x00000000   Number         0  stubs.o ABSOLUTE
    _printf_llx                              0x00000000   Number         0  stubs.o ABSOLUTE
    _printf_longlong_dec                     0x00000000   Number         0  stubs.o ABSOLUTE
    _printf_longlong_hex                     0x00000000   Number         0  stubs.o ABSOLUTE
    _printf_longlong_oct                     0x00000000   Number         0  stubs.o ABSOLUTE
    _printf_ls                               0x00000000   Number         0  stubs.o ABSOLUTE
    _printf_mbtowc                           0x00000000   Number         0  stubs.o ABSOLUTE
    _printf_n                                0x00000000   Number         0  stubs.o ABSOLUTE
    _printf_o                                0x00000000   Number         0  stubs.o ABSOLUTE
    _printf_p                                0x00000000   Number         0  stubs.o ABSOLUTE
    _printf_percent                          0x00000000   Number         0  stubs.o ABSOLUTE
    _printf_pre_padding                      0x00000000   Number         0  stubs.o ABSOLUTE
    _printf_return_value                     0x00000000   Number         0  stubs.o ABSOLUTE
    _printf_s                                0x00000000   Number         0  stubs.o ABSOLUTE
    _printf_sizespec                         0x00000000   Number         0  stubs.o ABSOLUTE
    _printf_str                              0x00000000   Number         0  stubs.o ABSOLUTE
    _printf_truncate_signed                  0x00000000   Number         0  stubs.o ABSOLUTE
    _printf_truncate_unsigned                0x00000000   Number         0  stubs.o ABSOLUTE
    _printf_u                                0x00000000   Number         0  stubs.o ABSOLUTE
    _printf_wc                               0x00000000   Number         0  stubs.o ABSOLUTE
    _printf_wctomb                           0x00000000   Number         0  stubs.o ABSOLUTE
    _printf_widthprec                        0x00000000   Number         0  stubs.o ABSOLUTE
    _printf_x                                0x00000000   Number         0  stubs.o ABSOLUTE
    __cpp_initialize__aeabi_                  - Undefined Weak Reference
    __cxa_finalize                            - Undefined Weak Reference
    __decompress                              - Undefined Weak Reference
    _clock_init                               - Undefined Weak Reference
    _microlib_exit                            - Undefined Weak Reference
    __Vectors_Size                           0x00000188   Number         0  startup_stm32f4xx.o ABSOLUTE
    __Vectors                                0x08000000   Data           4  startup_stm32f4xx.o(RESET)
    __Vectors_End                            0x08000188   Data           0  startup_stm32f4xx.o(RESET)
    __main                                   0x08000189   Thumb Code     0  entry.o(.ARM.Collect$$$$00000000)
    _main_stk                                0x08000189   Thumb Code     0  entry2.o(.ARM.Collect$$$$00000001)
    _main_scatterload                        0x0800018d   Thumb Code     0  entry5.o(.ARM.Collect$$$$00000004)
    __main_after_scatterload                 0x08000191   Thumb Code     0  entry5.o(.ARM.Collect$$$$00000004)
    _main_clock                              0x08000191   Thumb Code     0  entry7b.o(.ARM.Collect$$$$00000008)
    _main_cpp_init                           0x08000191   Thumb Code     0  entry8b.o(.ARM.Collect$$$$0000000A)
    _main_init                               0x08000191   Thumb Code     0  entry9a.o(.ARM.Collect$$$$0000000B)
    __rt_final_cpp                           0x08000199   Thumb Code     0  entry10a.o(.ARM.Collect$$$$0000000D)
    __rt_final_exit                          0x08000199   Thumb Code     0  entry11a.o(.ARM.Collect$$$$0000000F)
    Reset_Handler                            0x0800019d   Thumb Code     8  startup_stm32f4xx.o(.text)
    SVC_Handler                              0x080001af   Thumb Code     2  startup_stm32f4xx.o(.text)
    PendSV_Handler                           0x080001b3   Thumb Code     2  startup_stm32f4xx.o(.text)
    ADC_IRQHandler                           0x080001b7   Thumb Code     0  startup_stm32f4xx.o(.text)
    CAN1_RX0_IRQHandler                      0x080001b7   Thumb Code     0  startup_stm32f4xx.o(.text)
    CAN1_RX1_IRQHandler                      0x080001b7   Thumb Code     0  startup_stm32f4xx.o(.text)
    CAN1_SCE_IRQHandler                      0x080001b7   Thumb Code     0  startup_stm32f4xx.o(.text)
    CAN1_TX_IRQHandler                       0x080001b7   Thumb Code     0  startup_stm32f4xx.o(.text)
    CAN2_RX0_IRQHandler                      0x080001b7   Thumb Code     0  startup_stm32f4xx.o(.text)
    CAN2_RX1_IRQHandler                      0x080001b7   Thumb Code     0  startup_stm32f4xx.o(.text)
    CAN2_SCE_IRQHandler                      0x080001b7   Thumb Code     0  startup_stm32f4xx.o(.text)
    CAN2_TX_IRQHandler                       0x080001b7   Thumb Code     0  startup_stm32f4xx.o(.text)
    CRYP_IRQHandler                          0x080001b7   Thumb Code     0  startup_stm32f4xx.o(.text)
    DCMI_IRQHandler                          0x080001b7   Thumb Code     0  startup_stm32f4xx.o(.text)
    DMA1_Stream0_IRQHandler                  0x080001b7   Thumb Code     0  startup_stm32f4xx.o(.text)
    DMA1_Stream1_IRQHandler                  0x080001b7   Thumb Code     0  startup_stm32f4xx.o(.text)
    DMA1_Stream2_IRQHandler                  0x080001b7   Thumb Code     0  startup_stm32f4xx.o(.text)
    DMA1_Stream3_IRQHandler                  0x080001b7   Thumb Code     0  startup_stm32f4xx.o(.text)
    DMA1_Stream4_IRQHandler                  0x080001b7   Thumb Code     0  startup_stm32f4xx.o(.text)
    DMA1_Stream5_IRQHandler                  0x080001b7   Thumb Code     0  startup_stm32f4xx.o(.text)
    DMA1_Stream6_IRQHandler                  0x080001b7   Thumb Code     0  startup_stm32f4xx.o(.text)
    DMA1_Stream7_IRQHandler                  0x080001b7   Thumb Code     0  startup_stm32f4xx.o(.text)
    DMA2_Stream0_IRQHandler                  0x080001b7   Thumb Code     0  startup_stm32f4xx.o(.text)
    DMA2_Stream1_IRQHandler                  0x080001b7   Thumb Code     0  startup_stm32f4xx.o(.text)
    DMA2_Stream2_IRQHandler                  0x080001b7   Thumb Code     0  startup_stm32f4xx.o(.text)
    DMA2_Stream3_IRQHandler                  0x080001b7   Thumb Code     0  startup_stm32f4xx.o(.text)
    DMA2_Stream4_IRQHandler                  0x080001b7   Thumb Code     0  startup_stm32f4xx.o(.text)
    DMA2_Stream5_IRQHandler                  0x080001b7   Thumb Code     0  startup_stm32f4xx.o(.text)
    DMA2_Stream6_IRQHandler                  0x080001b7   Thumb Code     0  startup_stm32f4xx.o(.text)
    DMA2_Stream7_IRQHandler                  0x080001b7   Thumb Code     0  startup_stm32f4xx.o(.text)
    ETH_IRQHandler                           0x080001b7   Thumb Code     0  startup_stm32f4xx.o(.text)
    ETH_WKUP_IRQHandler                      0x080001b7   Thumb Code     0  startup_stm32f4xx.o(.text)
    EXTI0_IRQHandler                         0x080001b7   Thumb Code     0  startup_stm32f4xx.o(.text)
    EXTI1_IRQHandler                         0x080001b7   Thumb Code     0  startup_stm32f4xx.o(.text)
    EXTI2_IRQHandler                         0x080001b7   Thumb Code     0  startup_stm32f4xx.o(.text)
    EXTI3_IRQHandler                         0x080001b7   Thumb Code     0  startup_stm32f4xx.o(.text)
    EXTI4_IRQHandler                         0x080001b7   Thumb Code     0  startup_stm32f4xx.o(.text)
    EXTI9_5_IRQHandler                       0x080001b7   Thumb Code     0  startup_stm32f4xx.o(.text)
    FLASH_IRQHandler                         0x080001b7   Thumb Code     0  startup_stm32f4xx.o(.text)
    FPU_IRQHandler                           0x080001b7   Thumb Code     0  startup_stm32f4xx.o(.text)
    FSMC_IRQHandler                          0x080001b7   Thumb Code     0  startup_stm32f4xx.o(.text)
    HASH_RNG_IRQHandler                      0x080001b7   Thumb Code     0  startup_stm32f4xx.o(.text)
    I2C1_ER_IRQHandler                       0x080001b7   Thumb Code     0  startup_stm32f4xx.o(.text)
    I2C1_EV_IRQHandler                       0x080001b7   Thumb Code     0  startup_stm32f4xx.o(.text)
    I2C2_ER_IRQHandler                       0x080001b7   Thumb Code     0  startup_stm32f4xx.o(.text)
    I2C2_EV_IRQHandler                       0x080001b7   Thumb Code     0  startup_stm32f4xx.o(.text)
    I2C3_ER_IRQHandler                       0x080001b7   Thumb Code     0  startup_stm32f4xx.o(.text)
    I2C3_EV_IRQHandler                       0x080001b7   Thumb Code     0  startup_stm32f4xx.o(.text)
    OTG_FS_IRQHandler                        0x080001b7   Thumb Code     0  startup_stm32f4xx.o(.text)
    OTG_FS_WKUP_IRQHandler                   0x080001b7   Thumb Code     0  startup_stm32f4xx.o(.text)
    OTG_HS_EP1_IN_IRQHandler                 0x080001b7   Thumb Code     0  startup_stm32f4xx.o(.text)
    OTG_HS_EP1_OUT_IRQHandler                0x080001b7   Thumb Code     0  startup_stm32f4xx.o(.text)
    OTG_HS_IRQHandler                        0x080001b7   Thumb Code     0  startup_stm32f4xx.o(.text)
    OTG_HS_WKUP_IRQHandler                   0x080001b7   Thumb Code     0  startup_stm32f4xx.o(.text)
    PVD_IRQHandler                           0x080001b7   Thumb Code     0  startup_stm32f4xx.o(.text)
    RCC_IRQHandler                           0x080001b7   Thumb Code     0  startup_stm32f4xx.o(.text)
    RTC_Alarm_IRQHandler                     0x080001b7   Thumb Code     0  startup_stm32f4xx.o(.text)
    RTC_WKUP_IRQHandler                      0x080001b7   Thumb Code     0  startup_stm32f4xx.o(.text)
    SDIO_IRQHandler                          0x080001b7   Thumb Code     0  startup_stm32f4xx.o(.text)
    SPI1_IRQHandler                          0x080001b7   Thumb Code     0  startup_stm32f4xx.o(.text)
    SPI2_IRQHandler                          0x080001b7   Thumb Code     0  startup_stm32f4xx.o(.text)
    SPI3_IRQHandler                          0x080001b7   Thumb Code     0  startup_stm32f4xx.o(.text)
    TAMP_STAMP_IRQHandler                    0x080001b7   Thumb Code     0  startup_stm32f4xx.o(.text)
    TIM1_BRK_TIM9_IRQHandler                 0x080001b7   Thumb Code     0  startup_stm32f4xx.o(.text)
    TIM1_CC_IRQHandler                       0x080001b7   Thumb Code     0  startup_stm32f4xx.o(.text)
    TIM1_TRG_COM_TIM11_IRQHandler            0x080001b7   Thumb Code     0  startup_stm32f4xx.o(.text)
    TIM1_UP_TIM10_IRQHandler                 0x080001b7   Thumb Code     0  startup_stm32f4xx.o(.text)
    TIM2_IRQHandler                          0x080001b7   Thumb Code     0  startup_stm32f4xx.o(.text)
    TIM3_IRQHandler                          0x080001b7   Thumb Code     0  startup_stm32f4xx.o(.text)
    TIM4_IRQHandler                          0x080001b7   Thumb Code     0  startup_stm32f4xx.o(.text)
    TIM5_IRQHandler                          0x080001b7   Thumb Code     0  startup_stm32f4xx.o(.text)
    TIM6_DAC_IRQHandler                      0x080001b7   Thumb Code     0  startup_stm32f4xx.o(.text)
    TIM7_IRQHandler                          0x080001b7   Thumb Code     0  startup_stm32f4xx.o(.text)
    TIM8_BRK_TIM12_IRQHandler                0x080001b7   Thumb Code     0  startup_stm32f4xx.o(.text)
    TIM8_CC_IRQHandler                       0x080001b7   Thumb Code     0  startup_stm32f4xx.o(.text)
    TIM8_TRG_COM_TIM14_IRQHandler            0x080001b7   Thumb Code     0  startup_stm32f4xx.o(.text)
    TIM8_UP_TIM13_IRQHandler                 0x080001b7   Thumb Code     0  startup_stm32f4xx.o(.text)
    UART4_IRQHandler                         0x080001b7   Thumb Code     0  startup_stm32f4xx.o(.text)
    UART5_IRQHandler                         0x080001b7   Thumb Code     0  startup_stm32f4xx.o(.text)
    USART1_IRQHandler                        0x080001b7   Thumb Code     0  startup_stm32f4xx.o(.text)
    USART3_IRQHandler                        0x080001b7   Thumb Code     0  startup_stm32f4xx.o(.text)
    USART6_IRQHandler                        0x080001b7   Thumb Code     0  startup_stm32f4xx.o(.text)
    WWDG_IRQHandler                          0x080001b7   Thumb Code     0  startup_stm32f4xx.o(.text)
    __aeabi_memcpy                           0x080001c1   Thumb Code    36  memcpya.o(.text)
    __aeabi_memcpy4                          0x080001c1   Thumb Code     0  memcpya.o(.text)
    __aeabi_memcpy8                          0x080001c1   Thumb Code     0  memcpya.o(.text)
    __aeabi_memset                           0x080001e5   Thumb Code    14  memseta.o(.text)
    __aeabi_memset4                          0x080001e5   Thumb Code     0  memseta.o(.text)
    __aeabi_memset8                          0x080001e5   Thumb Code     0  memseta.o(.text)
    __aeabi_memclr                           0x080001f3   Thumb Code     4  memseta.o(.text)
    __aeabi_memclr4                          0x080001f3   Thumb Code     0  memseta.o(.text)
    __aeabi_memclr8                          0x080001f3   Thumb Code     0  memseta.o(.text)
    _memset$wrapper                          0x080001f7   Thumb Code    18  memseta.o(.text)
    strlen                                   0x08000209   Thumb Code    14  strlen.o(.text)
    memcmp                                   0x08000217   Thumb Code    26  memcmp.o(.text)
    __aeabi_uidiv                            0x08000231   Thumb Code     0  uidiv.o(.text)
    __aeabi_uidivmod                         0x08000231   Thumb Code    44  uidiv.o(.text)
    __scatterload                            0x0800025d   Thumb Code    28  init.o(.text)
    __scatterload_rt2                        0x0800025d   Thumb Code     0  init.o(.text)
    BusFault_Handler                         0x08000281   Thumb Code     4  stm32f4xx_it.o(i.BusFault_Handler)
    __I$use$semihosting$fputc                0x08000281   Thumb Code     0  iusesemip.o(.text)
    __semihosting_library_function           0x08000281   Thumb Code     0  semi.o(.text)
    CreateQueue                              0x08000285   Thumb Code    18  main.o(i.CreateQueue)
    DMA_Cmd                                  0x08000297   Thumb Code    22  stm32f4xx_dma.o(i.DMA_Cmd)
    DMA_DeInit                               0x080002ad   Thumb Code   324  stm32f4xx_dma.o(i.DMA_DeInit)
    DMA_GetCmdStatus                         0x08000405   Thumb Code    20  stm32f4xx_dma.o(i.DMA_GetCmdStatus)
    DMA_Init                                 0x08000419   Thumb Code    82  stm32f4xx_dma.o(i.DMA_Init)
    DMA_SetCurrDataCounter                   0x08000471   Thumb Code     4  stm32f4xx_dma.o(i.DMA_SetCurrDataCounter)
    DebugMon_Handler                         0x08000475   Thumb Code     2  stm32f4xx_it.o(i.DebugMon_Handler)
    Delay                                    0x08000479   Thumb Code    26  main.o(i.Delay)
    Depacket_Data                            0x0800049d   Thumb Code   242  main.o(i.Depacket_Data)
    Dequeue                                  0x080005a1   Thumb Code    62  main.o(i.Dequeue)
    ETH_BSP_Config                           0x080005e1   Thumb Code   120  stm32f4x7_eth_bsp.o(i.ETH_BSP_Config)
    ETH_CheckFrameReceived                   0x0800065d   Thumb Code   210  stm32f4x7_eth.o(i.ETH_CheckFrameReceived)
    ETH_DMAReceptionCmd                      0x08000739   Thumb Code    30  stm32f4x7_eth.o(i.ETH_DMAReceptionCmd)
    ETH_DMARxDescChainInit                   0x0800075d   Thumb Code    82  stm32f4x7_eth.o(i.ETH_DMARxDescChainInit)
    ETH_DMATransmissionCmd                   0x080007c1   Thumb Code    30  stm32f4x7_eth.o(i.ETH_DMATransmissionCmd)
    ETH_DMATxDescChainInit                   0x080007e5   Thumb Code    70  stm32f4x7_eth.o(i.ETH_DMATxDescChainInit)
    ETH_DMATxDescChecksumInsertionConfig     0x08000835   Thumb Code     8  stm32f4x7_eth.o(i.ETH_DMATxDescChecksumInsertionConfig)
    ETH_DeInit                               0x0800083d   Thumb Code    22  stm32f4x7_eth.o(i.ETH_DeInit)
    ETH_FlushTransmitFIFO                    0x08000855   Thumb Code    38  stm32f4x7_eth.o(i.ETH_FlushTransmitFIFO)
    ETH_GetSoftwareResetStatus               0x0800093d   Thumb Code    20  stm32f4x7_eth.o(i.ETH_GetSoftwareResetStatus)
    ETH_Get_Received_Frame                   0x08000955   Thumb Code    64  stm32f4x7_eth.o(i.ETH_Get_Received_Frame)
    ETH_Init                                 0x0800099d   Thumb Code   748  stm32f4x7_eth.o(i.ETH_Init)
    ETH_MACAddressConfig                     0x08000cb1   Thumb Code    46  stm32f4x7_eth.o(i.ETH_MACAddressConfig)
    ETH_MACReceptionCmd                      0x08000d85   Thumb Code    56  stm32f4x7_eth.o(i.ETH_MACReceptionCmd)
    ETH_MACTransmissionCmd                   0x08000dc1   Thumb Code    56  stm32f4x7_eth.o(i.ETH_MACTransmissionCmd)
    ETH_Prepare_Transmit_Descriptors         0x08000dfd   Thumb Code   194  stm32f4x7_eth.o(i.ETH_Prepare_Transmit_Descriptors)
    ETH_ReadPHYRegister                      0x08000ec9   Thumb Code    98  stm32f4x7_eth.o(i.ETH_ReadPHYRegister)
    ETH_SoftwareReset                        0x08000f35   Thumb Code    14  stm32f4x7_eth.o(i.ETH_SoftwareReset)
    ETH_Start                                0x08000f49   Thumb Code    32  stm32f4x7_eth.o(i.ETH_Start)
    ETH_Stop                                 0x08000f69   Thumb Code    32  stm32f4x7_eth.o(i.ETH_Stop)
    ETH_StructInit                           0x08000f89   Thumb Code   178  stm32f4x7_eth.o(i.ETH_StructInit)
    ETH_WritePHYRegister                     0x0800103d   Thumb Code    96  stm32f4x7_eth.o(i.ETH_WritePHYRegister)
    ETH_link_callback                        0x080010a5   Thumb Code   226  stm32f4x7_eth_bsp.o(i.ETH_link_callback)
    EXTI15_10_IRQHandler                     0x080011a5   Thumb Code    56  stm32f4xx_it.o(i.EXTI15_10_IRQHandler)
    EXTI_ClearITPendingBit                   0x080011e1   Thumb Code     6  stm32f4xx_exti.o(i.EXTI_ClearITPendingBit)
    EXTI_GetITStatus                         0x080011ed   Thumb Code    34  stm32f4xx_exti.o(i.EXTI_GetITStatus)
    EXTI_Init                                0x08001215   Thumb Code   142  stm32f4xx_exti.o(i.EXTI_Init)
    EmptyQueue                               0x080012a9   Thumb Code    24  main.o(i.EmptyQueue)
    Enqueue                                  0x080012c1   Thumb Code    60  main.o(i.Enqueue)
    Eth_Link_EXTIConfig                      0x080012fd   Thumb Code   108  stm32f4x7_eth_bsp.o(i.Eth_Link_EXTIConfig)
    Eth_Link_ITHandler                       0x0800136d   Thumb Code    54  stm32f4x7_eth_bsp.o(i.Eth_Link_ITHandler)
    Eth_Link_PHYITConfig                     0x080013ad   Thumb Code    70  stm32f4x7_eth_bsp.o(i.Eth_Link_PHYITConfig)
    FullQueue                                0x080013f3   Thumb Code    42  main.o(i.FullQueue)
    GPIO_Init                                0x0800141d   Thumb Code   144  stm32f4xx_gpio.o(i.GPIO_Init)
    GPIO_PinAFConfig                         0x080014ad   Thumb Code    70  stm32f4xx_gpio.o(i.GPIO_PinAFConfig)
    GPIO_ResetBits                           0x080014f3   Thumb Code     4  stm32f4xx_gpio.o(i.GPIO_ResetBits)
    GPIO_SetBits                             0x080014f7   Thumb Code     4  stm32f4xx_gpio.o(i.GPIO_SetBits)
    HardFault_Handler                        0x080014fb   Thumb Code     4  stm32f4xx_it.o(i.HardFault_Handler)
    LED_GPIO_Config                          0x08001501   Thumb Code    68  led.o(i.LED_GPIO_Config)
    LwIP_Init                                0x08001549   Thumb Code   110  netconf.o(i.LwIP_Init)
    LwIP_Pkt_Handle                          0x080015d5   Thumb Code    10  netconf.o(i.LwIP_Pkt_Handle)
    MemManage_Handler                        0x080015e5   Thumb Code     4  stm32f4xx_it.o(i.MemManage_Handler)
    MyDMA_Config                             0x080015e9   Thumb Code   126  stm32f4xx_dma.o(i.MyDMA_Config)
    MyDMA_Enable                             0x0800166d   Thumb Code    44  stm32f4xx_dma.o(i.MyDMA_Enable)
    NMI_Handler                              0x08001699   Thumb Code     2  stm32f4xx_it.o(i.NMI_Handler)
    NVIC_Init                                0x0800169d   Thumb Code   106  misc.o(i.NVIC_Init)
    NVIC_PriorityGroupConfig                 0x08001715   Thumb Code    10  misc.o(i.NVIC_PriorityGroupConfig)
    New_LwIP_Pkt_Handle                      0x08001751   Thumb Code    16  netconf.o(i.New_LwIP_Pkt_Handle)
    Packet_Data                              0x08001765   Thumb Code    44  stm32f4xx_dma.o(i.Packet_Data)
    RCC_AHB1PeriphClockCmd                   0x08001791   Thumb Code    26  stm32f4xx_rcc.o(i.RCC_AHB1PeriphClockCmd)
    RCC_AHB1PeriphResetCmd                   0x080017b1   Thumb Code    26  stm32f4xx_rcc.o(i.RCC_AHB1PeriphResetCmd)
    RCC_APB1PeriphClockCmd                   0x080017d1   Thumb Code    26  stm32f4xx_rcc.o(i.RCC_APB1PeriphClockCmd)
    RCC_APB2PeriphClockCmd                   0x080017f1   Thumb Code    26  stm32f4xx_rcc.o(i.RCC_APB2PeriphClockCmd)
    RCC_GetClocksFreq                        0x08001811   Thumb Code   214  stm32f4xx_rcc.o(i.RCC_GetClocksFreq)
    SYSCFG_ETH_MediaInterfaceConfig          0x080018f9   Thumb Code     6  stm32f4xx_syscfg.o(i.SYSCFG_ETH_MediaInterfaceConfig)
    SYSCFG_EXTILineConfig                    0x08001905   Thumb Code    60  stm32f4xx_syscfg.o(i.SYSCFG_EXTILineConfig)
    SysTick_CLKSourceConfig                  0x08001a4d   Thumb Code    40  misc.o(i.SysTick_CLKSourceConfig)
    SysTick_Handler                          0x08001a75   Thumb Code     8  stm32f4xx_it.o(i.SysTick_Handler)
    SystemInit                               0x08001a7d   Thumb Code    88  system_stm32f4xx.o(i.SystemInit)
    Task_RecvData                            0x08001ae5   Thumb Code    48  main.o(i.Task_RecvData)
    Time_Update                              0x08001b1d   Thumb Code    12  main.o(i.Time_Update)
    USART1_Init                              0x08001b2d   Thumb Code   212  stm32f4xx_usart.o(i.USART1_Init)
    USART2_IRQHandler                        0x08001c09   Thumb Code    80  main.o(i.USART2_IRQHandler)
    USART2_Init                              0x08001c61   Thumb Code   210  stm32f4xx_usart.o(i.USART2_Init)
    USART_ClearITPendingBit                  0x08001d3d   Thumb Code    30  stm32f4xx_usart.o(i.USART_ClearITPendingBit)
    USART_ClockInit                          0x08001d5b   Thumb Code    32  stm32f4xx_usart.o(i.USART_ClockInit)
    USART_ClockStructInit                    0x08001d7b   Thumb Code    12  stm32f4xx_usart.o(i.USART_ClockStructInit)
    USART_Cmd                                0x08001d87   Thumb Code    24  stm32f4xx_usart.o(i.USART_Cmd)
    USART_DMACmd                             0x08001d9f   Thumb Code    18  stm32f4xx_usart.o(i.USART_DMACmd)
    USART_GetITStatus                        0x08001db1   Thumb Code    84  stm32f4xx_usart.o(i.USART_GetITStatus)
    USART_ITConfig                           0x08001e05   Thumb Code    74  stm32f4xx_usart.o(i.USART_ITConfig)
    USART_Init                               0x08001e51   Thumb Code   204  stm32f4xx_usart.o(i.USART_Init)
    USART_ReceiveData                        0x08001f25   Thumb Code    10  stm32f4xx_usart.o(i.USART_ReceiveData)
    UsageFault_Handler                       0x08001f2f   Thumb Code     4  stm32f4xx_it.o(i.UsageFault_Handler)
    __0printf$1                              0x08001f35   Thumb Code    22  printf1.o(i.__0printf$1)
    __1printf$1                              0x08001f35   Thumb Code     0  printf1.o(i.__0printf$1)
    __2printf                                0x08001f35   Thumb Code     0  printf1.o(i.__0printf$1)
    __0sprintf$1                             0x08001f55   Thumb Code    34  printf1.o(i.__0sprintf$1)
    __1sprintf$1                             0x08001f55   Thumb Code     0  printf1.o(i.__0sprintf$1)
    __2sprintf                               0x08001f55   Thumb Code     0  printf1.o(i.__0sprintf$1)
    __scatterload_copy                       0x08001f7d   Thumb Code    14  handlers.o(i.__scatterload_copy)
    __scatterload_null                       0x08001f8b   Thumb Code     2  handlers.o(i.__scatterload_null)
    __scatterload_zeroinit                   0x08001f8d   Thumb Code    14  handlers.o(i.__scatterload_zeroinit)
    dhcp_arp_reply                           0x080020fb   Thumb Code    46  dhcp.o(i.dhcp_arp_reply)
    dhcp_network_changed                     0x080023e1   Thumb Code    80  dhcp.o(i.dhcp_network_changed)
    etharp_cleanup_netif                     0x080026d1   Thumb Code    52  etharp.o(i.etharp_cleanup_netif)
    etharp_output                            0x080028a9   Thumb Code   314  etharp.o(i.etharp_output)
    etharp_query                             0x08002a5d   Thumb Code   338  etharp.o(i.etharp_query)
    etharp_request                           0x08002c6d   Thumb Code    36  etharp.o(i.etharp_request)
    ethernet_input                           0x08002d89   Thumb Code   178  etharp.o(i.ethernet_input)
    ethernetif_init                          0x08002e41   Thumb Code    38  ethernetif.o(i.ethernetif_init)
    ethernetif_input                         0x08002e71   Thumb Code    42  ethernetif.o(i.ethernetif_input)
    fputc                                    0x08002e9b   Thumb Code    18  fputc.o(i.fputc)
    icmp_dest_unreach                        0x08002ead   Thumb Code    18  icmp.o(i.icmp_dest_unreach)
    icmp_input                               0x08002ec1   Thumb Code   340  icmp.o(i.icmp_input)
    icmp_time_exceeded                       0x0800308d   Thumb Code    18  icmp.o(i.icmp_time_exceeded)
    inet_chksum                              0x0800309f   Thumb Code    20  inet_chksum.o(i.inet_chksum)
    inet_chksum_pbuf                         0x080030b3   Thumb Code    86  inet_chksum.o(i.inet_chksum_pbuf)
    ip4_addr_isbroadcast                     0x08003109   Thumb Code    78  ip_addr.o(i.ip4_addr_isbroadcast)
    ip_frag                                  0x08003159   Thumb Code   424  ip_frag.o(i.ip_frag)
    ip_input                                 0x08003321   Thumb Code   420  ip.o(i.ip_input)
    ip_output                                0x080034d9   Thumb Code    56  ip.o(i.ip_output)
    ip_output_if                             0x08003511   Thumb Code   192  ip.o(i.ip_output_if)
    ip_reass                                 0x080035d5   Thumb Code   386  ip_frag.o(i.ip_reass)
    ip_route                                 0x08003a61   Thumb Code    76  ip.o(i.ip_route)
    lwip_htonl                               0x08003d99   Thumb Code    26  def.o(i.lwip_htonl)
    lwip_htons                               0x08003db3   Thumb Code    12  def.o(i.lwip_htons)
    lwip_ntohl                               0x08003dbf   Thumb Code    12  def.o(i.lwip_ntohl)
    lwip_ntohs                               0x08003dcb   Thumb Code    12  def.o(i.lwip_ntohs)
    main                                     0x08003e35   Thumb Code   104  main.o(i.main)
    mem_free                                 0x08003eb1   Thumb Code    68  mem.o(i.mem_free)
    mem_init                                 0x08003f01   Thumb Code    74  mem.o(i.mem_init)
    mem_malloc                               0x08003f5d   Thumb Code   222  mem.o(i.mem_malloc)
    mem_trim                                 0x08004049   Thumb Code   288  mem.o(i.mem_trim)
    memp_free                                0x08004175   Thumb Code    28  memp.o(i.memp_free)
    memp_init                                0x08004195   Thumb Code    82  memp.o(i.memp_init)
    memp_malloc                              0x080041f9   Thumb Code    40  memp.o(i.memp_malloc)
    netif_add                                0x08004225   Thumb Code   104  netif.o(i.netif_add)
    netif_set_addr                           0x08004295   Thumb Code    40  netif.o(i.netif_set_addr)
    netif_set_default                        0x080042bd   Thumb Code     6  netif.o(i.netif_set_default)
    netif_set_down                           0x080042c9   Thumb Code    42  netif.o(i.netif_set_down)
    netif_set_gw                             0x080042f3   Thumb Code    12  netif.o(i.netif_set_gw)
    netif_set_ipaddr                         0x08004301   Thumb Code   110  netif.o(i.netif_set_ipaddr)
    netif_set_link_callback                  0x08004379   Thumb Code     6  netif.o(i.netif_set_link_callback)
    netif_set_link_down                      0x0800437f   Thumb Code    42  netif.o(i.netif_set_link_down)
    netif_set_link_up                        0x080043a9   Thumb Code    80  netif.o(i.netif_set_link_up)
    netif_set_netmask                        0x080043f9   Thumb Code    12  netif.o(i.netif_set_netmask)
    netif_set_up                             0x08004405   Thumb Code    54  netif.o(i.netif_set_up)
    pbuf_alloc                               0x0800443b   Thumb Code   402  pbuf.o(i.pbuf_alloc)
    pbuf_alloced_custom                      0x080045cd   Thumb Code   108  pbuf.o(i.pbuf_alloced_custom)
    pbuf_cat                                 0x08004639   Thumb Code    56  pbuf.o(i.pbuf_cat)
    pbuf_chain                               0x08004671   Thumb Code    22  pbuf.o(i.pbuf_chain)
    pbuf_clen                                0x08004687   Thumb Code    18  pbuf.o(i.pbuf_clen)
    pbuf_copy                                0x08004699   Thumb Code   192  pbuf.o(i.pbuf_copy)
    pbuf_free                                0x08004759   Thumb Code   134  pbuf.o(i.pbuf_free)
    pbuf_header                              0x080047df   Thumb Code   126  pbuf.o(i.pbuf_header)
    pbuf_realloc                             0x0800485d   Thumb Code   120  pbuf.o(i.pbuf_realloc)
    pbuf_ref                                 0x080048d5   Thumb Code    10  pbuf.o(i.pbuf_ref)
    pbuf_take                                0x080048df   Thumb Code   116  pbuf.o(i.pbuf_take)
    raw_input                                0x080049dd   Thumb Code   102  raw.o(i.raw_input)
    tcp_abandon                              0x08004a51   Thumb Code   136  tcp.o(i.tcp_abandon)
    tcp_abort                                0x08004ae5   Thumb Code    14  tcp.o(i.tcp_abort)
    tcp_alloc                                0x08004af5   Thumb Code   172  tcp.o(i.tcp_alloc)
    tcp_close                                0x08004bb1   Thumb Code    28  tcp.o(i.tcp_close)
    tcp_eff_send_mss                         0x08004e41   Thumb Code    46  tcp.o(i.tcp_eff_send_mss)
    tcp_enqueue_flags                        0x08004e6f   Thumb Code   272  tcp_out.o(i.tcp_enqueue_flags)
    tcp_input                                0x08004f81   Thumb Code  1132  tcp_in.o(i.tcp_input)
    tcp_next_iss                             0x080055bd   Thumb Code    20  tcp.o(i.tcp_next_iss)
    tcp_output                               0x080055d9   Thumb Code   444  tcp_out.o(i.tcp_output)
    tcp_pcb_purge                            0x08005999   Thumb Code    64  tcp.o(i.tcp_pcb_purge)
    tcp_pcb_remove                           0x080059d9   Thumb Code   140  tcp.o(i.tcp_pcb_remove)
    tcp_process_refused_data                 0x08005ff5   Thumb Code   140  tcp.o(i.tcp_process_refused_data)
    tcp_recv_null                            0x080066bd   Thumb Code    46  tcp.o(i.tcp_recv_null)
    tcp_recved                               0x080066eb   Thumb Code    70  tcp.o(i.tcp_recved)
    tcp_rexmit                               0x08006731   Thumb Code    90  tcp_out.o(i.tcp_rexmit)
    tcp_rexmit_fast                          0x0800678b   Thumb Code   112  tcp_out.o(i.tcp_rexmit_fast)
    tcp_rst                                  0x080067fb   Thumb Code   124  tcp_out.o(i.tcp_rst)
    tcp_seg_free                             0x08006877   Thumb Code    26  tcp.o(i.tcp_seg_free)
    tcp_segs_free                            0x08006891   Thumb Code    24  tcp.o(i.tcp_segs_free)
    tcp_send_empty_ack                       0x080068a9   Thumb Code    78  tcp_out.o(i.tcp_send_empty_ack)
    tcp_send_fin                             0x080068f7   Thumb Code    74  tcp_out.o(i.tcp_send_fin)
    tcp_timer_needed                         0x08006941   Thumb Code     2  timers.o(i.tcp_timer_needed)
    tcp_update_rcv_ann_wnd                   0x080069f1   Thumb Code    78  tcp.o(i.tcp_update_rcv_ann_wnd)
    udp_bind                                 0x08006a41   Thumb Code   122  udp.o(i.udp_bind)
    udp_connect                              0x08006ac1   Thumb Code    94  udp.o(i.udp_connect)
    udp_disconnect                           0x08006b25   Thumb Code    16  udp.o(i.udp_disconnect)
    udp_echoclient_connect                   0x08006b35   Thumb Code   210  udp_echoclient.o(i.udp_echoclient_connect)
    udp_echoserver_init                      0x08006c61   Thumb Code    58  udp_echoserver.o(i.udp_echoserver_init)
    udp_echoserver_receive_callback          0x08006ccd   Thumb Code    62  udp_echoserver.o(i.udp_echoserver_receive_callback)
    udp_input                                0x08006d11   Thumb Code   450  udp.o(i.udp_input)
    udp_new                                  0x08006ee1   Thumb Code    28  udp.o(i.udp_new)
    udp_receive_callback                     0x08006f55   Thumb Code    68  udp_echoclient.o(i.udp_receive_callback)
    udp_recv                                 0x08006fa1   Thumb Code     6  udp.o(i.udp_recv)
    udp_remove                               0x08006fa9   Thumb Code    60  udp.o(i.udp_remove)
    udp_send                                 0x08006fe9   Thumb Code    20  udp.o(i.udp_send)
    udp_sendto                               0x08006ffd   Thumb Code    46  udp.o(i.udp_sendto)
    udp_sendto_if                            0x0800702b   Thumb Code   206  udp.o(i.udp_sendto_if)
    ip_addr_any                              0x0800711c   Data           4  ip_addr.o(.constdata)
    ip_addr_broadcast                        0x08007120   Data           4  ip_addr.o(.constdata)
    ethbroadcast                             0x08007124   Data           6  etharp.o(.constdata)
    ethzero                                  0x0800712a   Data           6  etharp.o(.constdata)
    Region$$Table$$Base                      0x08007130   Number         0  anon$$obj.o(Region$$Table)
    Region$$Table$$Limit                     0x08007150   Number         0  anon$$obj.o(Region$$Table)
    LocalTime                                0x20000000   Data           4  main.o(.data)
    timingdelay                              0x20000004   Data           4  main.o(.data)
    TEXT_TO_SEND2                            0x20000008   Data          39  main.o(.data)
    Depacket_len                             0x20000030   Data           2  main.o(.data)
    Depacket_state                           0x20000032   Data           1  main.o(.data)
    Trans                                    0x20000034   Data           4  main.o(.data)
    Recv                                     0x20000038   Data           4  main.o(.data)
    p                                        0x2000003c   Data           4  main.o(.data)
    EthStatus                                0x20000044   Data           4  stm32f4x7_eth_bsp.o(.data)
    EthLinkStatus                            0x20000048   Data           1  stm32f4x7_eth_bsp.o(.data)
    message_count                            0x2000004c   Data           4  udp_echoclient.o(.data)
    udp_pcbs                                 0x20000058   Data           4  udp.o(.data)
    netif_list                               0x20000068   Data           4  netif.o(.data)
    netif_default                            0x2000006c   Data           4  netif.o(.data)
    tcp_ticks                                0x2000007c   Data           4  tcp.o(.data)
    tcp_bound_pcbs                           0x20000080   Data           4  tcp.o(.data)
    tcp_listen_pcbs                          0x20000084   Data           4  tcp.o(.data)
    tcp_active_pcbs                          0x20000088   Data           4  tcp.o(.data)
    tcp_tw_pcbs                              0x2000008c   Data           4  tcp.o(.data)
    tcp_tmp_pcb                              0x20000090   Data           4  tcp.o(.data)
    tcp_active_pcbs_changed                  0x20000094   Data           1  tcp.o(.data)
    tcp_input_pcb                            0x200000b8   Data           4  tcp_in.o(.data)
    current_netif                            0x200000bc   Data           4  ip.o(.data)
    current_header                           0x200000c0   Data           4  ip.o(.data)
    current_iphdr_src                        0x200000c4   Data           4  ip.o(.data)
    current_iphdr_dest                       0x200000c8   Data           4  ip.o(.data)
    DMATxDescToSet                           0x200000e8   Data           4  stm32f4x7_eth.o(.data)
    DMARxDescToGet                           0x200000ec   Data           4  stm32f4x7_eth.o(.data)
    DMA_RX_FRAME_infos                       0x200000f0   Data           4  stm32f4x7_eth.o(.data)
    Frame_Rx_index                           0x200000f4   Data           4  stm32f4x7_eth.o(.data)
    __stdout                                 0x200000f8   Data           4  stdout.o(.data)
    Packet_buff                              0x200000fc   Data        1800  main.o(.bss)
    Depacket_buff                            0x20000804   Data        1800  main.o(.bss)
    Transmit_buffer                          0x20000f0c   Data        7506  main.o(.bss)
    Receive_buffer                           0x20002c5e   Data        7506  main.o(.bss)
    gnetif                                   0x200049b0   Data          56  netconf.o(.bss)
    ETH_InitStructure                        0x200049e8   Data         188  stm32f4x7_eth_bsp.o(.bss)
    data                                     0x20004aa4   Data         100  udp_echoclient.o(.bss)
    ram_heap                                 0x20004b08   Data       10260  mem.o(.bss)
    RT_Entry                                 0x2000ad14   Data          48  etharp.o(.bss)
    DMARxDscrTab                             0x2000ad44   Data         128  stm32f4x7_eth.o(.bss)
    DMATxDscrTab                             0x2000adc4   Data         128  stm32f4x7_eth.o(.bss)
    Rx_Buff                                  0x2000ae44   Data        6096  stm32f4x7_eth.o(.bss)
    Tx_Buff                                  0x2000c614   Data        6096  stm32f4x7_eth.o(.bss)
    RX_Frame_Descriptor                      0x2000dde4   Data          12  stm32f4x7_eth.o(.bss)
    __initial_sp                             0x2000e1f0   Data           0  startup_stm32f4xx.o(STACK)



==============================================================================

Memory Map of the image

  Image Entry point : 0x08000189

  Load Region LR_IROM1 (Base: 0x08000000, Size: 0x0000724c, Max: 0x00080000, ABSOLUTE)

    Execution Region ER_IROM1 (Exec base: 0x08000000, Load base: 0x08000000, Size: 0x00007150, Max: 0x00080000, ABSOLUTE)

    Exec Addr    Load Addr    Size         Type   Attr      Idx    E Section Name        Object

    0x08000000   0x08000000   0x00000188   Data   RO          143    RESET               startup_stm32f4xx.o
    0x08000188   0x08000188   0x00000000   Code   RO         4738  * .ARM.Collect$$$$00000000  mc_w.l(entry.o)
    0x08000188   0x08000188   0x00000004   Code   RO         5012    .ARM.Collect$$$$00000001  mc_w.l(entry2.o)
    0x0800018c   0x0800018c   0x00000004   Code   RO         5015    .ARM.Collect$$$$00000004  mc_w.l(entry5.o)
    0x08000190   0x08000190   0x00000000   Code   RO         5017    .ARM.Collect$$$$00000008  mc_w.l(entry7b.o)
    0x08000190   0x08000190   0x00000000   Code   RO         5019    .ARM.Collect$$$$0000000A  mc_w.l(entry8b.o)
    0x08000190   0x08000190   0x00000008   Code   RO         5020    .ARM.Collect$$$$0000000B  mc_w.l(entry9a.o)
    0x08000198   0x08000198   0x00000000   Code   RO         5022    .ARM.Collect$$$$0000000D  mc_w.l(entry10a.o)
    0x08000198   0x08000198   0x00000000   Code   RO         5024    .ARM.Collect$$$$0000000F  mc_w.l(entry11a.o)
    0x08000198   0x08000198   0x00000004   Code   RO         5013    .ARM.Collect$$$$00002712  mc_w.l(entry2.o)
    0x0800019c   0x0800019c   0x00000024   Code   RO          144    .text               startup_stm32f4xx.o
    0x080001c0   0x080001c0   0x00000024   Code   RO         4741    .text               mc_w.l(memcpya.o)
    0x080001e4   0x080001e4   0x00000024   Code   RO         4743    .text               mc_w.l(memseta.o)
    0x08000208   0x08000208   0x0000000e   Code   RO         4745    .text               mc_w.l(strlen.o)
    0x08000216   0x08000216   0x0000001a   Code   RO         4747    .text               mc_w.l(memcmp.o)
    0x08000230   0x08000230   0x0000002c   Code   RO         5029    .text               mc_w.l(uidiv.o)
    0x0800025c   0x0800025c   0x00000024   Code   RO         5044    .text               mc_w.l(init.o)
    0x08000280   0x08000280   0x00000000   Code   RO         5046    .text               mc_w.l(semi.o)
    0x08000280   0x08000280   0x00000000   Code   RO         5053    .text               mc_w.l(iusesemip.o)
    0x08000280   0x08000280   0x00000004   Code   RO          490    i.BusFault_Handler  stm32f4xx_it.o
    0x08000284   0x08000284   0x00000012   Code   RO          150    i.CreateQueue       main.o
    0x08000296   0x08000296   0x00000016   Code   RO         2736    i.DMA_Cmd           stm32f4xx_dma.o
    0x080002ac   0x080002ac   0x00000158   Code   RO         2737    i.DMA_DeInit        stm32f4xx_dma.o
    0x08000404   0x08000404   0x00000014   Code   RO         2741    i.DMA_GetCmdStatus  stm32f4xx_dma.o
    0x08000418   0x08000418   0x00000058   Code   RO         2748    i.DMA_Init          stm32f4xx_dma.o
    0x08000470   0x08000470   0x00000004   Code   RO         2751    i.DMA_SetCurrDataCounter  stm32f4xx_dma.o
    0x08000474   0x08000474   0x00000002   Code   RO          491    i.DebugMon_Handler  stm32f4xx_it.o
    0x08000476   0x08000476   0x00000002   PAD
    0x08000478   0x08000478   0x00000024   Code   RO          151    i.Delay             main.o
    0x0800049c   0x0800049c   0x00000104   Code   RO          152    i.Depacket_Data     main.o
    0x080005a0   0x080005a0   0x0000003e   Code   RO          153    i.Dequeue           main.o
    0x080005de   0x080005de   0x00000002   PAD
    0x080005e0   0x080005e0   0x0000007c   Code   RO          414    i.ETH_BSP_Config    stm32f4x7_eth_bsp.o
    0x0800065c   0x0800065c   0x000000dc   Code   RO         4152    i.ETH_CheckFrameReceived  stm32f4x7_eth.o
    0x08000738   0x08000738   0x00000024   Code   RO         4156    i.ETH_DMAReceptionCmd  stm32f4x7_eth.o
    0x0800075c   0x0800075c   0x00000064   Code   RO         4157    i.ETH_DMARxDescChainInit  stm32f4x7_eth.o
    0x080007c0   0x080007c0   0x00000024   Code   RO         4159    i.ETH_DMATransmissionCmd  stm32f4x7_eth.o
    0x080007e4   0x080007e4   0x00000050   Code   RO         4162    i.ETH_DMATxDescChainInit  stm32f4x7_eth.o
    0x08000834   0x08000834   0x00000008   Code   RO         4163    i.ETH_DMATxDescChecksumInsertionConfig  stm32f4x7_eth.o
    0x0800083c   0x0800083c   0x00000016   Code   RO         4168    i.ETH_DeInit        stm32f4x7_eth.o
    0x08000852   0x08000852   0x00000002   PAD
    0x08000854   0x08000854   0x0000002c   Code   RO         4170    i.ETH_FlushTransmitFIFO  stm32f4x7_eth.o
    0x08000880   0x08000880   0x000000bc   Code   RO          415    i.ETH_GPIO_Config   stm32f4x7_eth_bsp.o
    0x0800093c   0x0800093c   0x00000018   Code   RO         4196    i.ETH_GetSoftwareResetStatus  stm32f4x7_eth.o
    0x08000954   0x08000954   0x00000048   Code   RO         4198    i.ETH_Get_Received_Frame  stm32f4x7_eth.o
    0x0800099c   0x0800099c   0x00000314   Code   RO         4201    i.ETH_Init          stm32f4x7_eth.o
    0x08000cb0   0x08000cb0   0x00000034   Code   RO         4203    i.ETH_MACAddressConfig  stm32f4x7_eth.o
    0x08000ce4   0x08000ce4   0x000000a0   Code   RO          416    i.ETH_MACDMA_Config  stm32f4x7_eth_bsp.o
    0x08000d84   0x08000d84   0x0000003c   Code   RO         4208    i.ETH_MACReceptionCmd  stm32f4x7_eth.o
    0x08000dc0   0x08000dc0   0x0000003c   Code   RO         4209    i.ETH_MACTransmissionCmd  stm32f4x7_eth.o
    0x08000dfc   0x08000dfc   0x000000cc   Code   RO         4220    i.ETH_Prepare_Transmit_Descriptors  stm32f4x7_eth.o
    0x08000ec8   0x08000ec8   0x0000006c   Code   RO         4221    i.ETH_ReadPHYRegister  stm32f4x7_eth.o
    0x08000f34   0x08000f34   0x00000014   Code   RO         4229    i.ETH_SoftwareReset  stm32f4x7_eth.o
    0x08000f48   0x08000f48   0x00000020   Code   RO         4230    i.ETH_Start         stm32f4x7_eth.o
    0x08000f68   0x08000f68   0x00000020   Code   RO         4231    i.ETH_Stop          stm32f4x7_eth.o
    0x08000f88   0x08000f88   0x000000b2   Code   RO         4232    i.ETH_StructInit    stm32f4x7_eth.o
    0x0800103a   0x0800103a   0x00000002   PAD
    0x0800103c   0x0800103c   0x00000068   Code   RO         4234    i.ETH_WritePHYRegister  stm32f4x7_eth.o
    0x080010a4   0x080010a4   0x00000100   Code   RO          417    i.ETH_link_callback  stm32f4x7_eth_bsp.o
    0x080011a4   0x080011a4   0x0000003c   Code   RO          492    i.EXTI15_10_IRQHandler  stm32f4xx_it.o
    0x080011e0   0x080011e0   0x0000000c   Code   RO         2884    i.EXTI_ClearITPendingBit  stm32f4xx_exti.o
    0x080011ec   0x080011ec   0x00000028   Code   RO         2888    i.EXTI_GetITStatus  stm32f4xx_exti.o
    0x08001214   0x08001214   0x00000094   Code   RO         2889    i.EXTI_Init         stm32f4xx_exti.o
    0x080012a8   0x080012a8   0x00000018   Code   RO          154    i.EmptyQueue        main.o
    0x080012c0   0x080012c0   0x0000003c   Code   RO          155    i.Enqueue           main.o
    0x080012fc   0x080012fc   0x00000070   Code   RO          418    i.Eth_Link_EXTIConfig  stm32f4x7_eth_bsp.o
    0x0800136c   0x0800136c   0x00000040   Code   RO          419    i.Eth_Link_ITHandler  stm32f4x7_eth_bsp.o
    0x080013ac   0x080013ac   0x00000046   Code   RO          420    i.Eth_Link_PHYITConfig  stm32f4x7_eth_bsp.o
    0x080013f2   0x080013f2   0x0000002a   Code   RO          156    i.FullQueue         main.o
    0x0800141c   0x0800141c   0x00000090   Code   RO         3280    i.GPIO_Init         stm32f4xx_gpio.o
    0x080014ac   0x080014ac   0x00000046   Code   RO         3281    i.GPIO_PinAFConfig  stm32f4xx_gpio.o
    0x080014f2   0x080014f2   0x00000004   Code   RO         3287    i.GPIO_ResetBits    stm32f4xx_gpio.o
    0x080014f6   0x080014f6   0x00000004   Code   RO         3288    i.GPIO_SetBits      stm32f4xx_gpio.o
    0x080014fa   0x080014fa   0x00000004   Code   RO          493    i.HardFault_Handler  stm32f4xx_it.o
    0x080014fe   0x080014fe   0x00000002   PAD
    0x08001500   0x08001500   0x00000048   Code   RO         4131    i.LED_GPIO_Config   led.o
    0x08001548   0x08001548   0x0000008c   Code   RO          333    i.LwIP_Init         netconf.o
    0x080015d4   0x080015d4   0x00000010   Code   RO          335    i.LwIP_Pkt_Handle   netconf.o
    0x080015e4   0x080015e4   0x00000004   Code   RO          494    i.MemManage_Handler  stm32f4xx_it.o
    0x080015e8   0x080015e8   0x00000084   Code   RO         2753    i.MyDMA_Config      stm32f4xx_dma.o
    0x0800166c   0x0800166c   0x0000002c   Code   RO         2754    i.MyDMA_Enable      stm32f4xx_dma.o
    0x08001698   0x08001698   0x00000002   Code   RO          495    i.NMI_Handler       stm32f4xx_it.o
    0x0800169a   0x0800169a   0x00000002   PAD
    0x0800169c   0x0800169c   0x00000078   Code   RO         2448    i.NVIC_Init         misc.o
    0x08001714   0x08001714   0x00000014   Code   RO         2449    i.NVIC_PriorityGroupConfig  misc.o
    0x08001728   0x08001728   0x00000028   Code   RO          421    i.NVIC_SetPriority  stm32f4x7_eth_bsp.o
    0x08001750   0x08001750   0x00000014   Code   RO          336    i.New_LwIP_Pkt_Handle  netconf.o
    0x08001764   0x08001764   0x0000002c   Code   RO         2755    i.Packet_Data       stm32f4xx_dma.o
    0x08001790   0x08001790   0x00000020   Code   RO         3377    i.RCC_AHB1PeriphClockCmd  stm32f4xx_rcc.o
    0x080017b0   0x080017b0   0x00000020   Code   RO         3379    i.RCC_AHB1PeriphResetCmd  stm32f4xx_rcc.o
    0x080017d0   0x080017d0   0x00000020   Code   RO         3386    i.RCC_APB1PeriphClockCmd  stm32f4xx_rcc.o
    0x080017f0   0x080017f0   0x00000020   Code   RO         3389    i.RCC_APB2PeriphClockCmd  stm32f4xx_rcc.o
    0x08001810   0x08001810   0x000000e8   Code   RO         3398    i.RCC_GetClocksFreq  stm32f4xx_rcc.o
    0x080018f8   0x080018f8   0x0000000c   Code   RO         3859    i.SYSCFG_ETH_MediaInterfaceConfig  stm32f4xx_syscfg.o
    0x08001904   0x08001904   0x00000040   Code   RO         3860    i.SYSCFG_EXTILineConfig  stm32f4xx_syscfg.o
    0x08001944   0x08001944   0x00000108   Code   RO            3    i.SetSysClock       system_stm32f4xx.o
    0x08001a4c   0x08001a4c   0x00000028   Code   RO         2452    i.SysTick_CLKSourceConfig  misc.o
    0x08001a74   0x08001a74   0x00000008   Code   RO          496    i.SysTick_Handler   stm32f4xx_it.o
    0x08001a7c   0x08001a7c   0x00000068   Code   RO            5    i.SystemInit        system_stm32f4xx.o
    0x08001ae4   0x08001ae4   0x00000038   Code   RO          157    i.Task_RecvData     main.o
    0x08001b1c   0x08001b1c   0x00000010   Code   RO          159    i.Time_Update       main.o
    0x08001b2c   0x08001b2c   0x000000dc   Code   RO         2236    i.USART1_Init       stm32f4xx_usart.o
    0x08001c08   0x08001c08   0x00000058   Code   RO          160    i.USART2_IRQHandler  main.o
    0x08001c60   0x08001c60   0x000000dc   Code   RO         2238    i.USART2_Init       stm32f4xx_usart.o
    0x08001d3c   0x08001d3c   0x0000001e   Code   RO         2241    i.USART_ClearITPendingBit  stm32f4xx_usart.o
    0x08001d5a   0x08001d5a   0x00000020   Code   RO         2242    i.USART_ClockInit   stm32f4xx_usart.o
    0x08001d7a   0x08001d7a   0x0000000c   Code   RO         2243    i.USART_ClockStructInit  stm32f4xx_usart.o
    0x08001d86   0x08001d86   0x00000018   Code   RO         2244    i.USART_Cmd         stm32f4xx_usart.o
    0x08001d9e   0x08001d9e   0x00000012   Code   RO         2245    i.USART_DMACmd      stm32f4xx_usart.o
    0x08001db0   0x08001db0   0x00000054   Code   RO         2248    i.USART_GetITStatus  stm32f4xx_usart.o
    0x08001e04   0x08001e04   0x0000004a   Code   RO         2250    i.USART_ITConfig    stm32f4xx_usart.o
    0x08001e4e   0x08001e4e   0x00000002   PAD
    0x08001e50   0x08001e50   0x000000d4   Code   RO         2251    i.USART_Init        stm32f4xx_usart.o
    0x08001f24   0x08001f24   0x0000000a   Code   RO         2258    i.USART_ReceiveData  stm32f4xx_usart.o
    0x08001f2e   0x08001f2e   0x00000004   Code   RO          497    i.UsageFault_Handler  stm32f4xx_it.o
    0x08001f32   0x08001f32   0x00000002   PAD
    0x08001f34   0x08001f34   0x00000020   Code   RO         4796    i.__0printf$1       mc_w.l(printf1.o)
    0x08001f54   0x08001f54   0x00000028   Code   RO         4798    i.__0sprintf$1      mc_w.l(printf1.o)
    0x08001f7c   0x08001f7c   0x0000000e   Code   RO         5058    i.__scatterload_copy  mc_w.l(handlers.o)
    0x08001f8a   0x08001f8a   0x00000002   Code   RO         5059    i.__scatterload_null  mc_w.l(handlers.o)
    0x08001f8c   0x08001f8c   0x0000000e   Code   RO         5060    i.__scatterload_zeroinit  mc_w.l(handlers.o)
    0x08001f9a   0x08001f9a   0x00000002   PAD
    0x08001f9c   0x08001f9c   0x00000154   Code   RO         4803    i._printf_core      mc_w.l(printf1.o)
    0x080020f0   0x080020f0   0x0000000a   Code   RO         4805    i._sputc            mc_w.l(printf1.o)
    0x080020fa   0x080020fa   0x0000002e   Code   RO          681    i.dhcp_arp_reply    dhcp.o
    0x08002128   0x08002128   0x00000148   Code   RO          686    i.dhcp_create_msg   dhcp.o
    0x08002270   0x08002270   0x00000084   Code   RO          687    i.dhcp_decline      dhcp.o
    0x080022f4   0x080022f4   0x00000028   Code   RO          688    i.dhcp_delete_msg   dhcp.o
    0x0800231c   0x0800231c   0x000000c4   Code   RO          689    i.dhcp_discover     dhcp.o
    0x080023e0   0x080023e0   0x00000050   Code   RO          695    i.dhcp_network_changed  dhcp.o
    0x08002430   0x08002430   0x00000020   Code   RO          696    i.dhcp_option       dhcp.o
    0x08002450   0x08002450   0x00000012   Code   RO          697    i.dhcp_option_byte  dhcp.o
    0x08002462   0x08002462   0x00000042   Code   RO          698    i.dhcp_option_long  dhcp.o
    0x080024a4   0x080024a4   0x00000022   Code   RO          699    i.dhcp_option_short  dhcp.o
    0x080024c6   0x080024c6   0x00000046   Code   RO          700    i.dhcp_option_trailer  dhcp.o
    0x0800250c   0x0800250c   0x000000a8   Code   RO          703    i.dhcp_reboot       dhcp.o
    0x080025b4   0x080025b4   0x00000010   Code   RO          708    i.dhcp_set_state    dhcp.o
    0x080025c4   0x080025c4   0x0000010c   Code   RO         2043    i.etharp_arp_input  etharp.o
    0x080026d0   0x080026d0   0x00000038   Code   RO         2044    i.etharp_cleanup_netif  etharp.o
    0x08002708   0x08002708   0x00000160   Code   RO         2046    i.etharp_find_entry  etharp.o
    0x08002868   0x08002868   0x00000040   Code   RO         2047    i.etharp_free_entry  etharp.o
    0x080028a8   0x080028a8   0x00000148   Code   RO         2048    i.etharp_output     etharp.o
    0x080029f0   0x080029f0   0x0000006c   Code   RO         2049    i.etharp_output_to_arp_index  etharp.o
    0x08002a5c   0x08002a5c   0x0000015c   Code   RO         2050    i.etharp_query      etharp.o
    0x08002bb8   0x08002bb8   0x000000b2   Code   RO         2051    i.etharp_raw        etharp.o
    0x08002c6a   0x08002c6a   0x00000002   PAD
    0x08002c6c   0x08002c6c   0x0000002c   Code   RO         2052    i.etharp_request    etharp.o
    0x08002c98   0x08002c98   0x00000038   Code   RO         2053    i.etharp_send_ip    etharp.o
    0x08002cd0   0x08002cd0   0x000000b8   Code   RO         2055    i.etharp_update_arp_entry  etharp.o
    0x08002d88   0x08002d88   0x000000b8   Code   RO         2056    i.ethernet_input    etharp.o
    0x08002e40   0x08002e40   0x00000030   Code   RO         2152    i.ethernetif_init   ethernetif.o
    0x08002e70   0x08002e70   0x0000002a   Code   RO         2153    i.ethernetif_input  ethernetif.o
    0x08002e9a   0x08002e9a   0x00000012   Code   RO         5026    i.fputc             mc_w.l(fputc.o)
    0x08002eac   0x08002eac   0x00000012   Code   RO         1797    i.icmp_dest_unreach  icmp.o
    0x08002ebe   0x08002ebe   0x00000002   PAD
    0x08002ec0   0x08002ec0   0x0000015c   Code   RO         1798    i.icmp_input        icmp.o
    0x0800301c   0x0800301c   0x00000070   Code   RO         1799    i.icmp_send_response  icmp.o
    0x0800308c   0x0800308c   0x00000012   Code   RO         1800    i.icmp_time_exceeded  icmp.o
    0x0800309e   0x0800309e   0x00000014   Code   RO         1845    i.inet_chksum       inet_chksum.o
    0x080030b2   0x080030b2   0x00000056   Code   RO         1846    i.inet_chksum_pbuf  inet_chksum.o
    0x08003108   0x08003108   0x0000004e   Code   RO         1922    i.ip4_addr_isbroadcast  ip_addr.o
    0x08003156   0x08003156   0x00000002   PAD
    0x08003158   0x08003158   0x000001ac   Code   RO         1975    i.ip_frag           ip_frag.o
    0x08003304   0x08003304   0x0000000a   Code   RO         1976    i.ip_frag_alloc_pbuf_custom_ref  ip_frag.o
    0x0800330e   0x0800330e   0x00000012   Code   RO         1977    i.ip_frag_free_pbuf_custom_ref  ip_frag.o
    0x08003320   0x08003320   0x000001b8   Code   RO         1883    i.ip_input          ip.o
    0x080034d8   0x080034d8   0x00000038   Code   RO         1884    i.ip_output         ip.o
    0x08003510   0x08003510   0x000000c4   Code   RO         1885    i.ip_output_if      ip.o
    0x080035d4   0x080035d4   0x0000018c   Code   RO         1978    i.ip_reass          ip_frag.o
    0x08003760   0x08003760   0x00000164   Code   RO         1979    i.ip_reass_chain_frag_into_datagram_and_validate  ip_frag.o
    0x080038c4   0x080038c4   0x0000002c   Code   RO         1980    i.ip_reass_dequeue_datagram  ip_frag.o
    0x080038f0   0x080038f0   0x00000054   Code   RO         1981    i.ip_reass_enqueue_new_datagram  ip_frag.o
    0x08003944   0x08003944   0x000000a0   Code   RO         1982    i.ip_reass_free_complete_datagram  ip_frag.o
    0x080039e4   0x080039e4   0x0000007c   Code   RO         1983    i.ip_reass_remove_oldest_datagram  ip_frag.o
    0x08003a60   0x08003a60   0x00000054   Code   RO         1886    i.ip_route          ip.o
    0x08003ab4   0x08003ab4   0x00000020   Code   RO         1985    i.ipfrag_free_pbuf_custom  ip_frag.o
    0x08003ad4   0x08003ad4   0x00000080   Code   RO         2154    i.low_level_init    ethernetif.o
    0x08003b54   0x08003b54   0x000000e0   Code   RO         2155    i.low_level_input   ethernetif.o
    0x08003c34   0x08003c34   0x00000164   Code   RO         2156    i.low_level_output  ethernetif.o
    0x08003d98   0x08003d98   0x0000001a   Code   RO         2192    i.lwip_htonl        def.o
    0x08003db2   0x08003db2   0x0000000c   Code   RO         2193    i.lwip_htons        def.o
    0x08003dbe   0x08003dbe   0x0000000c   Code   RO         2194    i.lwip_ntohl        def.o
    0x08003dca   0x08003dca   0x0000000c   Code   RO         2195    i.lwip_ntohs        def.o
    0x08003dd6   0x08003dd6   0x0000005e   Code   RO         1849    i.lwip_standard_chksum  inet_chksum.o
    0x08003e34   0x08003e34   0x0000007c   Code   RO          161    i.main              main.o
    0x08003eb0   0x08003eb0   0x00000050   Code   RO         1046    i.mem_free          mem.o
    0x08003f00   0x08003f00   0x0000005c   Code   RO         1047    i.mem_init          mem.o
    0x08003f5c   0x08003f5c   0x000000ec   Code   RO         1048    i.mem_malloc        mem.o
    0x08004048   0x08004048   0x0000012c   Code   RO         1049    i.mem_trim          mem.o
    0x08004174   0x08004174   0x00000020   Code   RO         1090    i.memp_free         memp.o
    0x08004194   0x08004194   0x00000064   Code   RO         1091    i.memp_init         memp.o
    0x080041f8   0x080041f8   0x0000002c   Code   RO         1092    i.memp_malloc       memp.o
    0x08004224   0x08004224   0x00000070   Code   RO         1132    i.netif_add         netif.o
    0x08004294   0x08004294   0x00000028   Code   RO         1136    i.netif_set_addr    netif.o
    0x080042bc   0x080042bc   0x0000000c   Code   RO         1137    i.netif_set_default  netif.o
    0x080042c8   0x080042c8   0x0000002a   Code   RO         1138    i.netif_set_down    netif.o
    0x080042f2   0x080042f2   0x0000000c   Code   RO         1139    i.netif_set_gw      netif.o
    0x080042fe   0x080042fe   0x00000002   PAD
    0x08004300   0x08004300   0x00000078   Code   RO         1140    i.netif_set_ipaddr  netif.o
    0x08004378   0x08004378   0x00000006   Code   RO         1141    i.netif_set_link_callback  netif.o
    0x0800437e   0x0800437e   0x0000002a   Code   RO         1142    i.netif_set_link_down  netif.o
    0x080043a8   0x080043a8   0x00000050   Code   RO         1143    i.netif_set_link_up  netif.o
    0x080043f8   0x080043f8   0x0000000c   Code   RO         1144    i.netif_set_netmask  netif.o
    0x08004404   0x08004404   0x00000036   Code   RO         1145    i.netif_set_up      netif.o
    0x0800443a   0x0800443a   0x00000192   Code   RO         1232    i.pbuf_alloc        pbuf.o
    0x080045cc   0x080045cc   0x0000006c   Code   RO         1233    i.pbuf_alloced_custom  pbuf.o
    0x08004638   0x08004638   0x00000038   Code   RO         1234    i.pbuf_cat          pbuf.o
    0x08004670   0x08004670   0x00000016   Code   RO         1235    i.pbuf_chain        pbuf.o
    0x08004686   0x08004686   0x00000012   Code   RO         1236    i.pbuf_clen         pbuf.o
    0x08004698   0x08004698   0x000000c0   Code   RO         1238    i.pbuf_copy         pbuf.o
    0x08004758   0x08004758   0x00000086   Code   RO         1241    i.pbuf_free         pbuf.o
    0x080047de   0x080047de   0x0000007e   Code   RO         1243    i.pbuf_header       pbuf.o
    0x0800485c   0x0800485c   0x00000078   Code   RO         1246    i.pbuf_realloc      pbuf.o
    0x080048d4   0x080048d4   0x0000000a   Code   RO         1247    i.pbuf_ref          pbuf.o
    0x080048de   0x080048de   0x00000074   Code   RO         1249    i.pbuf_take         pbuf.o
    0x08004952   0x08004952   0x00000002   PAD
    0x08004954   0x08004954   0x00000088   Code   RO         1050    i.plug_holes        mem.o
    0x080049dc   0x080049dc   0x00000074   Code   RO         1348    i.raw_input         raw.o
    0x08004a50   0x08004a50   0x00000094   Code   RO         1414    i.tcp_abandon       tcp.o
    0x08004ae4   0x08004ae4   0x0000000e   Code   RO         1415    i.tcp_abort         tcp.o
    0x08004af2   0x08004af2   0x00000002   PAD
    0x08004af4   0x08004af4   0x000000bc   Code   RO         1418    i.tcp_alloc         tcp.o
    0x08004bb0   0x08004bb0   0x0000001c   Code   RO         1421    i.tcp_close         tcp.o
    0x08004bcc   0x08004bcc   0x000001c8   Code   RO         1422    i.tcp_close_shutdown  tcp.o
    0x08004d94   0x08004d94   0x000000ac   Code   RO         1694    i.tcp_create_segment  tcp_out.o
    0x08004e40   0x08004e40   0x0000002e   Code   RO         1425    i.tcp_eff_send_mss  tcp.o
    0x08004e6e   0x08004e6e   0x00000110   Code   RO         1695    i.tcp_enqueue_flags  tcp_out.o
    0x08004f7e   0x08004f7e   0x00000002   PAD
    0x08004f80   0x08004f80   0x0000047c   Code   RO         1646    i.tcp_input         tcp_in.o
    0x080053fc   0x080053fc   0x00000054   Code   RO         1429    i.tcp_kill_prio     tcp.o
    0x08005450   0x08005450   0x0000003c   Code   RO         1430    i.tcp_kill_timewait  tcp.o
    0x0800548c   0x0800548c   0x00000130   Code   RO         1647    i.tcp_listen_input  tcp_in.o
    0x080055bc   0x080055bc   0x0000001c   Code   RO         1434    i.tcp_next_iss      tcp.o
    0x080055d8   0x080055d8   0x000001c0   Code   RO         1697    i.tcp_output        tcp_out.o
    0x08005798   0x08005798   0x00000078   Code   RO         1698    i.tcp_output_alloc_header  tcp_out.o
    0x08005810   0x08005810   0x000000d0   Code   RO         1699    i.tcp_output_segment  tcp_out.o
    0x080058e0   0x080058e0   0x000000b8   Code   RO         1648    i.tcp_parseopt      tcp_in.o
    0x08005998   0x08005998   0x00000040   Code   RO         1435    i.tcp_pcb_purge     tcp.o
    0x080059d8   0x080059d8   0x00000090   Code   RO         1436    i.tcp_pcb_remove    tcp.o
    0x08005a68   0x08005a68   0x0000058c   Code   RO         1649    i.tcp_process       tcp_in.o
    0x08005ff4   0x08005ff4   0x0000008c   Code   RO         1438    i.tcp_process_refused_data  tcp.o
    0x08006080   0x08006080   0x0000063c   Code   RO         1650    i.tcp_receive       tcp_in.o
    0x080066bc   0x080066bc   0x0000002e   Code   RO         1440    i.tcp_recv_null     tcp.o
    0x080066ea   0x080066ea   0x00000046   Code   RO         1441    i.tcp_recved        tcp.o
    0x08006730   0x08006730   0x0000005a   Code   RO         1701    i.tcp_rexmit        tcp_out.o
    0x0800678a   0x0800678a   0x00000070   Code   RO         1702    i.tcp_rexmit_fast   tcp_out.o
    0x080067fa   0x080067fa   0x0000007c   Code   RO         1704    i.tcp_rst           tcp_out.o
    0x08006876   0x08006876   0x0000001a   Code   RO         1442    i.tcp_seg_free      tcp.o
    0x08006890   0x08006890   0x00000018   Code   RO         1443    i.tcp_segs_free     tcp.o
    0x080068a8   0x080068a8   0x0000004e   Code   RO         1705    i.tcp_send_empty_ack  tcp_out.o
    0x080068f6   0x080068f6   0x0000004a   Code   RO         1706    i.tcp_send_fin      tcp_out.o
    0x08006940   0x08006940   0x00000002   Code   RO         2222    i.tcp_timer_needed  timers.o
    0x08006942   0x08006942   0x00000002   PAD
    0x08006944   0x08006944   0x000000ac   Code   RO         1651    i.tcp_timewait_input  tcp_in.o
    0x080069f0   0x080069f0   0x0000004e   Code   RO         1449    i.tcp_update_rcv_ann_wnd  tcp.o
    0x08006a3e   0x08006a3e   0x00000002   PAD
    0x08006a40   0x08006a40   0x00000080   Code   RO          889    i.udp_bind          udp.o
    0x08006ac0   0x08006ac0   0x00000064   Code   RO          890    i.udp_connect       udp.o
    0x08006b24   0x08006b24   0x00000010   Code   RO          891    i.udp_disconnect    udp.o
    0x08006b34   0x08006b34   0x0000012c   Code   RO          570    i.udp_echoclient_connect  udp_echoclient.o
    0x08006c60   0x08006c60   0x0000006c   Code   RO          600    i.udp_echoserver_init  udp_echoserver.o
    0x08006ccc   0x08006ccc   0x00000044   Code   RO          601    i.udp_echoserver_receive_callback  udp_echoserver.o
    0x08006d10   0x08006d10   0x000001d0   Code   RO          893    i.udp_input         udp.o
    0x08006ee0   0x08006ee0   0x0000001c   Code   RO          894    i.udp_new           udp.o
    0x08006efc   0x08006efc   0x00000058   Code   RO          895    i.udp_new_port      udp.o
    0x08006f54   0x08006f54   0x0000004c   Code   RO          571    i.udp_receive_callback  udp_echoclient.o
    0x08006fa0   0x08006fa0   0x00000006   Code   RO          896    i.udp_recv          udp.o
    0x08006fa6   0x08006fa6   0x00000002   PAD
    0x08006fa8   0x08006fa8   0x00000040   Code   RO          897    i.udp_remove        udp.o
    0x08006fe8   0x08006fe8   0x00000014   Code   RO          898    i.udp_send          udp.o
    0x08006ffc   0x08006ffc   0x0000002e   Code   RO          899    i.udp_sendto        udp.o
    0x0800702a   0x0800702a   0x000000ce   Code   RO          900    i.udp_sendto_if     udp.o
    0x080070f8   0x080070f8   0x00000024   Data   RO         1094    .constdata          memp.o
    0x0800711c   0x0800711c   0x00000008   Data   RO         1929    .constdata          ip_addr.o
    0x08007124   0x08007124   0x0000000c   Data   RO         2059    .constdata          etharp.o
    0x08007130   0x08007130   0x00000020   Data   RO         5056    Region$$Table       anon$$obj.o


    Execution Region RW_IRAM1 (Exec base: 0x20000000, Load base: 0x08007150, Size: 0x0000e1f0, Max: 0x00020000, ABSOLUTE)

    Exec Addr    Load Addr    Size         Type   Attr      Idx    E Section Name        Object

    0x20000000   0x08007150   0x00000044   Data   RW          163    .data               main.o
    0x20000044   0x08007194   0x00000005   Data   RW          423    .data               stm32f4x7_eth_bsp.o
    0x20000049   0x08007199   0x00000003   PAD
    0x2000004c   0x0800719c   0x00000004   Data   RW          573    .data               udp_echoclient.o
    0x20000050   0x080071a0   0x00000004   Data   RW          716    .data               dhcp.o
    0x20000054   0x080071a4   0x00000008   Data   RW          901    .data               udp.o
    0x2000005c   0x080071ac   0x0000000c   Data   RW         1052    .data               mem.o
    0x20000068   0x080071b8   0x00000009   Data   RW         1146    .data               netif.o
    0x20000071   0x080071c1   0x00000003   PAD
    0x20000074   0x080071c4   0x00000004   Data   RW         1354    .data               raw.o
    0x20000078   0x080071c8   0x00000024   Data   RW         1452    .data               tcp.o
    0x2000009c   0x080071ec   0x00000020   Data   RW         1653    .data               tcp_in.o
    0x200000bc   0x0800720c   0x00000012   Data   RW         1887    .data               ip.o
    0x200000ce   0x0800721e   0x00000002   PAD
    0x200000d0   0x08007220   0x00000006   Data   RW         1986    .data               ip_frag.o
    0x200000d6   0x08007226   0x00000001   Data   RW         2060    .data               etharp.o
    0x200000d7   0x08007227   0x00000010   Data   RW         3422    .data               stm32f4xx_rcc.o
    0x200000e7   0x08007237   0x00000001   PAD
    0x200000e8   0x08007238   0x00000010   Data   RW         4236    .data               stm32f4x7_eth.o
    0x200000f8   0x08007248   0x00000004   Data   RW         5028    .data               mc_w.l(stdout.o)
    0x200000fc        -       0x000048b4   Zero   RW          162    .bss                main.o
    0x200049b0        -       0x00000038   Zero   RW          337    .bss                netconf.o
    0x200049e8        -       0x000000bc   Zero   RW          422    .bss                stm32f4x7_eth_bsp.o
    0x20004aa4        -       0x00000064   Zero   RW          572    .bss                udp_echoclient.o
    0x20004b08        -       0x00002814   Zero   RW         1051    .bss                mem.o
    0x2000731c        -       0x0000391f   Zero   RW         1093    .bss                memp.o
    0x2000ac3b   0x0800724c   0x00000001   PAD
    0x2000ac3c        -       0x00000010   Zero   RW         1652    .bss                tcp_in.o
    0x2000ac4c        -       0x000000f8   Zero   RW         2058    .bss                etharp.o
    0x2000ad44        -       0x000030ac   Zero   RW         4235    .bss                stm32f4x7_eth.o
    0x2000ddf0        -       0x00000400   Zero   RW          141    STACK               startup_stm32f4xx.o


==============================================================================

Image component sizes


      Code (inc. data)   RO Data    RW Data    ZI Data      Debug   Object Name

        62          0          0          0          0       2548   def.o
      1226         26          0          4          0      10888   dhcp.o
      2170         62         12          1        248      14864   etharp.o
       798         96          0          0          0       5802   ethernetif.o
       496          8          0          0          0       4258   icmp.o
         0          0          0          0          0       3932   inet.o
       200          0          0          0          0       3113   inet_chksum.o
         0          0          0          0          0       5239   init.o
       776         32          0         18          0       8253   ip.o
        78          0          8          0          0       7726   ip_addr.o
      1652         36          0          6          0      10977   ip_frag.o
        72          4          0          0          0        550   led.o
       786         76          0         68      18612      53520   main.o
       844         68          0         12      10260       5685   mem.o
       176         26         36          0      14623       4454   memp.o
       180         24          0          0          0       2521   misc.o
       176         40          0          0         56      18148   netconf.o
       532         24          0          9          0      10842   netif.o
      1304          0          0          0          0      10703   pbuf.o
       116         14          0          4          0       1860   raw.o
        36          8        392          0       1024        832   startup_stm32f4xx.o
      2280        156          0         16      12460      17237   stm32f4x7_eth.o
      1014         76          0          5        188      34742   stm32f4x7_eth_bsp.o
       698         32          0          0          0       7434   stm32f4xx_dma.o
       200         18          0          0          0       2564   stm32f4xx_exti.o
       222          0          0          0          0       3415   stm32f4xx_gpio.o
        88          4          0          0          0       3986   stm32f4xx_it.o
       360         42          0         16          0       5808   stm32f4xx_rcc.o
        76         10          0          0          0       1438   stm32f4xx_syscfg.o
       936         26          0          0          0       9533   stm32f4xx_usart.o
       368         36          0          0          0     260393   system_stm32f4xx.o
      1644         90          0         36          0      23832   tcp.o
      4824        288          0         32         16      17723   tcp_in.o
      1698         10          0          0          0      10166   tcp_out.o
         2          0          0          0          0        571   timers.o
      1166         38          0          8          0      19482   udp.o
       376         98          0          4        100       2593   udp_echoclient.o
       176         56          0          0          0       2092   udp_echoserver.o

    ----------------------------------------------------------------------
     27844       1524        480        248      57588     609724   Object Totals
         0          0         32          0          0          0   (incl. Generated)
        36          0          0          9          1          0   (incl. Padding)

    ----------------------------------------------------------------------

      Code (inc. data)   RO Data    RW Data    ZI Data      Debug   Library Member Name

         0          0          0          0          0          0   entry.o
         0          0          0          0          0          0   entry10a.o
         0          0          0          0          0          0   entry11a.o
         8          4          0          0          0          0   entry2.o
         4          0          0          0          0          0   entry5.o
         0          0          0          0          0          0   entry7b.o
         0          0          0          0          0          0   entry8b.o
         8          4          0          0          0          0   entry9a.o
        18          0          0          0          0         80   fputc.o
        30          0          0          0          0          0   handlers.o
        36          8          0          0          0         68   init.o
         0          0          0          0          0          0   iusesemip.o
        26          0          0          0          0         80   memcmp.o
        36          0          0          0          0         68   memcpya.o
        36          0          0          0          0        108   memseta.o
       422         20          0          0          0        336   printf1.o
         0          0          0          0          0          0   semi.o
         0          0          0          4          0          0   stdout.o
        14          0          0          0          0         68   strlen.o
        44          0          0          0          0         80   uidiv.o

    ----------------------------------------------------------------------
       684         36          0          4          0        888   Library Totals
         2          0          0          0          0          0   (incl. Padding)

    ----------------------------------------------------------------------

      Code (inc. data)   RO Data    RW Data    ZI Data      Debug   Library Name

       682         36          0          4          0        888   mc_w.l

    ----------------------------------------------------------------------
       684         36          0          4          0        888   Library Totals

    ----------------------------------------------------------------------

==============================================================================


      Code (inc. data)   RO Data    RW Data    ZI Data      Debug   

     28528       1560        480        252      57588     588352   Grand Totals
     28528       1560        480        252      57588     588352   ELF Image Totals
     28528       1560        480        252          0          0   ROM Totals

==============================================================================

    Total RO  Size (Code + RO Data)                29008 (  28.33kB)
    Total RW  Size (RW Data + ZI Data)             57840 (  56.48kB)
    Total ROM Size (Code + RO Data + RW Data)      29260 (  28.57kB)

==============================================================================

