Component: ARM Compiler 5.06 update 5 (build 528) Tool: armlink [4d35e2]

==============================================================================

Section Cross References

    system_stm32f4xx.o(i.SystemCoreClockUpdate) refers to system_stm32f4xx.o(.data) for .data
    system_stm32f4xx.o(i.SystemInit) refers to system_stm32f4xx.o(i.SetSysClock) for SetSysClock
    startup_stm32f4xx.o(RESET) refers to startup_stm32f4xx.o(STACK) for __initial_sp
    startup_stm32f4xx.o(RESET) refers to startup_stm32f4xx.o(.text) for Reset_Handler
    startup_stm32f4xx.o(RESET) refers to stm32f4xx_it.o(i.NMI_Handler) for NMI_Handler
    startup_stm32f4xx.o(RESET) refers to stm32f4xx_it.o(i.HardFault_Handler) for HardFault_Handler
    startup_stm32f4xx.o(RESET) refers to stm32f4xx_it.o(i.MemManage_Handler) for MemManage_Handler
    startup_stm32f4xx.o(RESET) refers to stm32f4xx_it.o(i.BusFault_Handler) for BusFault_Handler
    startup_stm32f4xx.o(RESET) refers to stm32f4xx_it.o(i.UsageFault_Handler) for UsageFault_Handler
    startup_stm32f4xx.o(RESET) refers to stm32f4xx_it.o(i.DebugMon_Handler) for DebugMon_Handler
    startup_stm32f4xx.o(RESET) refers to stm32f4xx_it.o(i.SysTick_Handler) for SysTick_Handler
    startup_stm32f4xx.o(RESET) refers to main.o(i.USART2_IRQHandler) for USART2_IRQHandler
    startup_stm32f4xx.o(RESET) refers to stm32f4xx_it.o(i.EXTI15_10_IRQHandler) for EXTI15_10_IRQHandler
    startup_stm32f4xx.o(.text) refers to system_stm32f4xx.o(i.SystemInit) for SystemInit
    startup_stm32f4xx.o(.text) refers to entry.o(.ARM.Collect$$$$00000000) for __main
    main.o(i.Delay) refers to main.o(.data) for .data
    main.o(i.Depacket_Data) refers to pbuf.o(i.pbuf_alloc) for pbuf_alloc
    main.o(i.Depacket_Data) refers to pbuf.o(i.pbuf_take) for pbuf_take
    main.o(i.Depacket_Data) refers to netconf.o(i.New_LwIP_Pkt_Handle) for New_LwIP_Pkt_Handle
    main.o(i.Depacket_Data) refers to main.o(.data) for .data
    main.o(i.Depacket_Data) refers to main.o(.bss) for .bss
    main.o(i.Dequeue) refers to main.o(i.EmptyQueue) for EmptyQueue
    main.o(i.Enqueue) refers to main.o(i.FullQueue) for FullQueue
    main.o(i.Task_RecvData) refers to stm32f4xx_gpio.o(i.GPIO_ResetBits) for GPIO_ResetBits
    main.o(i.Task_RecvData) refers to main.o(i.Depacket_Data) for Depacket_Data
    main.o(i.Task_RecvData) refers to main.o(i.Dequeue) for Dequeue
    main.o(i.Task_RecvData) refers to stm32f4xx_gpio.o(i.GPIO_SetBits) for GPIO_SetBits
    main.o(i.Task_RecvData) refers to main.o(.data) for .data
    main.o(i.Time_Update) refers to main.o(.data) for .data
    main.o(i.USART2_IRQHandler) refers to stm32f4xx_usart.o(i.USART_GetITStatus) for USART_GetITStatus
    main.o(i.USART2_IRQHandler) refers to stm32f4xx_usart.o(i.USART_ReceiveData) for USART_ReceiveData
    main.o(i.USART2_IRQHandler) refers to main.o(i.Enqueue) for Enqueue
    main.o(i.USART2_IRQHandler) refers to stm32f4xx_usart.o(i.USART_ClearITPendingBit) for USART_ClearITPendingBit
    main.o(i.USART2_IRQHandler) refers to stm32f4xx_usart.o(i.USART_ITConfig) for USART_ITConfig
    main.o(i.USART2_IRQHandler) refers to main.o(.data) for .data
    main.o(i.main) refers to memseta.o(.text) for __aeabi_memclr
    main.o(i.main) refers to main.o(i.CreateQueue) for CreateQueue
    main.o(i.main) refers to misc.o(i.NVIC_PriorityGroupConfig) for NVIC_PriorityGroupConfig
    main.o(i.main) refers to stm32f4x7_eth_bsp.o(i.ETH_BSP_Config) for ETH_BSP_Config
    main.o(i.main) refers to netconf.o(i.LwIP_Init) for LwIP_Init
    main.o(i.main) refers to led.o(i.LED_GPIO_Config) for LED_GPIO_Config
    main.o(i.main) refers to stm32f4xx_usart.o(i.USART2_Init) for USART2_Init
    main.o(i.main) refers to stm32f4xx_usart.o(i.USART1_Init) for USART1_Init
    main.o(i.main) refers to stm32f4xx_gpio.o(i.GPIO_ResetBits) for GPIO_ResetBits
    main.o(i.main) refers to stm32f4x7_eth.o(i.ETH_CheckFrameReceived) for ETH_CheckFrameReceived
    main.o(i.main) refers to netconf.o(i.LwIP_Pkt_Handle) for LwIP_Pkt_Handle
    main.o(i.main) refers to main.o(i.Task_RecvData) for Task_RecvData
    main.o(i.main) refers to udp_echoclient.o(i.udp_echoclient_connect) for udp_echoclient_connect
    main.o(i.main) refers to main.o(.bss) for .bss
    main.o(i.main) refers to main.o(.data) for .data
    main.o(.data) refers to main.o(.bss) for Receive_buffer
    main.o(.data) refers to main.o(.bss) for Transmit_buffer
    netconf.o(i.LwIP_Init) refers to mem.o(i.mem_init) for mem_init
    netconf.o(i.LwIP_Init) refers to memp.o(i.memp_init) for memp_init
    netconf.o(i.LwIP_Init) refers to netif.o(i.netif_add) for netif_add
    netconf.o(i.LwIP_Init) refers to netif.o(i.netif_set_default) for netif_set_default
    netconf.o(i.LwIP_Init) refers to netif.o(i.netif_set_down) for netif_set_down
    netconf.o(i.LwIP_Init) refers to netif.o(i.netif_set_link_callback) for netif_set_link_callback
[...]
    i.icmp_input                             0x0800269c   Section        0  icmp.o(i.icmp_input)
    i.icmp_send_response                     0x08002798   Section        0  icmp.o(i.icmp_send_response)
    icmp_send_response                       0x08002799   Thumb Code   100  icmp.o(i.icmp_send_response)
    i.icmp_time_exceeded                     0x080027fc   Section        0  icmp.o(i.icmp_time_exceeded)
    i.inet_chksum                            0x08002804   Section        0  inet_chksum.o(i.inet_chksum)
    i.inet_chksum_pbuf                       0x08002810   Section        0  inet_chksum.o(i.inet_chksum_pbuf)
    i.ip4_addr_isbroadcast                   0x08002858   Section        0  ip_addr.o(i.ip4_addr_isbroadcast)
    i.ip_frag                                0x08002888   Section        0  ip_frag.o(i.ip_frag)
    i.ip_frag_free_pbuf_custom_ref           0x080029ec   Section        0  ip_frag.o(i.ip_frag_free_pbuf_custom_ref)
    ip_frag_free_pbuf_custom_ref             0x080029ed   Thumb Code     8  ip_frag.o(i.ip_frag_free_pbuf_custom_ref)
    i.ip_input                               0x080029f4   Section        0  ip.o(i.ip_input)
    i.ip_output                              0x08002b70   Section        0  ip.o(i.ip_output)
    i.ip_output_if                           0x08002ba4   Section        0  ip.o(i.ip_output_if)
    i.ip_reass                               0x08002c4c   Section        0  ip_frag.o(i.ip_reass)
    i.ip_reass_chain_frag_into_datagram_and_validate 0x08002dd8   Section        0  ip_frag.o(i.ip_reass_chain_frag_into_datagram_and_validate)
    ip_reass_chain_frag_into_datagram_and_validate 0x08002dd9   Thumb Code   228  ip_frag.o(i.ip_reass_chain_frag_into_datagram_and_validate)
    i.ip_reass_dequeue_datagram              0x08002ec0   Section        0  ip_frag.o(i.ip_reass_dequeue_datagram)
    ip_reass_dequeue_datagram                0x08002ec1   Thumb Code    30  ip_frag.o(i.ip_reass_dequeue_datagram)
    i.ip_reass_free_complete_datagram        0x08002ee4   Section        0  ip_frag.o(i.ip_reass_free_complete_datagram)
    ip_reass_free_complete_datagram          0x08002ee5   Thumb Code   108  ip_frag.o(i.ip_reass_free_complete_datagram)
    i.ip_reass_remove_oldest_datagram        0x08002f54   Section        0  ip_frag.o(i.ip_reass_remove_oldest_datagram)
    ip_reass_remove_oldest_datagram          0x08002f55   Thumb Code   104  ip_frag.o(i.ip_reass_remove_oldest_datagram)
    i.ip_route                               0x08002fc0   Section        0  ip.o(i.ip_route)
    i.ipfrag_free_pbuf_custom                0x08003000   Section        0  ip_frag.o(i.ipfrag_free_pbuf_custom)
    ipfrag_free_pbuf_custom                  0x08003001   Thumb Code    22  ip_frag.o(i.ipfrag_free_pbuf_custom)
    i.low_level_init                         0x08003018   Section        0  ethernetif.o(i.low_level_init)
    low_level_init                           0x08003019   Thumb Code   112  ethernetif.o(i.low_level_init)
    i.low_level_input                        0x08003098   Section        0  ethernetif.o(i.low_level_input)
    low_level_input                          0x08003099   Thumb Code   168  ethernetif.o(i.low_level_input)
    i.low_level_output                       0x08003148   Section        0  ethernetif.o(i.low_level_output)
    low_level_output                         0x08003149   Thumb Code   264  ethernetif.o(i.low_level_output)
    i.lwip_htonl                             0x0800328c   Section        0  def.o(i.lwip_htonl)
    i.lwip_htons                             0x08003290   Section        0  def.o(i.lwip_htons)
    i.lwip_ntohl                             0x08003294   Section        0  def.o(i.lwip_ntohl)
    i.lwip_ntohs                             0x08003298   Section        0  def.o(i.lwip_ntohs)
    i.lwip_standard_chksum                   0x0800329c   Section        0  inet_chksum.o(i.lwip_standard_chksum)
    lwip_standard_chksum                     0x0800329d   Thumb Code    88  inet_chksum.o(i.lwip_standard_chksum)
    i.main                                   0x080032f4   Section        0  main.o(i.main)
    i.mem_free                               0x08003374   Section        0  mem.o(i.mem_free)
    i.mem_init                               0x080033a0   Section        0  mem.o(i.mem_init)
    i.mem_malloc                             0x080033d4   Section        0  mem.o(i.mem_malloc)
    i.mem_trim                               0x0800347c   Section        0  mem.o(i.mem_trim)
    i.memp_free                              0x08003548   Section        0  memp.o(i.memp_free)
    i.memp_init                              0x08003560   Section        0  memp.o(i.memp_init)
    i.memp_malloc                            0x080035b8   Section        0  memp.o(i.memp_malloc)
    i.netif_add                              0x080035d8   Section        0  netif.o(i.netif_add)
    i.netif_set_addr                         0x08003624   Section        0  netif.o(i.netif_set_addr)
    i.netif_set_default                      0x08003644   Section        0  netif.o(i.netif_set_default)
    i.netif_set_down                         0x08003650   Section        0  netif.o(i.netif_set_down)
    i.netif_set_gw                           0x0800366a   Section        0  netif.o(i.netif_set_gw)
    i.netif_set_ipaddr                       0x08003674   Section        0  netif.o(i.netif_set_ipaddr)
    i.netif_set_link_callback                0x080036dc   Section        0  netif.o(i.netif_set_link_callback)
    i.netif_set_link_down                    0x080036e4   Section        0  netif.o(i.netif_set_link_down)
    i.netif_set_link_up                      0x080036fe   Section        0  netif.o(i.netif_set_link_up)
    i.netif_set_netmask                      0x08003740   Section        0  netif.o(i.netif_set_netmask)
    i.netif_set_up                           0x08003748   Section        0  netif.o(i.netif_set_up)
    i.pbuf_alloc                             0x08003768   Section        0  pbuf.o(i.pbuf_alloc)
    i.pbuf_alloced_custom                    0x08003880   Section        0  pbuf.o(i.pbuf_alloced_custom)
    i.pbuf_cat                               0x080038d4   Section        0  pbuf.o(i.pbuf_cat)
    i.pbuf_chain                             0x080038fc   Section        0  pbuf.o(i.pbuf_chain)
    i.pbuf_clen                              0x0800390e   Section        0  pbuf.o(i.pbuf_clen)
    i.pbuf_copy                              0x08003920   Section        0  pbuf.o(i.pbuf_copy)
    i.pbuf_free                              0x080039ba   Section        0  pbuf.o(i.pbuf_free)
    i.pbuf_header                            0x08003a0a   Section        0  pbuf.o(i.pbuf_header)
    i.pbuf_realloc                           0x08003a6a   Section        0  pbuf.o(i.pbuf_realloc)
    i.pbuf_ref                               0x08003ab8   Section        0  pbuf.o(i.pbuf_ref)
    i.pbuf_take                              0x08003ac4   Section        0  pbuf.o(i.pbuf_take)
    i.plug_holes                             0x08003b14   Section        0  mem.o(i.plug_holes)
    plug_holes                               0x08003b15   Thumb Code    78  mem.o(i.plug_holes)
    i.raw_input                              0x08003b68   Section        0  raw.o(i.raw_input)
    i.tcp_abandon                            0x08003bdc   Section        0  tcp.o(i.tcp_abandon)
    i.tcp_abort                              0x08003c68   Section        0  tcp.o(i.tcp_abort)
    i.tcp_alloc                              0x08003c70   Section        0  tcp.o(i.tcp_alloc)
    i.tcp_close                              0x08003d68   Section        0  tcp.o(i.tcp_close)
    i.tcp_close_shutdown                     0x08003d7c   Section        0  tcp.o(i.tcp_close_shutdown)
    tcp_close_shutdown                       0x08003d7d   Thumb Code   290  tcp.o(i.tcp_close_shutdown)
    i.tcp_create_segment                     0x08003ea4   Section        0  tcp_out.o(i.tcp_create_segment)
    tcp_create_segment                       0x08003ea5   Thumb Code   154  tcp_out.o(i.tcp_create_segment)
    i.tcp_eff_send_mss                       0x08003f3e   Section        0  tcp.o(i.tcp_eff_send_mss)
    i.tcp_enqueue_flags                      0x08003f5e   Section        0  tcp_out.o(i.tcp_enqueue_flags)
    i.tcp_input                              0x08004004   Section        0  tcp_in.o(i.tcp_input)
    i.tcp_listen_input                       0x08004318   Section        0  tcp_in.o(i.tcp_listen_input)
    tcp_listen_input                         0x08004319   Thumb Code   208  tcp_in.o(i.tcp_listen_input)
    i.tcp_next_iss                           0x080043fc   Section        0  tcp.o(i.tcp_next_iss)
    i.tcp_output                             0x0800440c   Section        0  tcp_out.o(i.tcp_output)
    i.tcp_output_alloc_header                0x08004598   Section        0  tcp_out.o(i.tcp_output_alloc_header)
    tcp_output_alloc_header                  0x08004599   Thumb Code   106  tcp_out.o(i.tcp_output_alloc_header)
    i.tcp_output_segment                     0x08004604   Section        0  tcp_out.o(i.tcp_output_segment)
    tcp_output_segment                       0x08004605   Thumb Code   170  tcp_out.o(i.tcp_output_segment)
    i.tcp_parseopt                           0x080046b4   Section        0  tcp_in.o(i.tcp_parseopt)
    tcp_parseopt                             0x080046b5   Thumb Code   122  tcp_in.o(i.tcp_parseopt)
    i.tcp_pcb_purge                          0x08004734   Section        0  tcp.o(i.tcp_pcb_purge)
    i.tcp_pcb_remove                         0x08004770   Section        0  tcp.o(i.tcp_pcb_remove)
    i.tcp_process                            0x080047c8   Section        0  tcp_in.o(i.tcp_process)
    tcp_process                              0x080047c9   Thumb Code   788  tcp_in.o(i.tcp_process)
    i.tcp_process_refused_data               0x08004afc   Section        0  tcp.o(i.tcp_process_refused_data)
    i.tcp_receive                            0x08004b64   Section        0  tcp_in.o(i.tcp_receive)
    tcp_receive                              0x08004b65   Thumb Code  1042  tcp_in.o(i.tcp_receive)
    i.tcp_recv_null                          0x08004f76   Section        0  tcp.o(i.tcp_recv_null)
    i.tcp_recved                             0x08004f9a   Section        0  tcp.o(i.tcp_recved)
    i.tcp_rexmit                             0x08004fd2   Section        0  tcp_out.o(i.tcp_rexmit)
    i.tcp_rexmit_fast                        0x08005024   Section        0  tcp_out.o(i.tcp_rexmit_fast)
    i.tcp_rst                                0x0800507c   Section        0  tcp_out.o(i.tcp_rst)
    i.tcp_seg_free                           0x080050f2   Section        0  tcp.o(i.tcp_seg_free)
    i.tcp_segs_free                          0x0800510e   Section        0  tcp.o(i.tcp_segs_free)
    i.tcp_send_empty_ack                     0x08005120   Section        0  tcp_out.o(i.tcp_send_empty_ack)
    i.tcp_send_fin                           0x08005168   Section        0  tcp_out.o(i.tcp_send_fin)
    i.tcp_timer_needed                       0x080051ac   Section        0  timers.o(i.tcp_timer_needed)
    i.tcp_timewait_input                     0x080051b0   Section        0  tcp_in.o(i.tcp_timewait_input)
    tcp_timewait_input                       0x080051b1   Thumb Code    92  tcp_in.o(i.tcp_timewait_input)
    i.tcp_update_rcv_ann_wnd                 0x0800521c   Section        0  tcp.o(i.tcp_update_rcv_ann_wnd)
    i.udp_bind                               0x08005250   Section        0  udp.o(i.udp_bind)
    i.udp_connect                            0x080052e8   Section        0  udp.o(i.udp_connect)
    i.udp_echoclient_connect                 0x08005338   Section        0  udp_echoclient.o(i.udp_echoclient_connect)
    i.udp_input                              0x080053d4   Section        0  udp.o(i.udp_input)
    i.udp_new                                0x0800554c   Section        0  udp.o(i.udp_new)
    i.udp_receive_callback                   0x08005568   Section        0  udp_echoclient.o(i.udp_receive_callback)
    i.udp_recv                               0x080055b0   Section        0  udp.o(i.udp_recv)
    i.udp_remove                             0x080055b8   Section        0  udp.o(i.udp_remove)
    i.udp_send                               0x080055e4   Section        0  udp.o(i.udp_send)
    i.udp_sendto                             0x080055ec   Section        0  udp.o(i.udp_sendto)
    i.udp_sendto_if                          0x08005614   Section        0  udp.o(i.udp_sendto_if)
    .constdata                               0x080056ca   Section       36  memp.o(.constdata)
    memp_sizes                               0x080056ca   Data          18  memp.o(.constdata)
    memp_num                                 0x080056dc   Data          18  memp.o(.constdata)
    .constdata                               0x080056f0   Section        4  ip_addr.o(.constdata)
    .constdata                               0x080056f4   Section       12  etharp.o(.constdata)
    .data                                    0x20000000   Section       20  main.o(.data)
    counter                                  0x2000000c   Data           4  main.o(.data)
    .data                                    0x20000014   Section        8  stm32f4x7_eth_bsp.o(.data)
    .data                                    0x2000001c   Section        4  udp_echoclient.o(.data)
    .data                                    0x20000020   Section        4  dhcp.o(.data)
    xid                                      0x20000020   Data           4  dhcp.o(.data)
    .data                                    0x20000024   Section        8  udp.o(.data)
    udp_port                                 0x20000024   Data           2  udp.o(.data)
    .data                                    0x2000002c   Section       12  mem.o(.data)
    ram                                      0x2000002c   Data           4  mem.o(.data)
    ram_end                                  0x20000030   Data           4  mem.o(.data)
    lfree                                    0x20000034   Data           4  mem.o(.data)
    .data                                    0x20000038   Section       12  netif.o(.data)
    netif_num                                0x20000038   Data           1  netif.o(.data)
    .data                                    0x20000044   Section        4  raw.o(.data)
    raw_pcbs                                 0x20000044   Data           4  raw.o(.data)
    .data                                    0x20000048   Section       36  tcp.o(.data)
    tcp_timer                                0x20000049   Data           1  tcp.o(.data)
    tcp_timer_ctr                            0x2000004a   Data           1  tcp.o(.data)
    tcp_port                                 0x2000004c   Data           2  tcp.o(.data)
    iss                                      0x20000050   Data           4  tcp.o(.data)
    .data                                    0x2000006c   Section       28  tcp_in.o(.data)
    flags                                    0x2000006c   Data           1  tcp_in.o(.data)
    recv_flags                               0x2000006d   Data           1  tcp_in.o(.data)
    tcplen                                   0x2000006e   Data           2  tcp_in.o(.data)
    tcphdr                                   0x20000070   Data           4  tcp_in.o(.data)
    iphdr                                    0x20000074   Data           4  tcp_in.o(.data)
    seqno                                    0x20000078   Data           4  tcp_in.o(.data)
    ackno                                    0x2000007c   Data           4  tcp_in.o(.data)
    recv_data                                0x20000080   Data           4  tcp_in.o(.data)
    .data                                    0x20000088   Section       20  ip.o(.data)
    ip_id                                    0x20000088   Data           2  ip.o(.data)
    .data                                    0x2000009c   Section        8  ip_frag.o(.data)
    ip_reass_pbufcount                       0x2000009c   Data           2  ip_frag.o(.data)
    reassdatagrams                           0x200000a0   Data           4  ip_frag.o(.data)
    .data                                    0x200000a4   Section        1  etharp.o(.data)
    etharp_cached_entry                      0x200000a4   Data           1  etharp.o(.data)
    .data                                    0x200000a5   Section       16  stm32f4xx_rcc.o(.data)
    APBAHBPrescTable                         0x200000a5   Data          16  stm32f4xx_rcc.o(.data)
    .data                                    0x200000b8   Section       12  stm32f4x7_eth.o(.data)
    .bss                                     0x200000c4   Section     3600  main.o(.bss)
    .bss                                     0x20000ed4   Section     7506  main.o(.bss)
    .bss                                     0x20002c28   Section       56  netconf.o(.bss)
    .bss                                     0x20002c60   Section      188  stm32f4x7_eth_bsp.o(.bss)
    .bss                                     0x20002d1c   Section      100  udp_echoclient.o(.bss)
    .bss                                     0x20002d80   Section    10260  mem.o(.bss)
    .bss                                     0x20005594   Section    14623  memp.o(.bss)
    memp_tab                                 0x20005594   Data          36  memp.o(.bss)
    memp_memory                              0x200055b8   Data       14587  memp.o(.bss)
    .bss                                     0x20008eb4   Section       16  tcp_in.o(.bss)
    inseg                                    0x20008eb4   Data          16  tcp_in.o(.bss)
    .bss                                     0x20008ec4   Section      248  etharp.o(.bss)
    arp_table                                0x20008ec4   Data         200  etharp.o(.bss)
    .bss                                     0x20008fbc   Section      128  stm32f4x7_eth.o(.bss)
    .bss                                     0x2000903c   Section      128  stm32f4x7_eth.o(.bss)
    .bss                                     0x200090bc   Section     6096  stm32f4x7_eth.o(.bss)
    .bss                                     0x2000a88c   Section     6096  stm32f4x7_eth.o(.bss)
    .bss                                     0x2000c05c   Section       12  stm32f4x7_eth.o(.bss)
    STACK                                    0x2000c068   Section     1024  startup_stm32f4xx.o(STACK)

    Global Symbols

    Symbol Name                              Value     Ov Type        Size  Object(Section)

    BuildAttributes$$THM_ISAv4$E$P$D$K$B$S$7EM$VFPi3$EXTD16$VFPS$VFMA$PE$A:L22UL41UL21$X:L11$S22US41US21$IEEE1$IW$USESV6$~STKCKD$USESV7$~SHL$OSPACE$ROPI$EBA8$MICROLIB$REQ8$PRES8$EABIv2 0x00000000   Number         0  anon$$obj.o ABSOLUTE
    __ARM_use_no_argv                        0x00000000   Number         0  main.o ABSOLUTE
    _printf_a                                0x00000000   Number         0  stubs.o ABSOLUTE
    _printf_c                                0x00000000   Number         0  stubs.o ABSOLUTE
    _printf_charcount                        0x00000000   Number         0  stubs.o ABSOLUTE
    _printf_d                                0x00000000   Number         0  stubs.o ABSOLUTE
    _printf_e                                0x00000000   Number         0  stubs.o ABSOLUTE
    _printf_f                                0x00000000   Number         0  stubs.o ABSOLUTE
    _printf_flags                            0x00000000   Number         0  stubs.o ABSOLUTE
    _printf_fp_dec                           0x00000000   Number         0  stubs.o ABSOLUTE
    _printf_fp_hex                           0x00000000   Number         0  stubs.o ABSOLUTE
    _printf_g                                0x00000000   Number         0  stubs.o ABSOLUTE
    _printf_i                                0x00000000   Number         0  stubs.o ABSOLUTE
    _printf_int_dec                          0x00000000   Number         0  stubs.o ABSOLUTE
    _printf_l                                0x00000000   Number         0  stubs.o ABSOLUTE
    _printf_lc                               0x00000000   Number         0  stubs.o ABSOLUTE
    _printf_ll                               0x00000000   Number         0  stubs.o ABSOLUTE
    _printf_lld                              0x00000000   Number         0  stubs.o ABSOLUTE
    _printf_lli                              0x00000000   Number         0  stubs.o ABSOLUTE
    _printf_llo                              0x00000000   Number         0  stubs.o ABSOLUTE
    _printf_llu                              0x00000000   Number         0  stubs.o ABSOLUTE
    _printf_llx                              0x00000000   Number         0  stubs.o ABSOLUTE
    _printf_longlong_dec                     0x00000000   Number         0  stubs.o ABSOLUTE
    _printf_longlong_hex                     0x00000000   Number         0  stubs.o ABSOLUTE
    _printf_longlong_oct                     0x00000000   Number         0  stubs.o ABSOLUTE
    _printf_ls                               0x00000000   Number         0  stubs.o ABSOLUTE
    _printf_mbtowc                           0x00000000   Number         0  stubs.o ABSOLUTE
    _printf_n                                0x00000000   Number         0  stubs.o ABSOLUTE
    _printf_o                                0x00000000   Number         0  stubs.o ABSOLUTE
    _printf_p                                0x00000000   Number         0  stubs.o ABSOLUTE
    _printf_percent                          0x00000000   Number         0  stubs.o ABSOLUTE
    _printf_pre_padding                      0x00000000   Number         0  stubs.o ABSOLUTE
    _printf_return_value                     0x00000000   Number         0  stubs.o ABSOLUTE
    _printf_s                                0x00000000   Number         0  stubs.o ABSOLUTE
    _printf_sizespec                         0x00000000   Number         0  stubs.o ABSOLUTE
    _printf_str                              0x00000000   Number         0  stubs.o ABSOLUTE
    _printf_truncate_signed                  0x00000000   Number         0  stubs.o ABSOLUTE
    _printf_truncate_unsigned                0x00000000   Number         0  stubs.o ABSOLUTE
    _printf_u                                0x00000000   Number         0  stubs.o ABSOLUTE
    _printf_wc                               0x00000000   Number         0  stubs.o ABSOLUTE
    _printf_wctomb                           0x00000000   Number         0  stubs.o ABSOLUTE
    _printf_widthprec                        0x00000000   Number         0  stubs.o ABSOLUTE
    _printf_x                                0x00000000   Number         0  stubs.o ABSOLUTE
    __cpp_initialize__aeabi_                  - Undefined Weak Reference
    __cxa_finalize                            - Undefined Weak Reference
    __decompress                              - Undefined Weak Reference
    _clock_init                               - Undefined Weak Reference
    _microlib_exit                            - Undefined Weak Reference
    __Vectors_Size                           0x00000188   Number         0  startup_stm32f4xx.o ABSOLUTE
    __Vectors                                0x08000000   Data           4  startup_stm32f4xx.o(RESET)
    __Vectors_End                            0x08000188   Data           0  startup_stm32f4xx.o(RESET)
    __main                                   0x08000189   Thumb Code     0  entry.o(.ARM.Collect$$$$00000000)
    _main_stk                                0x08000189   Thumb Code     0  entry2.o(.ARM.Collect$$$$00000001)
    _main_scatterload                        0x0800018d   Thumb Code     0  entry5.o(.ARM.Collect$$$$00000004)
    __main_after_scatterload                 0x08000191   Thumb Code     0  entry5.o(.ARM.Collect$$$$00000004)
    _main_clock                              0x08000191   Thumb Code     0  entry7b.o(.ARM.Collect$$$$00000008)
    _main_cpp_init                           0x08000191   Thumb Code     0  entry8b.o(.ARM.Collect$$$$0000000A)
    _main_init                               0x08000191   Thumb Code     0  entry9a.o(.ARM.Collect$$$$0000000B)
    __rt_final_cpp                           0x08000199   Thumb Code     0  entry10a.o(.ARM.Collect$$$$0000000D)
    __rt_final_exit                          0x08000199   Thumb Code     0  entry11a.o(.ARM.Collect$$$$0000000F)
    Reset_Handler                            0x0800019d   Thumb Code     8  startup_stm32f4xx.o(.text)
    SVC_Handler                              0x080001af   Thumb Code     2  startup_stm32f4xx.o(.text)
    PendSV_Handler                           0x080001b3   Thumb Code     2  startup_stm32f4xx.o(.text)
    ADC_IRQHandler                           0x080001b7   Thumb Code     0  startup_stm32f4xx.o(.text)
    CAN1_RX0_IRQHandler                      0x080001b7   Thumb Code     0  startup_stm32f4xx.o(.text)
    CAN1_RX1_IRQHandler                      0x080001b7   Thumb Code     0  startup_stm32f4xx.o(.text)
    CAN1_SCE_IRQHandler                      0x080001b7   Thumb Code     0  startup_stm32f4xx.o(.text)
    CAN1_TX_IRQHandler                       0x080001b7   Thumb Code     0  startup_stm32f4xx.o(.text)
    CAN2_RX0_IRQHandler                      0x080001b7   Thumb Code     0  startup_stm32f4xx.o(.text)
    CAN2_RX1_IRQHandler                      0x080001b7   Thumb Code     0  startup_stm32f4xx.o(.text)
    CAN2_SCE_IRQHandler                      0x080001b7   Thumb Code     0  startup_stm32f4xx.o(.text)
    CAN2_TX_IRQHandler                       0x080001b7   Thumb Code     0  startup_stm32f4xx.o(.text)
    CRYP_IRQHandler                          0x080001b7   Thumb Code     0  startup_stm32f4xx.o(.text)
    DCMI_IRQHandler                          0x080001b7   Thumb Code     0  startup_stm32f4xx.o(.text)
    DMA1_Stream0_IRQHandler                  0x080001b7   Thumb Code     0  startup_stm32f4xx.o(.text)
    DMA1_Stream1_IRQHandler                  0x080001b7   Thumb Code     0  startup_stm32f4xx.o(.text)
    DMA1_Stream2_IRQHandler                  0x080001b7   Thumb Code     0  startup_stm32f4xx.o(.text)
    DMA1_Stream3_IRQHandler                  0x080001b7   Thumb Code     0  startup_stm32f4xx.o(.text)
    DMA1_Stream4_IRQHandler                  0x080001b7   Thumb Code     0  startup_stm32f4xx.o(.text)
    DMA1_Stream5_IRQHandler                  0x080001b7   Thumb Code     0  startup_stm32f4xx.o(.text)
    DMA1_Stream6_IRQHandler                  0x080001b7   Thumb Code     0  startup_stm32f4xx.o(.text)
    DMA1_Stream7_IRQHandler                  0x080001b7   Thumb Code     0  startup_stm32f4xx.o(.text)
    DMA2_Stream0_IRQHandler                  0x080001b7   Thumb Code     0  startup_stm32f4xx.o(.text)
    DMA2_Stream1_IRQHandler                  0x080001b7   Thumb Code     0  startup_stm32f4xx.o(.text)
    DMA2_Stream2_IRQHandler                  0x080001b7   Thumb Code     0  startup_stm32f4xx.o(.text)
    DMA2_Stream3_IRQHandler                  0x080001b7   Thumb Code     0  startup_stm32f4xx.o(.text)
    DMA2_Stream4_IRQHandler                  0x080001b7   Thumb Code     0  startup_stm32f4xx.o(.text)
    DMA2_Stream5_IRQHandler                  0x080001b7   Thumb Code     0  startup_stm32f4xx.o(.text)
    DMA2_Stream6_IRQHandler                  0x080001b7   Thumb Code     0  startup_stm32f4xx.o(.text)
    DMA2_Stream7_IRQHandler                  0x080001b7   Thumb Code     0  startup_stm32f4xx.o(.text)
    ETH_IRQHandler                           0x080001b7   Thumb Code     0  startup_stm32f4xx.o(.text)
    ETH_WKUP_IRQHandler                      0x080001b7   Thumb Code     0  startup_stm32f4xx.o(.text)
    EXTI0_IRQHandler                         0x080001b7   Thumb Code     0  startup_stm32f4xx.o(.text)
    EXTI1_IRQHandler                         0x080001b7   Thumb Code     0  startup_stm32f4xx.o(.text)
    EXTI2_IRQHandler                         0x080001b7   Thumb Code     0  startup_stm32f4xx.o(.text)
    EXTI3_IRQHandler                         0x080001b7   Thumb Code     0  startup_stm32f4xx.o(.text)
    EXTI4_IRQHandler                         0x080001b7   Thumb Code     0  startup_stm32f4xx.o(.text)
    EXTI9_5_IRQHandler                       0x080001b7   Thumb Code     0  startup_stm32f4xx.o(.text)
    FLASH_IRQHandler                         0x080001b7   Thumb Code     0  startup_stm32f4xx.o(.text)
    FPU_IRQHandler                           0x080001b7   Thumb Code     0  startup_stm32f4xx.o(.text)
    FSMC_IRQHandler                          0x080001b7   Thumb Code     0  startup_stm32f4xx.o(.text)
    HASH_RNG_IRQHandler                      0x080001b7   Thumb Code     0  startup_stm32f4xx.o(.text)
    I2C1_ER_IRQHandler                       0x080001b7   Thumb Code     0  startup_stm32f4xx.o(.text)
    I2C1_EV_IRQHandler                       0x080001b7   Thumb Code     0  startup_stm32f4xx.o(.text)
    I2C2_ER_IRQHandler                       0x080001b7   Thumb Code     0  startup_stm32f4xx.o(.text)
    I2C2_EV_IRQHandler                       0x080001b7   Thumb Code     0  startup_stm32f4xx.o(.text)
    I2C3_ER_IRQHandler                       0x080001b7   Thumb Code     0  startup_stm32f4xx.o(.text)
    I2C3_EV_IRQHandler                       0x080001b7   Thumb Code     0  startup_stm32f4xx.o(.text)
    OTG_FS_IRQHandler                        0x080001b7   Thumb Code     0  startup_stm32f4xx.o(.text)
    OTG_FS_WKUP_IRQHandler                   0x080001b7   Thumb Code     0  startup_stm32f4xx.o(.text)
    OTG_HS_EP1_IN_IRQHandler                 0x080001b7   Thumb Code     0  startup_stm32f4xx.o(.text)
    OTG_HS_EP1_OUT_IRQHandler                0x080001b7   Thumb Code     0  startup_stm32f4xx.o(.text)
    OTG_HS_IRQHandler                        0x080001b7   Thumb Code     0  startup_stm32f4xx.o(.text)
    OTG_HS_WKUP_IRQHandler                   0x080001b7   Thumb Code     0  startup_stm32f4xx.o(.text)
    PVD_IRQHandler                           0x080001b7   Thumb Code     0  startup_stm32f4xx.o(.text)
    RCC_IRQHandler                           0x080001b7   Thumb Code     0  startup_stm32f4xx.o(.text)
    RTC_Alarm_IRQHandler                     0x080001b7   Thumb Code     0  startup_stm32f4xx.o(.text)
    RTC_WKUP_IRQHandler                      0x080001b7   Thumb Code     0  startup_stm32f4xx.o(.text)
    SDIO_IRQHandler                          0x080001b7   Thumb Code     0  startup_stm32f4xx.o(.text)
    SPI1_IRQHandler                          0x080001b7   Thumb Code     0  startup_stm32f4xx.o(.text)
    SPI2_IRQHandler                          0x080001b7   Thumb Code     0  startup_stm32f4xx.o(.text)
    SPI3_IRQHandler                          0x080001b7   Thumb Code     0  startup_stm32f4xx.o(.text)
    TAMP_STAMP_IRQHandler                    0x080001b7   Thumb Code     0  startup_stm32f4xx.o(.text)
    TIM1_BRK_TIM9_IRQHandler                 0x080001b7   Thumb Code     0  startup_stm32f4xx.o(.text)
    TIM1_CC_IRQHandler                       0x080001b7   Thumb Code     0  startup_stm32f4xx.o(.text)
    TIM1_TRG_COM_TIM11_IRQHandler            0x080001b7   Thumb Code     0  startup_stm32f4xx.o(.text)
    TIM1_UP_TIM10_IRQHandler                 0x080001b7   Thumb Code     0  startup_stm32f4xx.o(.text)
    TIM2_IRQHandler                          0x080001b7   Thumb Code     0  startup_stm32f4xx.o(.text)
    TIM3_IRQHandler                          0x080001b7   Thumb Code     0  startup_stm32f4xx.o(.text)
    TIM4_IRQHandler                          0x080001b7   Thumb Code     0  startup_stm32f4xx.o(.text)
    TIM5_IRQHandler                          0x080001b7   Thumb Code     0  startup_stm32f4xx.o(.text)
    TIM6_DAC_IRQHandler                      0x080001b7   Thumb Code     0  startup_stm32f4xx.o(.text)
    TIM7_IRQHandler                          0x080001b7   Thumb Code     0  startup_stm32f4xx.o(.text)
    TIM8_BRK_TIM12_IRQHandler                0x080001b7   Thumb Code     0  startup_stm32f4xx.o(.text)
    TIM8_CC_IRQHandler                       0x080001b7   Thumb Code     0  startup_stm32f4xx.o(.text)
    TIM8_TRG_COM_TIM14_IRQHandler            0x080001b7   Thumb Code     0  startup_stm32f4xx.o(.text)
    TIM8_UP_TIM13_IRQHandler                 0x080001b7   Thumb Code     0  startup_stm32f4xx.o(.text)
    UART4_IRQHandler                         0x080001b7   Thumb Code     0  startup_stm32f4xx.o(.text)
    UART5_IRQHandler                         0x080001b7   Thumb Code     0  startup_stm32f4xx.o(.text)
    USART1_IRQHandler                        0x080001b7   Thumb Code     0  startup_stm32f4xx.o(.text)
    USART3_IRQHandler                        0x080001b7   Thumb Code     0  startup_stm32f4xx.o(.text)
    USART6_IRQHandler                        0x080001b7   Thumb Code     0  startup_stm32f4xx.o(.text)
    WWDG_IRQHandler                          0x080001b7   Thumb Code     0  startup_stm32f4xx.o(.text)
    __aeabi_memcpy                           0x080001c1   Thumb Code    36  memcpya.o(.text)
    __aeabi_memcpy4                          0x080001c1   Thumb Code     0  memcpya.o(.text)
    __aeabi_memcpy8                          0x080001c1   Thumb Code     0  memcpya.o(.text)
    __aeabi_memset                           0x080001e5   Thumb Code    14  memseta.o(.text)
    __aeabi_memset4                          0x080001e5   Thumb Code     0  memseta.o(.text)
    __aeabi_memset8                          0x080001e5   Thumb Code     0  memseta.o(.text)
    __aeabi_memclr                           0x080001f3   Thumb Code     4  memseta.o(.text)
    __aeabi_memclr4                          0x080001f3   Thumb Code     0  memseta.o(.text)
    __aeabi_memclr8                          0x080001f3   Thumb Code     0  memseta.o(.text)
    _memset$wrapper                          0x080001f7   Thumb Code    18  memseta.o(.text)
    strlen                                   0x08000209   Thumb Code    14  strlen.o(.text)
    memcmp                                   0x08000217   Thumb Code    26  memcmp.o(.text)
    __aeabi_uidiv                            0x08000231   Thumb Code     0  uidiv.o(.text)
    __aeabi_uidivmod                         0x08000231   Thumb Code    44  uidiv.o(.text)
    __scatterload                            0x0800025d   Thumb Code    28  init.o(.text)
    __scatterload_rt2                        0x0800025d   Thumb Code     0  init.o(.text)
    BusFault_Handler                         0x08000281   Thumb Code     2  stm32f4xx_it.o(i.BusFault_Handler)
    CreateQueue                              0x08000283   Thumb Code    18  main.o(i.CreateQueue)
    DMA_Cmd                                  0x08000295   Thumb Code    20  stm32f4xx_dma.o(i.DMA_Cmd)
    DMA_DeInit                               0x080002a9   Thumb Code   272  stm32f4xx_dma.o(i.DMA_DeInit)
    DMA_GetCmdStatus                         0x080003cd   Thumb Code    14  stm32f4xx_dma.o(i.DMA_GetCmdStatus)
    DMA_Init                                 0x080003dd   Thumb Code    80  stm32f4xx_dma.o(i.DMA_Init)
    DebugMon_Handler                         0x08000431   Thumb Code     2  stm32f4xx_it.o(i.DebugMon_Handler)
    Delay                                    0x08000435   Thumb Code    16  main.o(i.Delay)
    Depacket_Data                            0x08000449   Thumb Code   134  main.o(i.Depacket_Data)
    Dequeue                                  0x080004d9   Thumb Code    54  main.o(i.Dequeue)
    ETH_BSP_Config                           0x08000511   Thumb Code   110  stm32f4x7_eth_bsp.o(i.ETH_BSP_Config)
    ETH_CheckFrameReceived                   0x08000585   Thumb Code   108  stm32f4x7_eth.o(i.ETH_CheckFrameReceived)
    ETH_DMAReceptionCmd                      0x080005f5   Thumb Code    22  stm32f4x7_eth.o(i.ETH_DMAReceptionCmd)
    ETH_DMARxDescChainInit                   0x08000611   Thumb Code    74  stm32f4x7_eth.o(i.ETH_DMARxDescChainInit)
    ETH_DMATransmissionCmd                   0x08000669   Thumb Code    22  stm32f4x7_eth.o(i.ETH_DMATransmissionCmd)
    ETH_DMATxDescChainInit                   0x08000685   Thumb Code    62  stm32f4x7_eth.o(i.ETH_DMATxDescChainInit)
    ETH_DMATxDescChecksumInsertionConfig     0x080006cd   Thumb Code     8  stm32f4x7_eth.o(i.ETH_DMATxDescChecksumInsertionConfig)
    ETH_DeInit                               0x080006d5   Thumb Code    24  stm32f4x7_eth.o(i.ETH_DeInit)
    ETH_FlushTransmitFIFO                    0x080006ed   Thumb Code    28  stm32f4x7_eth.o(i.ETH_FlushTransmitFIFO)
    ETH_GetSoftwareResetStatus               0x080007d1   Thumb Code    14  stm32f4x7_eth.o(i.ETH_GetSoftwareResetStatus)
    ETH_Get_Received_Frame                   0x080007e5   Thumb Code    32  stm32f4x7_eth.o(i.ETH_Get_Received_Frame)
    ETH_Init                                 0x08000809   Thumb Code   616  stm32f4x7_eth.o(i.ETH_Init)
    ETH_MACAddressConfig                     0x08000aa5   Thumb Code    22  stm32f4x7_eth.o(i.ETH_MACAddressConfig)
    ETH_MACReceptionCmd                      0x08000b45   Thumb Code    42  stm32f4x7_eth.o(i.ETH_MACReceptionCmd)
    ETH_MACTransmissionCmd                   0x08000b75   Thumb Code    42  stm32f4x7_eth.o(i.ETH_MACTransmissionCmd)
    ETH_Prepare_Transmit_Descriptors         0x08000ba5   Thumb Code   168  stm32f4x7_eth.o(i.ETH_Prepare_Transmit_Descriptors)
    ETH_ReadPHYRegister                      0x08000c55   Thumb Code    80  stm32f4x7_eth.o(i.ETH_ReadPHYRegister)
    ETH_SoftwareReset                        0x08000cad   Thumb Code    12  stm32f4x7_eth.o(i.ETH_SoftwareReset)
    ETH_Start                                0x08000cbd   Thumb Code    34  stm32f4x7_eth.o(i.ETH_Start)
    ETH_Stop                                 0x08000cdf   Thumb Code    34  stm32f4x7_eth.o(i.ETH_Stop)
    ETH_StructInit                           0x08000d01   Thumb Code   136  stm32f4x7_eth.o(i.ETH_StructInit)
    ETH_WritePHYRegister                     0x08000d89   Thumb Code    76  stm32f4x7_eth.o(i.ETH_WritePHYRegister)
    ETH_link_callback                        0x08000ddd   Thumb Code   174  stm32f4x7_eth_bsp.o(i.ETH_link_callback)
    EXTI15_10_IRQHandler                     0x08000ea9   Thumb Code    62  stm32f4xx_it.o(i.EXTI15_10_IRQHandler)
    EXTI_ClearITPendingBit                   0x08000eed   Thumb Code     6  stm32f4xx_exti.o(i.EXTI_ClearITPendingBit)
    EXTI_GetITStatus                         0x08000ef9   Thumb Code    28  stm32f4xx_exti.o(i.EXTI_GetITStatus)
    EXTI_Init                                0x08000f19   Thumb Code   108  stm32f4xx_exti.o(i.EXTI_Init)
    EmptyQueue                               0x08000f89   Thumb Code    24  main.o(i.EmptyQueue)
    Enqueue                                  0x08000fa1   Thumb Code    52  main.o(i.Enqueue)
    Eth_Link_EXTIConfig                      0x08000fd5   Thumb Code    98  stm32f4x7_eth_bsp.o(i.Eth_Link_EXTIConfig)
    Eth_Link_ITHandler                       0x0800103d   Thumb Code    54  stm32f4x7_eth_bsp.o(i.Eth_Link_ITHandler)
    Eth_Link_PHYITConfig                     0x0800107d   Thumb Code    54  stm32f4x7_eth_bsp.o(i.Eth_Link_PHYITConfig)
    FullQueue                                0x080010b3   Thumb Code    36  main.o(i.FullQueue)
    GPIO_Init                                0x080010d7   Thumb Code   162  stm32f4xx_gpio.o(i.GPIO_Init)
    GPIO_PinAFConfig                         0x08001179   Thumb Code    32  stm32f4xx_gpio.o(i.GPIO_PinAFConfig)
    GPIO_ResetBits                           0x08001199   Thumb Code     4  stm32f4xx_gpio.o(i.GPIO_ResetBits)
    GPIO_SetBits                             0x0800119d   Thumb Code     4  stm32f4xx_gpio.o(i.GPIO_SetBits)
    HardFault_Handler                        0x080011a1   Thumb Code     2  stm32f4xx_it.o(i.HardFault_Handler)
    LED_GPIO_Config                          0x080011a5   Thumb Code    70  led.o(i.LED_GPIO_Config)
    LwIP_Init                                0x080011f1   Thumb Code   100  netconf.o(i.LwIP_Init)
    LwIP_Pkt_Handle                          0x08001271   Thumb Code     6  netconf.o(i.LwIP_Pkt_Handle)
    MemManage_Handler                        0x0800127d   Thumb Code     2  stm32f4xx_it.o(i.MemManage_Handler)
    MyDMA_Config                             0x08001281   Thumb Code   112  stm32f4xx_dma.o(i.MyDMA_Config)
    MyDMA_Enable                             0x080012f5   Thumb Code    36  stm32f4xx_dma.o(i.MyDMA_Enable)
    NMI_Handler                              0x08001319   Thumb Code     2  stm32f4xx_it.o(i.NMI_Handler)
    NVIC_Init                                0x0800131d   Thumb Code    96  misc.o(i.NVIC_Init)
    NVIC_PriorityGroupConfig                 0x08001381   Thumb Code    10  misc.o(i.NVIC_PriorityGroupConfig)
    New_LwIP_Pkt_Handle                      0x080013b5   Thumb Code    12  netconf.o(i.New_LwIP_Pkt_Handle)
    Packet_Data                              0x080013c5   Thumb Code    40  stm32f4xx_dma.o(i.Packet_Data)
    RCC_AHB1PeriphClockCmd                   0x080013ed   Thumb Code    18  stm32f4xx_rcc.o(i.RCC_AHB1PeriphClockCmd)
    RCC_AHB1PeriphResetCmd                   0x08001405   Thumb Code    18  stm32f4xx_rcc.o(i.RCC_AHB1PeriphResetCmd)
    RCC_APB1PeriphClockCmd                   0x0800141d   Thumb Code    18  stm32f4xx_rcc.o(i.RCC_APB1PeriphClockCmd)
    RCC_APB2PeriphClockCmd                   0x08001435   Thumb Code    18  stm32f4xx_rcc.o(i.RCC_APB2PeriphClockCmd)
    RCC_GetClocksFreq                        0x0800144d   Thumb Code   132  stm32f4xx_rcc.o(i.RCC_GetClocksFreq)
    SYSCFG_ETH_MediaInterfaceConfig          0x080014e1   Thumb Code     8  stm32f4xx_syscfg.o(i.SYSCFG_ETH_MediaInterfaceConfig)
    SYSCFG_EXTILineConfig                    0x080014ed   Thumb Code    42  stm32f4xx_syscfg.o(i.SYSCFG_EXTILineConfig)
    SysTick_CLKSourceConfig                  0x080015e9   Thumb Code    24  misc.o(i.SysTick_CLKSourceConfig)
    SysTick_Handler                          0x08001601   Thumb Code     4  stm32f4xx_it.o(i.SysTick_Handler)
    SystemInit                               0x08001605   Thumb Code    74  system_stm32f4xx.o(i.SystemInit)
    Task_RecvData                            0x08001661   Thumb Code    46  main.o(i.Task_RecvData)
    Time_Update                              0x08001699   Thumb Code    10  main.o(i.Time_Update)
    USART1_Init                              0x080016a9   Thumb Code   208  stm32f4xx_usart.o(i.USART1_Init)
    USART2_IRQHandler                        0x08001781   Thumb Code    82  main.o(i.USART2_IRQHandler)
    USART2_Init                              0x080017dd   Thumb Code   208  stm32f4xx_usart.o(i.USART2_Init)
    USART_ClearITPendingBit                  0x080018b5   Thumb Code    12  stm32f4xx_usart.o(i.USART_ClearITPendingBit)
    USART_ClockInit                          0x080018c1   Thumb Code    28  stm32f4xx_usart.o(i.USART_ClockInit)
    USART_ClockStructInit                    0x080018dd   Thumb Code    12  stm32f4xx_usart.o(i.USART_ClockStructInit)
    USART_Cmd                                0x080018e9   Thumb Code    20  stm32f4xx_usart.o(i.USART_Cmd)
    USART_DMACmd                             0x080018fd   Thumb Code    16  stm32f4xx_usart.o(i.USART_DMACmd)
    USART_GetITStatus                        0x0800190d   Thumb Code    62  stm32f4xx_usart.o(i.USART_GetITStatus)
    USART_ITConfig                           0x0800194b   Thumb Code    48  stm32f4xx_usart.o(i.USART_ITConfig)
    USART_Init                               0x0800197d   Thumb Code   164  stm32f4xx_usart.o(i.USART_Init)
    USART_ReceiveData                        0x08001a29   Thumb Code     8  stm32f4xx_usart.o(i.USART_ReceiveData)
    UsageFault_Handler                       0x08001a31   Thumb Code     2  stm32f4xx_it.o(i.UsageFault_Handler)
    __0sprintf$1                             0x08001a35   Thumb Code    34  printf1.o(i.__0sprintf$1)
    __1sprintf$1                             0x08001a35   Thumb Code     0  printf1.o(i.__0sprintf$1)
    __2sprintf                               0x08001a35   Thumb Code     0  printf1.o(i.__0sprintf$1)
    __scatterload_copy                       0x08001a5d   Thumb Code    14  handlers.o(i.__scatterload_copy)
    __scatterload_null                       0x08001a6b   Thumb Code     2  handlers.o(i.__scatterload_null)
    __scatterload_zeroinit                   0x08001a6d   Thumb Code    14  handlers.o(i.__scatterload_zeroinit)
    dhcp_arp_reply                           0x08001bdb   Thumb Code    30  dhcp.o(i.dhcp_arp_reply)
    dhcp_network_changed                     0x08001e69   Thumb Code    70  dhcp.o(i.dhcp_network_changed)
    etharp_cleanup_netif                     0x080020f1   Thumb Code    42  etharp.o(i.etharp_cleanup_netif)
    etharp_output                            0x08002221   Thumb Code   246  etharp.o(i.etharp_output)
    etharp_query                             0x08002369   Thumb Code   228  etharp.o(i.etharp_query)
    etharp_request                           0x080024f5   Thumb Code    32  etharp.o(i.etharp_request)
    ethernet_input                           0x080025b5   Thumb Code   138  etharp.o(i.ethernet_input)
    ethernetif_init                          0x08002645   Thumb Code    30  ethernetif.o(i.ethernetif_init)
    ethernetif_input                         0x0800266d   Thumb Code    38  ethernetif.o(i.ethernetif_input)
    icmp_dest_unreach                        0x08002693   Thumb Code     8  icmp.o(i.icmp_dest_unreach)
    icmp_input                               0x0800269d   Thumb Code   242  icmp.o(i.icmp_input)
    icmp_time_exceeded                       0x080027fd   Thumb Code     8  icmp.o(i.icmp_time_exceeded)
    inet_chksum                              0x08002805   Thumb Code    12  inet_chksum.o(i.inet_chksum)
    inet_chksum_pbuf                         0x08002811   Thumb Code    72  inet_chksum.o(i.inet_chksum_pbuf)
    ip4_addr_isbroadcast                     0x08002859   Thumb Code    46  ip_addr.o(i.ip4_addr_isbroadcast)
    ip_frag                                  0x08002889   Thumb Code   352  ip_frag.o(i.ip_frag)
    ip_input                                 0x080029f5   Thumb Code   372  ip.o(i.ip_input)
    ip_output                                0x08002b71   Thumb Code    52  ip.o(i.ip_output)
    ip_output_if                             0x08002ba5   Thumb Code   164  ip.o(i.ip_output_if)
    ip_reass                                 0x08002c4d   Thumb Code   392  ip_frag.o(i.ip_reass)
    ip_route                                 0x08002fc1   Thumb Code    54  ip.o(i.ip_route)
    lwip_htonl                               0x0800328d   Thumb Code     4  def.o(i.lwip_htonl)
    lwip_htons                               0x08003291   Thumb Code     4  def.o(i.lwip_htons)
    lwip_ntohl                               0x08003295   Thumb Code     4  def.o(i.lwip_ntohl)
    lwip_ntohs                               0x08003299   Thumb Code     4  def.o(i.lwip_ntohs)
    main                                     0x080032f5   Thumb Code   106  main.o(i.main)
    mem_free                                 0x08003375   Thumb Code    40  mem.o(i.mem_free)
    mem_init                                 0x080033a1   Thumb Code    42  mem.o(i.mem_init)
    mem_malloc                               0x080033d5   Thumb Code   162  mem.o(i.mem_malloc)
    mem_trim                                 0x0800347d   Thumb Code   200  mem.o(i.mem_trim)
    memp_free                                0x08003549   Thumb Code    18  memp.o(i.memp_free)
    memp_init                                0x08003561   Thumb Code    78  memp.o(i.memp_init)
    memp_malloc                              0x080035b9   Thumb Code    28  memp.o(i.memp_malloc)
    netif_add                                0x080035d9   Thumb Code    72  netif.o(i.netif_add)
    netif_set_addr                           0x08003625   Thumb Code    32  netif.o(i.netif_set_addr)
    netif_set_default                        0x08003645   Thumb Code     6  netif.o(i.netif_set_default)
    netif_set_down                           0x08003651   Thumb Code    26  netif.o(i.netif_set_down)
    netif_set_gw                             0x0800366b   Thumb Code     8  netif.o(i.netif_set_gw)
    netif_set_ipaddr                         0x08003675   Thumb Code    96  netif.o(i.netif_set_ipaddr)
    netif_set_link_callback                  0x080036dd   Thumb Code     8  netif.o(i.netif_set_link_callback)
    netif_set_link_down                      0x080036e5   Thumb Code    26  netif.o(i.netif_set_link_down)
    netif_set_link_up                        0x080036ff   Thumb Code    66  netif.o(i.netif_set_link_up)
    netif_set_netmask                        0x08003741   Thumb Code     8  netif.o(i.netif_set_netmask)
    netif_set_up                             0x08003749   Thumb Code    32  netif.o(i.netif_set_up)
    pbuf_alloc                               0x08003769   Thumb Code   280  pbuf.o(i.pbuf_alloc)
    pbuf_alloced_custom                      0x08003881   Thumb Code    84  pbuf.o(i.pbuf_alloced_custom)
    pbuf_cat                                 0x080038d5   Thumb Code    40  pbuf.o(i.pbuf_cat)
    pbuf_chain                               0x080038fd   Thumb Code    18  pbuf.o(i.pbuf_chain)
    pbuf_clen                                0x0800390f   Thumb Code    18  pbuf.o(i.pbuf_clen)
    pbuf_copy                                0x08003921   Thumb Code   154  pbuf.o(i.pbuf_copy)
    pbuf_free                                0x080039bb   Thumb Code    80  pbuf.o(i.pbuf_free)
    pbuf_header                              0x08003a0b   Thumb Code    96  pbuf.o(i.pbuf_header)
    pbuf_realloc                             0x08003a6b   Thumb Code    78  pbuf.o(i.pbuf_realloc)
    pbuf_ref                                 0x08003ab9   Thumb Code    12  pbuf.o(i.pbuf_ref)
    pbuf_take                                0x08003ac5   Thumb Code    78  pbuf.o(i.pbuf_take)
    raw_input                                0x08003b69   Thumb Code   104  raw.o(i.raw_input)
    tcp_abandon                              0x08003bdd   Thumb Code   136  tcp.o(i.tcp_abandon)
    tcp_abort                                0x08003c69   Thumb Code     6  tcp.o(i.tcp_abort)
    tcp_alloc                                0x08003c71   Thumb Code   236  tcp.o(i.tcp_alloc)
    tcp_close                                0x08003d69   Thumb Code    20  tcp.o(i.tcp_close)
    tcp_eff_send_mss                         0x08003f3f   Thumb Code    32  tcp.o(i.tcp_eff_send_mss)
    tcp_enqueue_flags                        0x08003f5f   Thumb Code   166  tcp_out.o(i.tcp_enqueue_flags)
    tcp_input                                0x08004005   Thumb Code   758  tcp_in.o(i.tcp_input)
    tcp_next_iss                             0x080043fd   Thumb Code    12  tcp.o(i.tcp_next_iss)
    tcp_output                               0x0800440d   Thumb Code   392  tcp_out.o(i.tcp_output)
    tcp_pcb_purge                            0x08004735   Thumb Code    58  tcp.o(i.tcp_pcb_purge)
    tcp_pcb_remove                           0x08004771   Thumb Code    82  tcp.o(i.tcp_pcb_remove)
    tcp_process_refused_data                 0x08004afd   Thumb Code   102  tcp.o(i.tcp_process_refused_data)
    tcp_recv_null                            0x08004f77   Thumb Code    36  tcp.o(i.tcp_recv_null)
    tcp_recved                               0x08004f9b   Thumb Code    56  tcp.o(i.tcp_recved)
    tcp_rexmit                               0x08004fd3   Thumb Code    82  tcp_out.o(i.tcp_rexmit)
    tcp_rexmit_fast                          0x08005025   Thumb Code    88  tcp_out.o(i.tcp_rexmit_fast)
    tcp_rst                                  0x0800507d   Thumb Code   118  tcp_out.o(i.tcp_rst)
    tcp_seg_free                             0x080050f3   Thumb Code    28  tcp.o(i.tcp_seg_free)
    tcp_segs_free                            0x0800510f   Thumb Code    18  tcp.o(i.tcp_segs_free)
    tcp_send_empty_ack                       0x08005121   Thumb Code    72  tcp_out.o(i.tcp_send_empty_ack)
    tcp_send_fin                             0x08005169   Thumb Code    68  tcp_out.o(i.tcp_send_fin)
    tcp_timer_needed                         0x080051ad   Thumb Code     2  timers.o(i.tcp_timer_needed)
    tcp_update_rcv_ann_wnd                   0x0800521d   Thumb Code    52  tcp.o(i.tcp_update_rcv_ann_wnd)
    udp_bind                                 0x08005251   Thumb Code   148  udp.o(i.udp_bind)
    udp_connect                              0x080052e9   Thumb Code    74  udp.o(i.udp_connect)
    udp_echoclient_connect                   0x08005339   Thumb Code   108  udp_echoclient.o(i.udp_echoclient_connect)
    udp_input                                0x080053d5   Thumb Code   364  udp.o(i.udp_input)
    udp_new                                  0x0800554d   Thumb Code    26  udp.o(i.udp_new)
    udp_receive_callback                     0x08005569   Thumb Code    62  udp_echoclient.o(i.udp_receive_callback)
    udp_recv                                 0x080055b1   Thumb Code     6  udp.o(i.udp_recv)
    udp_remove                               0x080055b9   Thumb Code    40  udp.o(i.udp_remove)
    udp_send                                 0x080055e5   Thumb Code     8  udp.o(i.udp_send)
    udp_sendto                               0x080055ed   Thumb Code    40  udp.o(i.udp_sendto)
    udp_sendto_if                            0x08005615   Thumb Code   182  udp.o(i.udp_sendto_if)
    ip_addr_broadcast                        0x080056f0   Data           4  ip_addr.o(.constdata)
    ethbroadcast                             0x080056f4   Data           6  etharp.o(.constdata)
    ethzero                                  0x080056fa   Data           6  etharp.o(.constdata)
    Region$$Table$$Base                      0x08005700   Number         0  anon$$obj.o(Region$$Table)
    Region$$Table$$Limit                     0x08005720   Number         0  anon$$obj.o(Region$$Table)
    Depacket_state                           0x20000000   Data           1  main.o(.data)
    Depacket_len                             0x20000002   Data           2  main.o(.data)
    LocalTime                                0x20000004   Data           4  main.o(.data)
    Recv                                     0x20000008   Data           4  main.o(.data)
    timingdelay                              0x20000010   Data           4  main.o(.data)
    EthLinkStatus                            0x20000014   Data           1  stm32f4x7_eth_bsp.o(.data)
    EthStatus                                0x20000018   Data           4  stm32f4x7_eth_bsp.o(.data)
    message_count                            0x2000001c   Data           4  udp_echoclient.o(.data)
    udp_pcbs                                 0x20000028   Data           4  udp.o(.data)
    netif_list                               0x2000003c   Data           4  netif.o(.data)
    netif_default                            0x20000040   Data           4  netif.o(.data)
    tcp_active_pcbs_changed                  0x20000048   Data           1  tcp.o(.data)
    tcp_ticks                                0x20000054   Data           4  tcp.o(.data)
    tcp_bound_pcbs                           0x20000058   Data           4  tcp.o(.data)
    tcp_listen_pcbs                          0x2000005c   Data           4  tcp.o(.data)
    tcp_active_pcbs                          0x20000060   Data           4  tcp.o(.data)
    tcp_tw_pcbs                              0x20000064   Data           4  tcp.o(.data)
    tcp_tmp_pcb                              0x20000068   Data           4  tcp.o(.data)
    tcp_input_pcb                            0x20000084   Data           4  tcp_in.o(.data)
    current_netif                            0x2000008c   Data           4  ip.o(.data)
    current_header                           0x20000090   Data           4  ip.o(.data)
    current_iphdr_src                        0x20000094   Data           4  ip.o(.data)
    current_iphdr_dest                       0x20000098   Data           4  ip.o(.data)
    DMATxDescToSet                           0x200000b8   Data           4  stm32f4x7_eth.o(.data)
    DMARxDescToGet                           0x200000bc   Data           4  stm32f4x7_eth.o(.data)
    DMA_RX_FRAME_infos                       0x200000c0   Data           4  stm32f4x7_eth.o(.data)
    Packet_buff                              0x200000c4   Data        1800  main.o(.bss)
    Depacket_buff                            0x200007cc   Data        1800  main.o(.bss)
    Receive_buffer                           0x20000ed4   Data        7506  main.o(.bss)
    gnetif                                   0x20002c28   Data          56  netconf.o(.bss)
    ETH_InitStructure                        0x20002c60   Data         188  stm32f4x7_eth_bsp.o(.bss)
    data                                     0x20002d1c   Data         100  udp_echoclient.o(.bss)
    ram_heap                                 0x20002d80   Data       10260  mem.o(.bss)
    RT_Entry                                 0x20008f8c   Data          48  etharp.o(.bss)
    DMARxDscrTab                             0x20008fbc   Data         128  stm32f4x7_eth.o(.bss)
    DMATxDscrTab                             0x2000903c   Data         128  stm32f4x7_eth.o(.bss)
    Rx_Buff                                  0x200090bc   Data        6096  stm32f4x7_eth.o(.bss)
    Tx_Buff                                  0x2000a88c   Data        6096  stm32f4x7_eth.o(.bss)
    RX_Frame_Descriptor                      0x2000c05c   Data          12  stm32f4x7_eth.o(.bss)
    __initial_sp                             0x2000c468   Data           0  startup_stm32f4xx.o(STACK)



==============================================================================

Memory Map of the image

  Image Entry point : 0x08000189

  Load Region LR_IROM1 (Base: 0x08000000, Size: 0x000057e4, Max: 0x00080000, ABSOLUTE)

    Execution Region ER_IROM1 (Exec base: 0x08000000, Load base: 0x08000000, Size: 0x00005720, Max: 0x00080000, ABSOLUTE)

    Exec Addr    Load Addr    Size         Type   Attr      Idx    E Section Name        Object

    0x08000000   0x08000000   0x00000188   Data   RO          143    RESET               startup_stm32f4xx.o
    0x08000188   0x08000188   0x00000000   Code   RO         4676  * .ARM.Collect$$$$00000000  mc_w.l(entry.o)
    0x08000188   0x08000188   0x00000004   Code   RO         4950    .ARM.Collect$$$$00000001  mc_w.l(entry2.o)
    0x0800018c   0x0800018c   0x00000004   Code   RO         4953    .ARM.Collect$$$$00000004  mc_w.l(entry5.o)
    0x08000190   0x08000190   0x00000000   Code   RO         4955    .ARM.Collect$$$$00000008  mc_w.l(entry7b.o)
    0x08000190   0x08000190   0x00000000   Code   RO         4957    .ARM.Collect$$$$0000000A  mc_w.l(entry8b.o)
    0x08000190   0x08000190   0x00000008   Code   RO         4958    .ARM.Collect$$$$0000000B  mc_w.l(entry9a.o)
    0x08000198   0x08000198   0x00000000   Code   RO         4960    .ARM.Collect$$$$0000000D  mc_w.l(entry10a.o)
    0x08000198   0x08000198   0x00000000   Code   RO         4962    .ARM.Collect$$$$0000000F  mc_w.l(entry11a.o)
    0x08000198   0x08000198   0x00000004   Code   RO         4951    .ARM.Collect$$$$00002712  mc_w.l(entry2.o)
    0x0800019c   0x0800019c   0x00000024   Code   RO          144    .text               startup_stm32f4xx.o
    0x080001c0   0x080001c0   0x00000024   Code   RO         4679    .text               mc_w.l(memcpya.o)
    0x080001e4   0x080001e4   0x00000024   Code   RO         4681    .text               mc_w.l(memseta.o)
    0x08000208   0x08000208   0x0000000e   Code   RO         4683    .text               mc_w.l(strlen.o)
    0x08000216   0x08000216   0x0000001a   Code   RO         4685    .text               mc_w.l(memcmp.o)
    0x08000230   0x08000230   0x0000002c   Code   RO         4967    .text               mc_w.l(uidiv.o)
    0x0800025c   0x0800025c   0x00000024   Code   RO         4982    .text               mc_w.l(init.o)
    0x08000280   0x08000280   0x00000002   Code   RO          492    i.BusFault_Handler  stm32f4xx_it.o
    0x08000282   0x08000282   0x00000012   Code   RO          150    i.CreateQueue       main.o
    0x08000294   0x08000294   0x00000014   Code   RO         2674    i.DMA_Cmd           stm32f4xx_dma.o
    0x080002a8   0x080002a8   0x00000124   Code   RO         2675    i.DMA_DeInit        stm32f4xx_dma.o
    0x080003cc   0x080003cc   0x0000000e   Code   RO         2679    i.DMA_GetCmdStatus  stm32f4xx_dma.o
    0x080003da   0x080003da   0x00000002   PAD
    0x080003dc   0x080003dc   0x00000054   Code   RO         2686    i.DMA_Init          stm32f4xx_dma.o
    0x08000430   0x08000430   0x00000002   Code   RO          493    i.DebugMon_Handler  stm32f4xx_it.o
    0x08000432   0x08000432   0x00000002   PAD
    0x08000434   0x08000434   0x00000014   Code   RO          151    i.Delay             main.o
    0x08000448   0x08000448   0x00000090   Code   RO          152    i.Depacket_Data     main.o
    0x080004d8   0x080004d8   0x00000036   Code   RO          153    i.Dequeue           main.o
    0x0800050e   0x0800050e   0x00000002   PAD
    0x08000510   0x08000510   0x00000074   Code   RO          416    i.ETH_BSP_Config    stm32f4x7_eth_bsp.o
    0x08000584   0x08000584   0x00000070   Code   RO         4088    i.ETH_CheckFrameReceived  stm32f4x7_eth.o
    0x080005f4   0x080005f4   0x0000001c   Code   RO         4092    i.ETH_DMAReceptionCmd  stm32f4x7_eth.o
    0x08000610   0x08000610   0x00000058   Code   RO         4093    i.ETH_DMARxDescChainInit  stm32f4x7_eth.o
    0x08000668   0x08000668   0x0000001c   Code   RO         4095    i.ETH_DMATransmissionCmd  stm32f4x7_eth.o
    0x08000684   0x08000684   0x00000048   Code   RO         4098    i.ETH_DMATxDescChainInit  stm32f4x7_eth.o
    0x080006cc   0x080006cc   0x00000008   Code   RO         4099    i.ETH_DMATxDescChecksumInsertionConfig  stm32f4x7_eth.o
    0x080006d4   0x080006d4   0x00000018   Code   RO         4104    i.ETH_DeInit        stm32f4x7_eth.o
    0x080006ec   0x080006ec   0x00000020   Code   RO         4106    i.ETH_FlushTransmitFIFO  stm32f4x7_eth.o
    0x0800070c   0x0800070c   0x000000c4   Code   RO          417    i.ETH_GPIO_Config   stm32f4x7_eth_bsp.o
    0x080007d0   0x080007d0   0x00000014   Code   RO         4132    i.ETH_GetSoftwareResetStatus  stm32f4x7_eth.o
    0x080007e4   0x080007e4   0x00000024   Code   RO         4134    i.ETH_Get_Received_Frame  stm32f4x7_eth.o
    0x08000808   0x08000808   0x0000029c   Code   RO         4137    i.ETH_Init          stm32f4x7_eth.o
    0x08000aa4   0x08000aa4   0x0000001c   Code   RO         4139    i.ETH_MACAddressConfig  stm32f4x7_eth.o
    0x08000ac0   0x08000ac0   0x00000084   Code   RO          418    i.ETH_MACDMA_Config  stm32f4x7_eth_bsp.o
    0x08000b44   0x08000b44   0x00000030   Code   RO         4144    i.ETH_MACReceptionCmd  stm32f4x7_eth.o
    0x08000b74   0x08000b74   0x00000030   Code   RO         4145    i.ETH_MACTransmissionCmd  stm32f4x7_eth.o
    0x08000ba4   0x08000ba4   0x000000b0   Code   RO         4156    i.ETH_Prepare_Transmit_Descriptors  stm32f4x7_eth.o
    0x08000c54   0x08000c54   0x00000058   Code   RO         4157    i.ETH_ReadPHYRegister  stm32f4x7_eth.o
    0x08000cac   0x08000cac   0x00000010   Code   RO         4165    i.ETH_SoftwareReset  stm32f4x7_eth.o
    0x08000cbc   0x08000cbc   0x00000022   Code   RO         4166    i.ETH_Start         stm32f4x7_eth.o
    0x08000cde   0x08000cde   0x00000022   Code   RO         4167    i.ETH_Stop          stm32f4x7_eth.o
    0x08000d00   0x08000d00   0x00000088   Code   RO         4168    i.ETH_StructInit    stm32f4x7_eth.o
    0x08000d88   0x08000d88   0x00000054   Code   RO         4170    i.ETH_WritePHYRegister  stm32f4x7_eth.o
    0x08000ddc   0x08000ddc   0x000000cc   Code   RO          419    i.ETH_link_callback  stm32f4x7_eth_bsp.o
    0x08000ea8   0x08000ea8   0x00000044   Code   RO          494    i.EXTI15_10_IRQHandler  stm32f4xx_it.o
    0x08000eec   0x08000eec   0x0000000c   Code   RO         2820    i.EXTI_ClearITPendingBit  stm32f4xx_exti.o
    0x08000ef8   0x08000ef8   0x00000020   Code   RO         2824    i.EXTI_GetITStatus  stm32f4xx_exti.o
    0x08000f18   0x08000f18   0x00000070   Code   RO         2825    i.EXTI_Init         stm32f4xx_exti.o
    0x08000f88   0x08000f88   0x00000018   Code   RO          154    i.EmptyQueue        main.o
    0x08000fa0   0x08000fa0   0x00000034   Code   RO          155    i.Enqueue           main.o
    0x08000fd4   0x08000fd4   0x00000068   Code   RO          420    i.Eth_Link_EXTIConfig  stm32f4x7_eth_bsp.o
    0x0800103c   0x0800103c   0x00000040   Code   RO          421    i.Eth_Link_ITHandler  stm32f4x7_eth_bsp.o
    0x0800107c   0x0800107c   0x00000036   Code   RO          422    i.Eth_Link_PHYITConfig  stm32f4x7_eth_bsp.o
    0x080010b2   0x080010b2   0x00000024   Code   RO          156    i.FullQueue         main.o
    0x080010d6   0x080010d6   0x000000a2   Code   RO         3216    i.GPIO_Init         stm32f4xx_gpio.o
    0x08001178   0x08001178   0x00000020   Code   RO         3217    i.GPIO_PinAFConfig  stm32f4xx_gpio.o
    0x08001198   0x08001198   0x00000004   Code   RO         3223    i.GPIO_ResetBits    stm32f4xx_gpio.o
    0x0800119c   0x0800119c   0x00000004   Code   RO         3224    i.GPIO_SetBits      stm32f4xx_gpio.o
    0x080011a0   0x080011a0   0x00000002   Code   RO          495    i.HardFault_Handler  stm32f4xx_it.o
    0x080011a2   0x080011a2   0x00000002   PAD
    0x080011a4   0x080011a4   0x0000004c   Code   RO         4067    i.LED_GPIO_Config   led.o
    0x080011f0   0x080011f0   0x00000080   Code   RO          334    i.LwIP_Init         netconf.o
    0x08001270   0x08001270   0x0000000c   Code   RO          336    i.LwIP_Pkt_Handle   netconf.o
    0x0800127c   0x0800127c   0x00000002   Code   RO          496    i.MemManage_Handler  stm32f4xx_it.o
    0x0800127e   0x0800127e   0x00000002   PAD
    0x08001280   0x08001280   0x00000074   Code   RO         2691    i.MyDMA_Config      stm32f4xx_dma.o
    0x080012f4   0x080012f4   0x00000024   Code   RO         2692    i.MyDMA_Enable      stm32f4xx_dma.o
    0x08001318   0x08001318   0x00000002   Code   RO          497    i.NMI_Handler       stm32f4xx_it.o
    0x0800131a   0x0800131a   0x00000002   PAD
    0x0800131c   0x0800131c   0x00000064   Code   RO         2386    i.NVIC_Init         misc.o
    0x08001380   0x08001380   0x00000014   Code   RO         2387    i.NVIC_PriorityGroupConfig  misc.o
    0x08001394   0x08001394   0x00000020   Code   RO          423    i.NVIC_SetPriority  stm32f4x7_eth_bsp.o
    0x080013b4   0x080013b4   0x00000010   Code   RO          337    i.New_LwIP_Pkt_Handle  netconf.o
    0x080013c4   0x080013c4   0x00000028   Code   RO         2693    i.Packet_Data       stm32f4xx_dma.o
    0x080013ec   0x080013ec   0x00000018   Code   RO         3313    i.RCC_AHB1PeriphClockCmd  stm32f4xx_rcc.o
    0x08001404   0x08001404   0x00000018   Code   RO         3315    i.RCC_AHB1PeriphResetCmd  stm32f4xx_rcc.o
    0x0800141c   0x0800141c   0x00000018   Code   RO         3322    i.RCC_APB1PeriphClockCmd  stm32f4xx_rcc.o
    0x08001434   0x08001434   0x00000018   Code   RO         3325    i.RCC_APB2PeriphClockCmd  stm32f4xx_rcc.o
    0x0800144c   0x0800144c   0x00000094   Code   RO         3334    i.RCC_GetClocksFreq  stm32f4xx_rcc.o
    0x080014e0   0x080014e0   0x0000000c   Code   RO         3795    i.SYSCFG_ETH_MediaInterfaceConfig  stm32f4xx_syscfg.o
    0x080014ec   0x080014ec   0x00000030   Code   RO         3796    i.SYSCFG_EXTILineConfig  stm32f4xx_syscfg.o
    0x0800151c   0x0800151c   0x000000cc   Code   RO            3    i.SetSysClock       system_stm32f4xx.o
    0x080015e8   0x080015e8   0x00000018   Code   RO         2390    i.SysTick_CLKSourceConfig  misc.o
    0x08001600   0x08001600   0x00000004   Code   RO          498    i.SysTick_Handler   stm32f4xx_it.o
    0x08001604   0x08001604   0x0000005c   Code   RO            5    i.SystemInit        system_stm32f4xx.o
    0x08001660   0x08001660   0x00000038   Code   RO          157    i.Task_RecvData     main.o
    0x08001698   0x08001698   0x00000010   Code   RO          159    i.Time_Update       main.o
    0x080016a8   0x080016a8   0x000000d8   Code   RO         2178    i.USART1_Init       stm32f4xx_usart.o
    0x08001780   0x08001780   0x0000005c   Code   RO          160    i.USART2_IRQHandler  main.o
    0x080017dc   0x080017dc   0x000000d8   Code   RO         2180    i.USART2_Init       stm32f4xx_usart.o
    0x080018b4   0x080018b4   0x0000000c   Code   RO         2183    i.USART_ClearITPendingBit  stm32f4xx_usart.o
    0x080018c0   0x080018c0   0x0000001c   Code   RO         2184    i.USART_ClockInit   stm32f4xx_usart.o
    0x080018dc   0x080018dc   0x0000000c   Code   RO         2185    i.USART_ClockStructInit  stm32f4xx_usart.o
    0x080018e8   0x080018e8   0x00000014   Code   RO         2186    i.USART_Cmd         stm32f4xx_usart.o
    0x080018fc   0x080018fc   0x00000010   Code   RO         2187    i.USART_DMACmd      stm32f4xx_usart.o
    0x0800190c   0x0800190c   0x0000003e   Code   RO         2190    i.USART_GetITStatus  stm32f4xx_usart.o
    0x0800194a   0x0800194a   0x00000030   Code   RO         2192    i.USART_ITConfig    stm32f4xx_usart.o
    0x0800197a   0x0800197a   0x00000002   PAD
    0x0800197c   0x0800197c   0x000000ac   Code   RO         2193    i.USART_Init        stm32f4xx_usart.o
    0x08001a28   0x08001a28   0x00000008   Code   RO         2200    i.USART_ReceiveData  stm32f4xx_usart.o
    0x08001a30   0x08001a30   0x00000002   Code   RO          499    i.UsageFault_Handler  stm32f4xx_it.o
    0x08001a32   0x08001a32   0x00000002   PAD
    0x08001a34   0x08001a34   0x00000028   Code   RO         4736    i.__0sprintf$1      mc_w.l(printf1.o)
    0x08001a5c   0x08001a5c   0x0000000e   Code   RO         4996    i.__scatterload_copy  mc_w.l(handlers.o)
    0x08001a6a   0x08001a6a   0x00000002   Code   RO         4997    i.__scatterload_null  mc_w.l(handlers.o)
    0x08001a6c   0x08001a6c   0x0000000e   Code   RO         4998    i.__scatterload_zeroinit  mc_w.l(handlers.o)
    0x08001a7a   0x08001a7a   0x00000002   PAD
    0x08001a7c   0x08001a7c   0x00000154   Code   RO         4741    i._printf_core      mc_w.l(printf1.o)
    0x08001bd0   0x08001bd0   0x0000000a   Code   RO         4743    i._sputc            mc_w.l(printf1.o)
    0x08001bda   0x08001bda   0x0000001e   Code   RO          683    i.dhcp_arp_reply    dhcp.o
    0x08001bf8   0x08001bf8   0x00000124   Code   RO          688    i.dhcp_create_msg   dhcp.o
    0x08001d1c   0x08001d1c   0x00000078   Code   RO          689    i.dhcp_decline      dhcp.o
    0x08001d94   0x08001d94   0x00000016   Code   RO          690    i.dhcp_delete_msg   dhcp.o
    0x08001daa   0x08001daa   0x00000002   PAD
    0x08001dac   0x08001dac   0x000000bc   Code   RO          691    i.dhcp_discover     dhcp.o
    0x08001e68   0x08001e68   0x00000046   Code   RO          695    i.dhcp_network_changed  dhcp.o
    0x08001eae   0x08001eae   0x00000020   Code   RO          696    i.dhcp_option       dhcp.o
    0x08001ece   0x08001ece   0x00000010   Code   RO          697    i.dhcp_option_byte  dhcp.o
    0x08001ede   0x08001ede   0x00000042   Code   RO          698    i.dhcp_option_long  dhcp.o
    0x08001f20   0x08001f20   0x00000022   Code   RO          699    i.dhcp_option_short  dhcp.o
    0x08001f42   0x08001f42   0x0000002c   Code   RO          700    i.dhcp_option_trailer  dhcp.o
    0x08001f6e   0x08001f6e   0x00000002   PAD
    0x08001f70   0x08001f70   0x000000a0   Code   RO          703    i.dhcp_reboot       dhcp.o
    0x08002010   0x08002010   0x00000010   Code   RO          708    i.dhcp_set_state    dhcp.o
    0x08002020   0x08002020   0x000000ce   Code   RO         1985    i.etharp_arp_input  etharp.o
    0x080020ee   0x080020ee   0x00000002   PAD
    0x080020f0   0x080020f0   0x00000030   Code   RO         1986    i.etharp_cleanup_netif  etharp.o
    0x08002120   0x08002120   0x000000dc   Code   RO         1988    i.etharp_find_entry  etharp.o
    0x080021fc   0x080021fc   0x00000024   Code   RO         1989    i.etharp_free_entry  etharp.o
    0x08002220   0x08002220   0x00000104   Code   RO         1990    i.etharp_output     etharp.o
    0x08002324   0x08002324   0x00000044   Code   RO         1991    i.etharp_output_to_arp_index  etharp.o
    0x08002368   0x08002368   0x000000ec   Code   RO         1992    i.etharp_query      etharp.o
    0x08002454   0x08002454   0x000000a0   Code   RO         1993    i.etharp_raw        etharp.o
    0x080024f4   0x080024f4   0x00000024   Code   RO         1994    i.etharp_request    etharp.o
    0x08002518   0x08002518   0x00000020   Code   RO         1995    i.etharp_send_ip    etharp.o
    0x08002538   0x08002538   0x0000007c   Code   RO         1997    i.etharp_update_arp_entry  etharp.o
    0x080025b4   0x080025b4   0x00000090   Code   RO         1998    i.ethernet_input    etharp.o
    0x08002644   0x08002644   0x00000028   Code   RO         2094    i.ethernetif_init   ethernetif.o
    0x0800266c   0x0800266c   0x00000026   Code   RO         2095    i.ethernetif_input  ethernetif.o
    0x08002692   0x08002692   0x00000008   Code   RO         1748    i.icmp_dest_unreach  icmp.o
    0x0800269a   0x0800269a   0x00000002   PAD
    0x0800269c   0x0800269c   0x000000fc   Code   RO         1749    i.icmp_input        icmp.o
    0x08002798   0x08002798   0x00000064   Code   RO         1750    i.icmp_send_response  icmp.o
    0x080027fc   0x080027fc   0x00000008   Code   RO         1751    i.icmp_time_exceeded  icmp.o
    0x08002804   0x08002804   0x0000000c   Code   RO         1796    i.inet_chksum       inet_chksum.o
    0x08002810   0x08002810   0x00000048   Code   RO         1797    i.inet_chksum_pbuf  inet_chksum.o
    0x08002858   0x08002858   0x0000002e   Code   RO         1873    i.ip4_addr_isbroadcast  ip_addr.o
    0x08002886   0x08002886   0x00000002   PAD
    0x08002888   0x08002888   0x00000164   Code   RO         1927    i.ip_frag           ip_frag.o
    0x080029ec   0x080029ec   0x00000008   Code   RO         1928    i.ip_frag_free_pbuf_custom_ref  ip_frag.o
    0x080029f4   0x080029f4   0x0000017c   Code   RO         1834    i.ip_input          ip.o
    0x08002b70   0x08002b70   0x00000034   Code   RO         1835    i.ip_output         ip.o
    0x08002ba4   0x08002ba4   0x000000a8   Code   RO         1836    i.ip_output_if      ip.o
    0x08002c4c   0x08002c4c   0x0000018c   Code   RO         1929    i.ip_reass          ip_frag.o
    0x08002dd8   0x08002dd8   0x000000e8   Code   RO         1930    i.ip_reass_chain_frag_into_datagram_and_validate  ip_frag.o
    0x08002ec0   0x08002ec0   0x00000024   Code   RO         1931    i.ip_reass_dequeue_datagram  ip_frag.o
    0x08002ee4   0x08002ee4   0x00000070   Code   RO         1932    i.ip_reass_free_complete_datagram  ip_frag.o
    0x08002f54   0x08002f54   0x0000006c   Code   RO         1933    i.ip_reass_remove_oldest_datagram  ip_frag.o
    0x08002fc0   0x08002fc0   0x00000040   Code   RO         1837    i.ip_route          ip.o
    0x08003000   0x08003000   0x00000016   Code   RO         1935    i.ipfrag_free_pbuf_custom  ip_frag.o
    0x08003016   0x08003016   0x00000002   PAD
    0x08003018   0x08003018   0x00000080   Code   RO         2096    i.low_level_init    ethernetif.o
    0x08003098   0x08003098   0x000000b0   Code   RO         2097    i.low_level_input   ethernetif.o
    0x08003148   0x08003148   0x00000144   Code   RO         2098    i.low_level_output  ethernetif.o
    0x0800328c   0x0800328c   0x00000004   Code   RO         2134    i.lwip_htonl        def.o
    0x08003290   0x08003290   0x00000004   Code   RO         2135    i.lwip_htons        def.o
    0x08003294   0x08003294   0x00000004   Code   RO         2136    i.lwip_ntohl        def.o
    0x08003298   0x08003298   0x00000004   Code   RO         2137    i.lwip_ntohs        def.o
    0x0800329c   0x0800329c   0x00000058   Code   RO         1800    i.lwip_standard_chksum  inet_chksum.o
    0x080032f4   0x080032f4   0x00000080   Code   RO          161    i.main              main.o
    0x08003374   0x08003374   0x0000002c   Code   RO         1023    i.mem_free          mem.o
    0x080033a0   0x080033a0   0x00000034   Code   RO         1024    i.mem_init          mem.o
    0x080033d4   0x080033d4   0x000000a8   Code   RO         1025    i.mem_malloc        mem.o
    0x0800347c   0x0800347c   0x000000cc   Code   RO         1026    i.mem_trim          mem.o
    0x08003548   0x08003548   0x00000018   Code   RO         1067    i.memp_free         memp.o
    0x08003560   0x08003560   0x00000058   Code   RO         1068    i.memp_init         memp.o
    0x080035b8   0x080035b8   0x00000020   Code   RO         1069    i.memp_malloc       memp.o
    0x080035d8   0x080035d8   0x0000004c   Code   RO         1109    i.netif_add         netif.o
    0x08003624   0x08003624   0x00000020   Code   RO         1113    i.netif_set_addr    netif.o
    0x08003644   0x08003644   0x0000000c   Code   RO         1114    i.netif_set_default  netif.o
    0x08003650   0x08003650   0x0000001a   Code   RO         1115    i.netif_set_down    netif.o
    0x0800366a   0x0800366a   0x00000008   Code   RO         1116    i.netif_set_gw      netif.o
    0x08003672   0x08003672   0x00000002   PAD
    0x08003674   0x08003674   0x00000068   Code   RO         1117    i.netif_set_ipaddr  netif.o
    0x080036dc   0x080036dc   0x00000008   Code   RO         1118    i.netif_set_link_callback  netif.o
    0x080036e4   0x080036e4   0x0000001a   Code   RO         1119    i.netif_set_link_down  netif.o
    0x080036fe   0x080036fe   0x00000042   Code   RO         1120    i.netif_set_link_up  netif.o
    0x08003740   0x08003740   0x00000008   Code   RO         1121    i.netif_set_netmask  netif.o
    0x08003748   0x08003748   0x00000020   Code   RO         1122    i.netif_set_up      netif.o
    0x08003768   0x08003768   0x00000118   Code   RO         1205    i.pbuf_alloc        pbuf.o
    0x08003880   0x08003880   0x00000054   Code   RO         1206    i.pbuf_alloced_custom  pbuf.o
    0x080038d4   0x080038d4   0x00000028   Code   RO         1207    i.pbuf_cat          pbuf.o
    0x080038fc   0x080038fc   0x00000012   Code   RO         1208    i.pbuf_chain        pbuf.o
    0x0800390e   0x0800390e   0x00000012   Code   RO         1209    i.pbuf_clen         pbuf.o
    0x08003920   0x08003920   0x0000009a   Code   RO         1211    i.pbuf_copy         pbuf.o
    0x080039ba   0x080039ba   0x00000050   Code   RO         1214    i.pbuf_free         pbuf.o
    0x08003a0a   0x08003a0a   0x00000060   Code   RO         1216    i.pbuf_header       pbuf.o
    0x08003a6a   0x08003a6a   0x0000004e   Code   RO         1219    i.pbuf_realloc      pbuf.o
    0x08003ab8   0x08003ab8   0x0000000c   Code   RO         1220    i.pbuf_ref          pbuf.o
    0x08003ac4   0x08003ac4   0x0000004e   Code   RO         1222    i.pbuf_take         pbuf.o
    0x08003b12   0x08003b12   0x00000002   PAD
    0x08003b14   0x08003b14   0x00000054   Code   RO         1027    i.plug_holes        mem.o
    0x08003b68   0x08003b68   0x00000074   Code   RO         1320    i.raw_input         raw.o
    0x08003bdc   0x08003bdc   0x0000008c   Code   RO         1386    i.tcp_abandon       tcp.o
    0x08003c68   0x08003c68   0x00000006   Code   RO         1387    i.tcp_abort         tcp.o
    0x08003c6e   0x08003c6e   0x00000002   PAD
    0x08003c70   0x08003c70   0x000000f8   Code   RO         1390    i.tcp_alloc         tcp.o
    0x08003d68   0x08003d68   0x00000014   Code   RO         1393    i.tcp_close         tcp.o
    0x08003d7c   0x08003d7c   0x00000128   Code   RO         1394    i.tcp_close_shutdown  tcp.o
    0x08003ea4   0x08003ea4   0x0000009a   Code   RO         1650    i.tcp_create_segment  tcp_out.o
    0x08003f3e   0x08003f3e   0x00000020   Code   RO         1397    i.tcp_eff_send_mss  tcp.o
    0x08003f5e   0x08003f5e   0x000000a6   Code   RO         1651    i.tcp_enqueue_flags  tcp_out.o
    0x08004004   0x08004004   0x00000314   Code   RO         1602    i.tcp_input         tcp_in.o
    0x08004318   0x08004318   0x000000e4   Code   RO         1603    i.tcp_listen_input  tcp_in.o
    0x080043fc   0x080043fc   0x00000010   Code   RO         1404    i.tcp_next_iss      tcp.o
    0x0800440c   0x0800440c   0x0000018c   Code   RO         1653    i.tcp_output        tcp_out.o
    0x08004598   0x08004598   0x0000006a   Code   RO         1654    i.tcp_output_alloc_header  tcp_out.o
    0x08004602   0x08004602   0x00000002   PAD
    0x08004604   0x08004604   0x000000b0   Code   RO         1655    i.tcp_output_segment  tcp_out.o
    0x080046b4   0x080046b4   0x00000080   Code   RO         1604    i.tcp_parseopt      tcp_in.o
    0x08004734   0x08004734   0x0000003a   Code   RO         1405    i.tcp_pcb_purge     tcp.o
    0x0800476e   0x0800476e   0x00000002   PAD
    0x08004770   0x08004770   0x00000058   Code   RO         1406    i.tcp_pcb_remove    tcp.o
    0x080047c8   0x080047c8   0x00000334   Code   RO         1605    i.tcp_process       tcp_in.o
    0x08004afc   0x08004afc   0x00000066   Code   RO         1408    i.tcp_process_refused_data  tcp.o
    0x08004b62   0x08004b62   0x00000002   PAD
    0x08004b64   0x08004b64   0x00000412   Code   RO         1606    i.tcp_receive       tcp_in.o
    0x08004f76   0x08004f76   0x00000024   Code   RO         1410    i.tcp_recv_null     tcp.o
    0x08004f9a   0x08004f9a   0x00000038   Code   RO         1411    i.tcp_recved        tcp.o
    0x08004fd2   0x08004fd2   0x00000052   Code   RO         1657    i.tcp_rexmit        tcp_out.o
    0x08005024   0x08005024   0x00000058   Code   RO         1658    i.tcp_rexmit_fast   tcp_out.o
    0x0800507c   0x0800507c   0x00000076   Code   RO         1660    i.tcp_rst           tcp_out.o
    0x080050f2   0x080050f2   0x0000001c   Code   RO         1412    i.tcp_seg_free      tcp.o
    0x0800510e   0x0800510e   0x00000012   Code   RO         1413    i.tcp_segs_free     tcp.o
    0x08005120   0x08005120   0x00000048   Code   RO         1661    i.tcp_send_empty_ack  tcp_out.o
    0x08005168   0x08005168   0x00000044   Code   RO         1662    i.tcp_send_fin      tcp_out.o
    0x080051ac   0x080051ac   0x00000002   Code   RO         2164    i.tcp_timer_needed  timers.o
    0x080051ae   0x080051ae   0x00000002   PAD
    0x080051b0   0x080051b0   0x0000006c   Code   RO         1607    i.tcp_timewait_input  tcp_in.o
    0x0800521c   0x0800521c   0x00000034   Code   RO         1419    i.tcp_update_rcv_ann_wnd  tcp.o
    0x08005250   0x08005250   0x00000098   Code   RO          871    i.udp_bind          udp.o
    0x080052e8   0x080052e8   0x00000050   Code   RO          872    i.udp_connect       udp.o
    0x08005338   0x08005338   0x0000009c   Code   RO          572    i.udp_echoclient_connect  udp_echoclient.o
    0x080053d4   0x080053d4   0x00000178   Code   RO          875    i.udp_input         udp.o
    0x0800554c   0x0800554c   0x0000001a   Code   RO          876    i.udp_new           udp.o
    0x08005566   0x08005566   0x00000002   PAD
    0x08005568   0x08005568   0x00000048   Code   RO          573    i.udp_receive_callback  udp_echoclient.o
    0x080055b0   0x080055b0   0x00000006   Code   RO          877    i.udp_recv          udp.o
    0x080055b6   0x080055b6   0x00000002   PAD
    0x080055b8   0x080055b8   0x0000002c   Code   RO          878    i.udp_remove        udp.o
    0x080055e4   0x080055e4   0x00000008   Code   RO          879    i.udp_send          udp.o
    0x080055ec   0x080055ec   0x00000028   Code   RO          880    i.udp_sendto        udp.o
    0x08005614   0x08005614   0x000000b6   Code   RO          881    i.udp_sendto_if     udp.o
    0x080056ca   0x080056ca   0x00000024   Data   RO         1071    .constdata          memp.o
    0x080056ee   0x080056ee   0x00000002   PAD
    0x080056f0   0x080056f0   0x00000004   Data   RO         1881    .constdata          ip_addr.o
    0x080056f4   0x080056f4   0x0000000c   Data   RO         2001    .constdata          etharp.o
    0x08005700   0x08005700   0x00000020   Data   RO         4994    Region$$Table       anon$$obj.o


    Execution Region RW_IRAM1 (Exec base: 0x20000000, Load base: 0x08005720, Size: 0x0000c468, Max: 0x00020000, ABSOLUTE)

    Exec Addr    Load Addr    Size         Type   Attr      Idx    E Section Name        Object

    0x20000000   0x08005720   0x00000014   Data   RW          165    .data               main.o
    0x20000014   0x08005734   0x00000008   Data   RW          425    .data               stm32f4x7_eth_bsp.o
    0x2000001c   0x0800573c   0x00000004   Data   RW          575    .data               udp_echoclient.o
    0x20000020   0x08005740   0x00000004   Data   RW          714    .data               dhcp.o
    0x20000024   0x08005744   0x00000008   Data   RW          882    .data               udp.o
    0x2000002c   0x0800574c   0x0000000c   Data   RW         1029    .data               mem.o
    0x20000038   0x08005758   0x0000000c   Data   RW         1123    .data               netif.o
    0x20000044   0x08005764   0x00000004   Data   RW         1326    .data               raw.o
    0x20000048   0x08005768   0x00000024   Data   RW         1422    .data               tcp.o
    0x2000006c   0x0800578c   0x0000001c   Data   RW         1609    .data               tcp_in.o
    0x20000088   0x080057a8   0x00000014   Data   RW         1838    .data               ip.o
    0x2000009c   0x080057bc   0x00000008   Data   RW         1936    .data               ip_frag.o
    0x200000a4   0x080057c4   0x00000001   Data   RW         2002    .data               etharp.o
    0x200000a5   0x080057c5   0x00000010   Data   RW         3358    .data               stm32f4xx_rcc.o
    0x200000b5   0x080057d5   0x00000003   PAD
    0x200000b8   0x080057d8   0x0000000c   Data   RW         4176    .data               stm32f4x7_eth.o
    0x200000c4        -       0x00000e10   Zero   RW          162    .bss                main.o
    0x20000ed4        -       0x00001d52   Zero   RW          164    .bss                main.o
    0x20002c26   0x080057e4   0x00000002   PAD
    0x20002c28        -       0x00000038   Zero   RW          338    .bss                netconf.o
    0x20002c60        -       0x000000bc   Zero   RW          424    .bss                stm32f4x7_eth_bsp.o
    0x20002d1c        -       0x00000064   Zero   RW          574    .bss                udp_echoclient.o
    0x20002d80        -       0x00002814   Zero   RW         1028    .bss                mem.o
    0x20005594        -       0x0000391f   Zero   RW         1070    .bss                memp.o
    0x20008eb3   0x080057e4   0x00000001   PAD
    0x20008eb4        -       0x00000010   Zero   RW         1608    .bss                tcp_in.o
    0x20008ec4        -       0x000000f8   Zero   RW         2000    .bss                etharp.o
    0x20008fbc        -       0x00000080   Zero   RW         4171    .bss                stm32f4x7_eth.o
    0x2000903c        -       0x00000080   Zero   RW         4172    .bss                stm32f4x7_eth.o
    0x200090bc        -       0x000017d0   Zero   RW         4173    .bss                stm32f4x7_eth.o
    0x2000a88c        -       0x000017d0   Zero   RW         4174    .bss                stm32f4x7_eth.o
    0x2000c05c        -       0x0000000c   Zero   RW         4175    .bss                stm32f4x7_eth.o
    0x2000c068        -       0x00000400   Zero   RW          141    STACK               startup_stm32f4xx.o


==============================================================================

Image component sizes


      Code (inc. data)   RO Data    RW Data    ZI Data      Debug   Object Name

        16          0          0          0          0       2924   def.o
      1090         24          0          4          0      11352   dhcp.o
      1570         58         12          1        248      15124   etharp.o
       706         94          0          0          0       6154   ethernetif.o
       368         10          0          0          0       3994   icmp.o
         0          0          0          0          0       3932   inet.o
       172          0          0          0          0       3133   inet_chksum.o
         0          0          0          0          0       5239   init.o
       664         22          0         20          0       8201   ip.o
        46          0          4          0          0       7682   ip_addr.o
      1270         26          0          8          0       9753   ip_frag.o
        76          6          0          0          0        554   led.o
       640         70          0         20      11106      53672   main.o
       552         30          0         12      10260       5633   mem.o
       144         20         36          0      14623       4486   memp.o
       144         14          0          0          0       2513   misc.o
       156         38          0          0         56      18104   netconf.o
       398         18          0         12          0      10678   netif.o
       938          0          0          0          0      10683   pbuf.o
       116         12          0          4          0       1868   raw.o
        36          8        392          0       1024        832   startup_stm32f4xx.o
      1808        152          0         12      12460      17237   stm32f4x7_eth.o
       902         74          0          8        188      34658   stm32f4x7_eth_bsp.o
       602         28          0          0          0       7186   stm32f4xx_dma.o
       156         14          0          0          0       2636   stm32f4xx_exti.o
       202          0          0          0          0       3419   stm32f4xx_gpio.o
        84          6          0          0          0       3994   stm32f4xx_it.o
       244         40          0         16          0       5936   stm32f4xx_rcc.o
        60         10          0          0          0       1458   stm32f4xx_syscfg.o
       810         24          0          0          0       9699   stm32f4xx_usart.o
       296         40          0          0          0     260421   system_stm32f4xx.o
      1196         40          0         36          0      22828   tcp.o
      3114        126          0         28         16      17435   tcp_in.o
      1426         10          0          0          0      10242   tcp_out.o
         2          0          0          0          0        571   timers.o
       914         26          0          8          0      18529   udp.o
       228         58          0          4        100       2225   udp_echoclient.o

    ----------------------------------------------------------------------
     21192       1098        478        196      50084     604985   Object Totals
         0          0         32          0          0          0   (incl. Generated)
        46          0          2          3          3          0   (incl. Padding)

    ----------------------------------------------------------------------

      Code (inc. data)   RO Data    RW Data    ZI Data      Debug   Library Member Name

         0          0          0          0          0          0   entry.o
         0          0          0          0          0          0   entry10a.o
         0          0          0          0          0          0   entry11a.o
         8          4          0          0          0          0   entry2.o
         4          0          0          0          0          0   entry5.o
         0          0          0          0          0          0   entry7b.o
         0          0          0          0          0          0   entry8b.o
         8          4          0          0          0          0   entry9a.o
        30          0          0          0          0          0   handlers.o
        36          8          0          0          0         68   init.o
        26          0          0          0          0         80   memcmp.o
        36          0          0          0          0         68   memcpya.o
        36          0          0          0          0        108   memseta.o
       390         10          0          0          0        252   printf1.o
        14          0          0          0          0         68   strlen.o
        44          0          0          0          0         80   uidiv.o

    ----------------------------------------------------------------------
       634         26          0          0          0        724   Library Totals
         2          0          0          0          0          0   (incl. Padding)

    ----------------------------------------------------------------------

      Code (inc. data)   RO Data    RW Data    ZI Data      Debug   Library Name

       632         26          0          0          0        724   mc_w.l

    ----------------------------------------------------------------------
       634         26          0          0          0        724   Library Totals

    ----------------------------------------------------------------------

==============================================================================


      Code (inc. data)   RO Data    RW Data    ZI Data      Debug   

     21826       1124        478        196      50084     584653   Grand Totals
     21826       1124        478        196      50084     584653   ELF Image Totals
     21826       1124        478        196          0          0   ROM Totals

==============================================================================

    Total RO  Size (Code + RO Data)                22304 (  21.78kB)
    Total RW  Size (RW Data + ZI Data)             50280 (  49.10kB)
    Total ROM Size (Code + RO Data + RW Data)      22500 (  21.97kB)

==============================================================================

