<html>
<body>
<pre>
<h1>礦ision Build Log</h1>
<h2>Tool Versions:</h2>
IDE-Version: μVision V5.24.2.0
Copyright (C) 2017 ARM Ltd and ARM Germany GmbH. All rights reserved.
License Information: a 904974006@qq.com, a, LIC=76F30-BUQD6-WEKH7-E76HZ-LY2SE-Z2VHV
 
Tool Versions:
Toolchain:       MDK-ARM Plus  Version: 5.24.1
Toolchain Path:  D:\program\keilv5\ARM\ARMCC\Bin
C Compiler:      Armcc.exe V5.06 update 5 (build 528)
Assembler:       Armasm.exe V5.06 update 5 (build 528)
Linker/Locator:  ArmLink.exe V5.06 update 5 (build 528)
Library Manager: ArmAr.exe V5.06 update 5 (build 528)
Hex Converter:   FromElf.exe V5.06 update 5 (build 528)
CPU DLL:         SARMCM3.DLL V5.24.1
Dialog DLL:      DCM.DLL V1.16.0.0
Target DLL:      STLink\ST-LINKIII-KEIL_SWO.dll V3.0.1.0
Dialog DLL:      TCM.DLL V1.32.0.0
 
<h2>Project:</h2>
F:\单片机\stmf407\工程\STM32F4x7_ETH_LwIP_V1\Project\Standalone\udp_echo_client\MDK-ARM\Project.uvproj
Project File Date:  06/25/2018

<h2>Output:</h2>
*** Using Compiler 'V5.06 update 5 (build 528)', folder: 'D:\program\keilv5\ARM\ARMCC\Bin'
Rebuild target 'STM324xG_EVAL'
compiling system_stm32f4xx.c...
assembling startup_stm32f4xx.s...
compiling main.c...
compiling netconf.c...
..\src\netconf.c(237): warning:  #177-D: variable "iptab"  was declared but never referenced
    uint8_t iptab[4] = {0};
..\src\netconf.c(238): warning:  #177-D: variable "iptxt"  was declared but never referenced
    uint8_t iptxt[20];
..\src\netconf.c: 2 warnings, 0 errors
compiling stm32f4x7_eth_bsp.c...
compiling stm32f4xx_it.c...
compiling serial_debug.c...
compiling udp_echoclient.c...
compiling api_lib.c...
compiling api_msg.c...
compiling err.c...
compiling netbuf.c...
compiling netdb.c...
compiling netifapi.c...
compiling sockets.c...
compiling tcpip.c...
compiling dhcp.c...
compiling dns.c...
compiling udp.c...
compiling init.c...
compiling mem.c...
compiling memp.c...
compiling netif.c...
compiling pbuf.c...
compiling raw.c...
compiling stats.c...
compiling sys.c...
compiling tcp.c...
compiling tcp_in.c...
compiling tcp_out.c...
..\..\..\..\Utilities\Third_Party\lwip-1.4.1\src\core\tcp_out.c(845): warning:  #550-D: variable "tcphdr"  was set but never used
    struct tcp_hdr *tcphdr;
..\..\..\..\Utilities\Third_Party\lwip-1.4.1\src\core\tcp_out.c(1367): warning:  #550-D: variable "tcphdr"  was set but never used
    struct tcp_hdr *tcphdr;
..\..\..\..\Utilities\Third_Party\lwip-1.4.1\src\core\tcp_out.c: 2 warnings, 0 errors
compiling autoip.c...
compiling icmp.c...
compiling igmp.c...
compiling inet.c...
compiling inet_chksum.c...
compiling ip.c...
compiling ip_addr.c...
compiling ip_frag.c...
compiling etharp.c...
..\..\..\..\Utilities\Third_Party\lwip-1.4.1\src\netif\etharp.c(1067): warning:  #940-D: missing return statement at end of non-void function "checkforRT" 
  }
..\..\..\..\Utilities\Third_Party\lwip-1.4.1\src\netif\etharp.c: 1 warning, 0 errors
compiling ethernetif.c...
compiling def.c...
compiling timers.c...
compiling stm32f4xx_usart.c...
compiling misc.c...
compiling stm32f4xx_adc.c...
compiling stm32f4xx_dma.c...
compiling stm32f4xx_exti.c...
compiling stm32f4xx_flash.c...
compiling stm32f4xx_fsmc.c...
compiling stm32f4xx_gpio.c...
compiling stm32f4xx_rcc.c...
compiling stm32f4xx_sdio.c...
compiling stm32f4xx_syscfg.c...
compiling stm32f4xx_i2c.c...
compiling LED.C...
compiling stm32f4x7_eth.c...
compiling stm324xg_eval.c...
linking...
Program Size: Code=20678 RO-data=478 RW-data=224 ZI-data=48288  
".\STM324xG_EVAL\STM324xG_EVAL.axf" - 0 Error(s), 5 Warning(s).
Build Time Elapsed:  00:00:23
</pre>
</body>
</html>
